 ico

 Timestamp is 521d367d (Wed Aug 28 03:30:05 2013)

 Preferred load address is 0000000180000000

 Start         Length     Name                   Class
 0001:00000000 000000f0H .idata$5                CODE
 0001:000000f0 00000700H .rdata                  CODE
 0001:000007f0 00000072H .rdata$debug            CODE
 0001:00000870 000023f4H .text                   CODE
 0001:00002c70 0000005eH .text$00                CODE
 0001:00002cd0 000002f0H .xdata                  CODE
 0001:00002fc0 00000050H .idata$2                CODE
 0001:00003010 00000014H .idata$3                CODE
 0001:00003028 000000f0H .idata$4                CODE
 0001:00003118 00000200H .idata$6                CODE
 0001:00003320 00000091H .edata                  CODE
 0002:00000000 00000000H .data                   DATA
 0002:00000000 00000080H .bss                    DATA
 0003:00000000 00000264H .pdata                  DATA
 0004:00000000 00000058H .rsrc$01                DATA
 0004:00000060 00000258H .rsrc$02                DATA

  Address         Publics by Value              Rva+Base               Lib:Object

 0000:00000000       ___safe_se_handler_table   0000000000000000     <absolute>
 0000:00000000       ___safe_se_handler_count   0000000000000000     <absolute>
 0000:00000000       __ImageBase                0000000180000000     <linker-defined>
 0001:00000000       __imp_HeapFree             0000000180001000     kernel32:KERNEL32.dll
 0001:00000008       __imp_GetProcessHeap       0000000180001008     kernel32:KERNEL32.dll
 0001:00000010       __imp_HeapAlloc            0000000180001010     kernel32:KERNEL32.dll
 0001:00000018       __imp_HeapReAlloc          0000000180001018     kernel32:KERNEL32.dll
 0001:00000020       __imp_SystemTimeToFileTime 0000000180001020     kernel32:KERNEL32.dll
 0001:00000028       __imp_GetLocalTime         0000000180001028     kernel32:KERNEL32.dll
 0001:00000030       __imp_HeapCreate           0000000180001030     kernel32:KERNEL32.dll
 0001:00000038       __imp_HeapDestroy          0000000180001038     kernel32:KERNEL32.dll
 0001:00000040       __imp_HeapValidate         0000000180001040     kernel32:KERNEL32.dll
 0001:00000048       __imp_MultiByteToWideChar  0000000180001048     kernel32:KERNEL32.dll
 0001:00000050       __imp_lstrlenA             0000000180001050     kernel32:KERNEL32.dll
 0001:00000058       __imp_lstrlenW             0000000180001058     kernel32:KERNEL32.dll
 0001:00000060       \177KERNEL32_NULL_THUNK_DATA 0000000180001060     kernel32:KERNEL32.dll
 0001:00000068       __imp_wsprintfW            0000000180001068     user32:USER32.dll
 0001:00000070       \177USER32_NULL_THUNK_DATA 0000000180001070     user32:USER32.dll
 0001:00000078       __imp_GdipCloneImage       0000000180001078     gdiplus:gdiplus.dll
 0001:00000080       __imp_GdiplusStartup       0000000180001080     gdiplus:gdiplus.dll
 0001:00000088       __imp_GdipAlloc            0000000180001088     gdiplus:gdiplus.dll
 0001:00000090       __imp_GdipFree             0000000180001090     gdiplus:gdiplus.dll
 0001:00000098       __imp_GdipDisposeImage     0000000180001098     gdiplus:gdiplus.dll
 0001:000000a0       __imp_GdipGetImagePixelFormat 00000001800010a0     gdiplus:gdiplus.dll
 0001:000000a8       __imp_GdipCreateBitmapFromStream 00000001800010a8     gdiplus:gdiplus.dll
 0001:000000b0       __imp_GdipCreateBitmapFromStreamICM 00000001800010b0     gdiplus:gdiplus.dll
 0001:000000b8       __imp_GdipBitmapLockBits   00000001800010b8     gdiplus:gdiplus.dll
 0001:000000c0       __imp_GdipBitmapUnlockBits 00000001800010c0     gdiplus:gdiplus.dll
 0001:000000c8       __imp_GdiplusShutdown      00000001800010c8     gdiplus:gdiplus.dll
 0001:000000d0       \177gdiplus_NULL_THUNK_DATA 00000001800010d0     gdiplus:gdiplus.dll
 0001:000000d8       __imp_CoUninitialize       00000001800010d8     ole32:ole32.dll
 0001:000000e0       __imp_CoInitialize         00000001800010e0     ole32:ole32.dll
 0001:000000e8       \177ole32_NULL_THUNK_DATA  00000001800010e8     ole32:ole32.dll
 0001:00000110       ??_7Image@Gdiplus@@6B@     0000000180001110     ico.obj
 0001:00000120       ??_7Bitmap@Gdiplus@@6B@    0000000180001120     ico.obj
 0001:00000130       ??_7MStream@@6B@           0000000180001130     ico.obj
 0001:000001a0       ??_C@_1BA@HKGHICED@?$AAI?$AAC?$AAO?$AA?4?$AAD?$AAI?$AAB?$AA?$AA@ 00000001800011a0     ico.obj
 0001:000001b0       ??_C@_1BA@KIENHNBI@?$AAI?$AAC?$AAO?$AA?4?$AAP?$AAN?$AAG?$AA?$AA@ 00000001800011b0     ico.obj
 0001:000001c0       ??_C@_1DE@JEFKLGFF@?$AA?$CF?$AAi?$AA?5?$AAx?$AA?5?$AA?$CF?$AAi?$AA?5?$AAx?$AA?5?$AA?$CF?$AAi?$AAb?$AAp?$AAp?$AA?5?$AA?$FL?$AA?$CF?$AAi?$AA?$FN?$AA?5?$AA?$CF?$AAs?$AA?$CF?$AAs?$AA?$AA@ 00000001800011c0     ico.obj
 0001:000001f8       ??_C@_1O@PALLNO@?$AA?5?$AA?$FL?$AAP?$AAN?$AAG?$AA?$FN?$AA?$AA@ 00000001800011f8     ico.obj
 0001:00000208       ??_C@_17IILLPF@?$AAC?$AAU?$AAR?$AA?$AA@ 0000000180001208     ico.obj
 0001:00000210       ??_C@_11LOCGONAA@?$AA?$AA@ 0000000180001210     ico.obj
 0001:00000218       ??_C@_17OGLEMJPJ@?$AAI?$AAC?$AAO?$AA?$AA@ 0000000180001218     ico.obj
 0001:00000220       IID_IUnknown               0000000180001220     uuid:unknwn_i.obj
 0001:00000230       IID_AsyncIUnknown          0000000180001230     uuid:unknwn_i.obj
 0001:00000240       IID_IClassFactory          0000000180001240     uuid:unknwn_i.obj
 0001:00000250       IID_IMarshal               0000000180001250     uuid:objidl_i.obj
 0001:00000260       IID_IMarshal2              0000000180001260     uuid:objidl_i.obj
 0001:00000270       IID_IMalloc                0000000180001270     uuid:objidl_i.obj
 0001:00000280       IID_IMallocSpy             0000000180001280     uuid:objidl_i.obj
 0001:00000290       IID_IStdMarshalInfo        0000000180001290     uuid:objidl_i.obj
 0001:000002a0       IID_IExternalConnection    00000001800012a0     uuid:objidl_i.obj
 0001:000002b0       IID_IMultiQI               00000001800012b0     uuid:objidl_i.obj
 0001:000002c0       IID_AsyncIMultiQI          00000001800012c0     uuid:objidl_i.obj
 0001:000002d0       IID_IInternalUnknown       00000001800012d0     uuid:objidl_i.obj
 0001:000002e0       IID_IEnumUnknown           00000001800012e0     uuid:objidl_i.obj
 0001:000002f0       IID_IBindCtx               00000001800012f0     uuid:objidl_i.obj
 0001:00000300       IID_IEnumMoniker           0000000180001300     uuid:objidl_i.obj
 0001:00000310       IID_IRunnableObject        0000000180001310     uuid:objidl_i.obj
 0001:00000320       IID_IRunningObjectTable    0000000180001320     uuid:objidl_i.obj
 0001:00000330       IID_IPersist               0000000180001330     uuid:objidl_i.obj
 0001:00000340       IID_IPersistStream         0000000180001340     uuid:objidl_i.obj
 0001:00000350       IID_IMoniker               0000000180001350     uuid:objidl_i.obj
 0001:00000360       IID_IROTData               0000000180001360     uuid:objidl_i.obj
 0001:00000370       IID_IEnumString            0000000180001370     uuid:objidl_i.obj
 0001:00000380       IID_ISequentialStream      0000000180001380     uuid:objidl_i.obj
 0001:00000390       IID_IStream                0000000180001390     uuid:objidl_i.obj
 0001:000003a0       IID_IEnumSTATSTG           00000001800013a0     uuid:objidl_i.obj
 0001:000003b0       IID_IStorage               00000001800013b0     uuid:objidl_i.obj
 0001:000003c0       IID_IPersistFile           00000001800013c0     uuid:objidl_i.obj
 0001:000003d0       IID_IPersistStorage        00000001800013d0     uuid:objidl_i.obj
 0001:000003e0       IID_ILockBytes             00000001800013e0     uuid:objidl_i.obj
 0001:000003f0       IID_IEnumFORMATETC         00000001800013f0     uuid:objidl_i.obj
 0001:00000400       IID_IEnumSTATDATA          0000000180001400     uuid:objidl_i.obj
 0001:00000410       IID_IRootStorage           0000000180001410     uuid:objidl_i.obj
 0001:00000420       IID_IAdviseSink            0000000180001420     uuid:objidl_i.obj
 0001:00000430       IID_AsyncIAdviseSink       0000000180001430     uuid:objidl_i.obj
 0001:00000440       IID_IAdviseSink2           0000000180001440     uuid:objidl_i.obj
 0001:00000450       IID_AsyncIAdviseSink2      0000000180001450     uuid:objidl_i.obj
 0001:00000460       IID_IDataObject            0000000180001460     uuid:objidl_i.obj
 0001:00000470       IID_IDataAdviseHolder      0000000180001470     uuid:objidl_i.obj
 0001:00000480       IID_IMessageFilter         0000000180001480     uuid:objidl_i.obj
 0001:00000490       IID_IRpcChannelBuffer      0000000180001490     uuid:objidl_i.obj
 0001:000004a0       IID_IRpcChannelBuffer2     00000001800014a0     uuid:objidl_i.obj
 0001:000004b0       IID_IAsyncRpcChannelBuffer 00000001800014b0     uuid:objidl_i.obj
 0001:000004c0       IID_IRpcChannelBuffer3     00000001800014c0     uuid:objidl_i.obj
 0001:000004d0       IID_IRpcSyntaxNegotiate    00000001800014d0     uuid:objidl_i.obj
 0001:000004e0       IID_IRpcProxyBuffer        00000001800014e0     uuid:objidl_i.obj
 0001:000004f0       IID_IRpcStubBuffer         00000001800014f0     uuid:objidl_i.obj
 0001:00000500       IID_IPSFactoryBuffer       0000000180001500     uuid:objidl_i.obj
 0001:00000510       IID_IChannelHook           0000000180001510     uuid:objidl_i.obj
 0001:00000520       IID_IClientSecurity        0000000180001520     uuid:objidl_i.obj
 0001:00000530       IID_IServerSecurity        0000000180001530     uuid:objidl_i.obj
 0001:00000540       IID_IClassActivator        0000000180001540     uuid:objidl_i.obj
 0001:00000550       IID_IRpcOptions            0000000180001550     uuid:objidl_i.obj
 0001:00000560       IID_IGlobalOptions         0000000180001560     uuid:objidl_i.obj
 0001:00000570       IID_IFillLockBytes         0000000180001570     uuid:objidl_i.obj
 0001:00000580       IID_IProgressNotify        0000000180001580     uuid:objidl_i.obj
 0001:00000590       IID_ILayoutStorage         0000000180001590     uuid:objidl_i.obj
 0001:000005a0       IID_IBlockingLock          00000001800015a0     uuid:objidl_i.obj
 0001:000005b0       IID_ITimeAndNoticeControl  00000001800015b0     uuid:objidl_i.obj
 0001:000005c0       IID_IOplockStorage         00000001800015c0     uuid:objidl_i.obj
 0001:000005d0       IID_ISurrogate             00000001800015d0     uuid:objidl_i.obj
 0001:000005e0       IID_IGlobalInterfaceTable  00000001800015e0     uuid:objidl_i.obj
 0001:000005f0       IID_IDirectWriterLock      00000001800015f0     uuid:objidl_i.obj
 0001:00000600       IID_ISynchronize           0000000180001600     uuid:objidl_i.obj
 0001:00000610       IID_ISynchronizeHandle     0000000180001610     uuid:objidl_i.obj
 0001:00000620       IID_ISynchronizeEvent      0000000180001620     uuid:objidl_i.obj
 0001:00000630       IID_ISynchronizeContainer  0000000180001630     uuid:objidl_i.obj
 0001:00000640       IID_ISynchronizeMutex      0000000180001640     uuid:objidl_i.obj
 0001:00000650       IID_ICancelMethodCalls     0000000180001650     uuid:objidl_i.obj
 0001:00000660       IID_IAsyncManager          0000000180001660     uuid:objidl_i.obj
 0001:00000670       IID_ICallFactory           0000000180001670     uuid:objidl_i.obj
 0001:00000680       IID_IRpcHelper             0000000180001680     uuid:objidl_i.obj
 0001:00000690       IID_IReleaseMarshalBuffers 0000000180001690     uuid:objidl_i.obj
 0001:000006a0       IID_IWaitMultiple          00000001800016a0     uuid:objidl_i.obj
 0001:000006b0       IID_IUrlMon                00000001800016b0     uuid:objidl_i.obj
 0001:000006c0       IID_IForegroundTransfer    00000001800016c0     uuid:objidl_i.obj
 0001:000006d0       IID_IAddrTrackingControl   00000001800016d0     uuid:objidl_i.obj
 0001:000006e0       IID_IAddrExclusionControl  00000001800016e0     uuid:objidl_i.obj
 0001:000006f0       IID_IPipeByte              00000001800016f0     uuid:objidl_i.obj
 0001:00000700       IID_AsyncIPipeByte         0000000180001700     uuid:objidl_i.obj
 0001:00000710       IID_IPipeLong              0000000180001710     uuid:objidl_i.obj
 0001:00000720       IID_AsyncIPipeLong         0000000180001720     uuid:objidl_i.obj
 0001:00000730       IID_IPipeDouble            0000000180001730     uuid:objidl_i.obj
 0001:00000740       IID_AsyncIPipeDouble       0000000180001740     uuid:objidl_i.obj
 0001:00000750       IID_IThumbnailExtractor    0000000180001750     uuid:objidl_i.obj
 0001:00000760       IID_IDummyHICONIncluder    0000000180001760     uuid:objidl_i.obj
 0001:00000770       IID_IEnumContextProps      0000000180001770     uuid:objidl_i.obj
 0001:00000780       IID_IContext               0000000180001780     uuid:objidl_i.obj
 0001:00000790       IID_IObjContext            0000000180001790     uuid:objidl_i.obj
 0001:000007a0       IID_IProcessLock           00000001800017a0     uuid:objidl_i.obj
 0001:000007b0       IID_ISurrogateService      00000001800017b0     uuid:objidl_i.obj
 0001:000007c0       IID_IComThreadingInfo      00000001800017c0     uuid:objidl_i.obj
 0001:000007d0       IID_IProcessInitControl    00000001800017d0     uuid:objidl_i.obj
 0001:000007e0       IID_IInitializeSpy         00000001800017e0     uuid:objidl_i.obj
 0001:00000870       ??2GdiplusBase@Gdiplus@@SAPEAX_K@Z 0000000180001870 f i ico.obj
 0001:00000878       ??0Rect@Gdiplus@@QEAA@HHHH@Z 0000000180001878 f i ico.obj
 0001:00000890       ??0GdiplusStartupInput@Gdiplus@@QEAA@P6AXW4DebugEventLevel@1@PEAD@ZHH@Z 0000000180001890 f i ico.obj
 0001:000008a8       ??0Image@Gdiplus@@IEAA@XZ  00000001800018a8 f i ico.obj
 0001:000008b8       ??3GdiplusBase@Gdiplus@@SAXPEAX@Z 00000001800018b8 f i ico.obj
 0001:000008c0       ?SetStatus@Image@Gdiplus@@IEBA?AW4Status@2@W432@@Z 00000001800018c0 f i ico.obj
 0001:000008d0       ??1Image@Gdiplus@@UEAA@XZ  00000001800018d0 f i ico.obj
 0001:000008e4       ?GetPixelFormat@Image@Gdiplus@@QEAAHXZ 00000001800018e4 f i ico.obj
 0001:0000090c       ?SetNativeImage@Image@Gdiplus@@IEAAXPEAVGpImage@2@@Z 000000018000190c f i ico.obj
 0001:00000914       ??0Bitmap@Gdiplus@@QEAA@PEAUIStream@@H@Z 0000000180001914 f i ico.obj
 0001:00000960       ??1Bitmap@Gdiplus@@UEAA@XZ 0000000180001960 f i ico.obj
 0001:00000974       ?FromStream@Bitmap@Gdiplus@@SAPEAV12@PEAUIStream@@H@Z 0000000180001974 f i ico.obj
 0001:000009e8       ?LockBits@Bitmap@Gdiplus@@QEAA?AW4Status@2@PEBVRect@2@IHPEAVBitmapData@2@@Z 00000001800019e8 f i ico.obj
 0001:00000a18       ?UnlockBits@Bitmap@Gdiplus@@QEAA?AW4Status@2@PEAVBitmapData@2@@Z 0000000180001a18 f i ico.obj
 0001:00000a3c       ??_H@YAXPEAX_KHP6APEAX0@Z@Z 0000000180001a3c f i ico.obj
 0001:00000a80       ??1MStream@@QEAA@XZ        0000000180001a80 f i ico.obj
 0001:00000ad8       IsEqualGUID                0000000180001ad8 f i ico.obj
 0001:00000b04       ==                         0000000180001b04 f i ico.obj
 0001:00000b30       ?SetData@MStream@@QEAAXPEBXK@Z 0000000180001b30 f i ico.obj
 0001:00000b98       ?QueryInterface@MStream@@UEAAJAEBU_GUID@@PEAPEAX@Z 0000000180001b98 f i ico.obj
 0001:00000c38       ?AddRef@MStream@@UEAAKXZ   0000000180001c38 f i ico.obj
 0001:00000c48       ?Read@MStream@@UEAAJPEAXKPEAK@Z 0000000180001c48 f i ico.obj
 0001:00000cd0       ?Write@MStream@@UEAAJPEBXKPEAK@Z 0000000180001cd0 f i ico.obj
 0001:00000d98       ?Seek@MStream@@UEAAJT_LARGE_INTEGER@@KPEAT_ULARGE_INTEGER@@@Z 0000000180001d98 f i ico.obj
 0001:00000e08       ?SetSize@MStream@@UEAAJT_ULARGE_INTEGER@@@Z 0000000180001e08 f i ico.obj
 0001:00000ebc       ?CopyTo@MStream@@UEAAJPEAUIStream@@T_ULARGE_INTEGER@@PEAT3@2@Z 0000000180001ebc f i ico.obj
 0001:00000ec4       ?Commit@MStream@@UEAAJK@Z  0000000180001ec4 f i ico.obj
 0001:00000ed0       ?Revert@MStream@@UEAAJXZ   0000000180001ed0 f i ico.obj
 0001:00000ed8       ?LockRegion@MStream@@UEAAJT_ULARGE_INTEGER@@0K@Z 0000000180001ed8 f i ico.obj
 0001:00000ee0       ?UnlockRegion@MStream@@UEAAJT_ULARGE_INTEGER@@0K@Z 0000000180001ee0 f i ico.obj
 0001:00000ee8       ?Stat@MStream@@UEAAJPEAUtagSTATSTG@@K@Z 0000000180001ee8 f i ico.obj
 0001:00000f48       ?Clone@MStream@@UEAAJPEAPEAUIStream@@@Z 0000000180001f48 f i ico.obj
 0001:00000f50       ??_GMStream@@QEAAPEAXI@Z   0000000180001f50 f i ico.obj
 0001:00000fc4       ??0IUnknown@@QEAA@XZ       0000000180001fc4 f i ico.obj
 0001:00000fc8       ?LoadPageInfo@@YAKPEAUICONCONTEXT@@HAEAI111PEAPEB_W@Z 0000000180001fc8 f   ico.obj
 0001:0000114c       ?Decode1BPP@@YAPEAEIIPEAUtagRGBQUAD@@PEAE1AEAK@Z 000000018000214c f   ico.obj
 0001:00001260       ?Decode4BPP@@YAPEAEIIPEAUtagRGBQUAD@@PEAE1AEAK@Z 0000000180002260 f   ico.obj
 0001:0000139c       ?Decode8BPP@@YAPEAEAEAIIPEAUtagRGBQUAD@@PEAE2AEAK@Z 000000018000239c f   ico.obj
 0001:000014c4       ?Decode24BPP@@YAPEAEAEAIIPEAE1AEAK@Z 00000001800024c4 f   ico.obj
 0001:000016c0       ?Decode32BPP@@YAPEAEAEAIIPEAE1AEAK@Z 00000001800026c0 f   ico.obj
 0001:000017cc       ?DecodeDummy@@YAPEAEIIAEAK@Z 00000001800027cc f   ico.obj
 0001:0000182c       ?Init@ICODecoder@@QEAAHPEAUCET_Init@@@Z 000000018000282c f i ico.obj
 0001:000018a0       ?Close@ICODecoder@@QEAAXXZ 00000001800028a0 f i ico.obj
 0001:000018e8       ?Open@ICOImage@@QEAAH_NPEB_WPEBEKU_COORD@@@Z 00000001800028e8 f i ico.obj
 0001:00001b08       ?Close@ICOImage@@QEAAXXZ   0000000180002b08 f i ico.obj
 0001:00001b88       ?CET_Init@@YAHPEAU0@@Z     0000000180002b88 f   ico.obj
 0001:00001c4c       ?CET_Done@@YAXPEAUCET_Init@@@Z 0000000180002c4c f   ico.obj
 0001:00001cac       ?CET_Free@@YAXPEAUCET_LoadInfo@@@Z 0000000180002cac f   ico.obj
 0001:00001cec       ?CET_Cancel@@YAXPEAX@Z     0000000180002cec f   ico.obj
 0001:00001d04       ??_EImage@Gdiplus@@UEAAPEAXI@Z 0000000180002d04 f i ico.obj
 0001:00001d04       ??_GImage@Gdiplus@@UEAAPEAXI@Z 0000000180002d04 f i ico.obj
 0001:00001d44       ??0Image@Gdiplus@@IEAA@PEAVGpImage@1@W4Status@1@@Z 0000000180002d44 f i ico.obj
 0001:00001d5c       ??_EBitmap@Gdiplus@@UEAAPEAXI@Z 0000000180002d5c f i ico.obj
 0001:00001d5c       ??_GBitmap@Gdiplus@@UEAAPEAXI@Z 0000000180002d5c f i ico.obj
 0001:00001d9c       ?Release@MStream@@UEAAKXZ  0000000180002d9c f i ico.obj
 0001:00001dc8       ??0ISequentialStream@@QEAA@XZ 0000000180002dc8 f i ico.obj
 0001:00001dcc       ?Clone@Image@Gdiplus@@UEAAPEAV12@XZ 0000000180002dcc f i ico.obj
 0001:00001e24       ??0IStream@@QEAA@XZ        0000000180002e24 f i ico.obj
 0001:00001e28       ??0MStream@@QEAA@XZ        0000000180002e28 f i ico.obj
 0001:00001e50       ?PageDecode@ICOImage@@QEAAHPEAUCET_LoadInfo@@@Z 0000000180002e50 f i ico.obj
 0001:00002284       ?GetPageBits@ICOImage@@QEAAHPEAUCET_LoadInfo@@@Z 0000000180003284 f i ico.obj
 0001:000023fc       ?CET_Load@@YAHPEAUCET_LoadInfo@@@Z 00000001800033fc f   ico.obj
 0001:0000265c       ?HeapInitialize@@YA_NXZ    000000018000365c f   Memory.obj
 0001:00002694       ?HeapDeinitialize@@YAXXZ   0000000180003694 f   Memory.obj
 0001:000026b8       ?xf_malloc@@YAPEAX_K@Z     00000001800036b8 f   Memory.obj
 0001:000026cc       ?xf_calloc@@YAPEAX_K0@Z    00000001800036cc f   Memory.obj
 0001:000026e8       ?xf_realloc@@YAPEAXPEAX_K@Z 00000001800036e8 f   Memory.obj
 0001:00002704       ?xf_free@@YAXPEAX@Z        0000000180003704 f   Memory.obj
 0001:0000272c       ?xf_validate@@YA_NPEAX@Z   000000018000372c f   Memory.obj
 0001:00002750       ??2@YAPEAX_K@Z             0000000180003750 f   Memory.obj
 0001:00002764       ??_U@YAPEAX_K@Z            0000000180003764 f   Memory.obj
 0001:00002778       ??3@YAXPEAX@Z              0000000180003778 f   Memory.obj
 0001:00002780       ??_V@YAXPEAX@Z             0000000180003780 f   Memory.obj
 0001:00002788       ?lstrdupW@@YAPEA_WPEBDI@Z  0000000180003788 f   Memory.obj
 0001:00002818       ?StringCchCopyA@@YAJPEAD_KPEBD@Z 0000000180003818 f i Memory.obj
 0001:0000287c       ?StringCchCopyW@@YAJPEA_W_KPEB_W@Z 000000018000387c f i Memory.obj
 0001:000028e8       ?lstrdup@@YAPEADPEBD@Z     00000001800038e8 f   Memory.obj
 0001:00002984       ?lstrdup@@YAPEA_WPEB_W@Z   0000000180003984 f   Memory.obj
 0001:00002a0c       ?lstrmerge@@YAPEA_WPEB_W000@Z 0000000180003a0c f   Memory.obj
 0001:00002af8       ?lstrmerge@@YA_NPEAPEA_WPEB_W11@Z 0000000180003af8 f   Memory.obj
 0001:00002b40       memmove                    0000000180003b40 f   libCRT64:memmove.obj
 0001:00002ba0       memset                     0000000180003ba0 f   libCRT64:memset.obj
 0001:00002bc8       HeapFree                   0000000180003bc8 f   kernel32:KERNEL32.dll
 0001:00002bce       GetProcessHeap             0000000180003bce f   kernel32:KERNEL32.dll
 0001:00002bd4       HeapAlloc                  0000000180003bd4 f   kernel32:KERNEL32.dll
 0001:00002bda       HeapReAlloc                0000000180003bda f   kernel32:KERNEL32.dll
 0001:00002be0       SystemTimeToFileTime       0000000180003be0 f   kernel32:KERNEL32.dll
 0001:00002be6       GetLocalTime               0000000180003be6 f   kernel32:KERNEL32.dll
 0001:00002bec       HeapCreate                 0000000180003bec f   kernel32:KERNEL32.dll
 0001:00002bf2       HeapDestroy                0000000180003bf2 f   kernel32:KERNEL32.dll
 0001:00002bf8       HeapValidate               0000000180003bf8 f   kernel32:KERNEL32.dll
 0001:00002bfe       MultiByteToWideChar        0000000180003bfe f   kernel32:KERNEL32.dll
 0001:00002c04       lstrlenA                   0000000180003c04 f   kernel32:KERNEL32.dll
 0001:00002c0a       lstrlenW                   0000000180003c0a f   kernel32:KERNEL32.dll
 0001:00002c10       wsprintfW                  0000000180003c10 f   user32:USER32.dll
 0001:00002c16       CoInitialize               0000000180003c16 f   ole32:ole32.dll
 0001:00002c1c       CoUninitialize             0000000180003c1c f   ole32:ole32.dll
 0001:00002c22       GdipAlloc                  0000000180003c22 f   gdiplus:gdiplus.dll
 0001:00002c28       GdipFree                   0000000180003c28 f   gdiplus:gdiplus.dll
 0001:00002c2e       GdipDisposeImage           0000000180003c2e f   gdiplus:gdiplus.dll
 0001:00002c34       GdipGetImagePixelFormat    0000000180003c34 f   gdiplus:gdiplus.dll
 0001:00002c3a       GdipCreateBitmapFromStream 0000000180003c3a f   gdiplus:gdiplus.dll
 0001:00002c40       GdipCreateBitmapFromStreamICM 0000000180003c40 f   gdiplus:gdiplus.dll
 0001:00002c46       GdipBitmapLockBits         0000000180003c46 f   gdiplus:gdiplus.dll
 0001:00002c4c       GdipBitmapUnlockBits       0000000180003c4c f   gdiplus:gdiplus.dll
 0001:00002c52       GdiplusShutdown            0000000180003c52 f   gdiplus:gdiplus.dll
 0001:00002c58       GdiplusStartup             0000000180003c58 f   gdiplus:gdiplus.dll
 0001:00002c5e       GdipCloneImage             0000000180003c5e f   gdiplus:gdiplus.dll
 0001:00002c80       _alloca_probe              0000000180003c80     chkstk.obj
 0001:00002c80       __chkstk                   0000000180003c80 f   chkstk.obj
 0001:00002fc0       __IMPORT_DESCRIPTOR_KERNEL32 0000000180003fc0     kernel32:KERNEL32.dll
 0001:00002fd4       __IMPORT_DESCRIPTOR_USER32 0000000180003fd4     user32:USER32.dll
 0001:00002fe8       __IMPORT_DESCRIPTOR_ole32  0000000180003fe8     ole32:ole32.dll
 0001:00002ffc       __IMPORT_DESCRIPTOR_gdiplus 0000000180003ffc     gdiplus:gdiplus.dll
 0001:00003010       __NULL_IMPORT_DESCRIPTOR   0000000180004010     kernel32:KERNEL32.dll
 0002:00000068       ?gnLastWin32Error@@3KA     0000000180005068     ico.obj
 0002:00000070       ?ghModule@@3PEAUHINSTANCE__@@EA 0000000180005070     ico.obj
 0002:00000078       ?ghHeap@@3PEAXEA           0000000180005078     Memory.obj

 entry point at        0000:00000000

 Static symbols

 0001:00002568       ?StringValidateDestA@@YAJPEBD_K_K@Z 0000000180003568 f   Memory.obj
 0001:0000257c       ?StringValidateDestW@@YAJPEB_W_K_K@Z 000000018000357c f   Memory.obj
 0001:00002590       ?StringCopyWorkerA@@YAJPEAD_KPEA_KPEBD1@Z 0000000180003590 f   Memory.obj
 0001:000025ec       ?StringCopyWorkerW@@YAJPEA_W_KPEA_KPEB_W1@Z 00000001800035ec f   Memory.obj
