 pe

 Timestamp is 521d3675 (Wed Aug 28 03:29:57 2013)

 Preferred load address is 0000000180000000

 Start         Length     Name                   Class
 0001:00000000 000000a0H .idata$5                CODE
 0001:000000a0 000001d8H .rdata                  CODE
 0001:00000278 00000070H .rdata$debug            CODE
 0001:000002f0 00002204H .text                   CODE
 0001:00002500 0000005eH .text$00                CODE
 0001:00002560 000002b0H .xdata                  CODE
 0001:00002810 00000028H .idata$2                CODE
 0001:00002838 00000014H .idata$3                CODE
 0001:00002850 000000a0H .idata$4                CODE
 0001:000028f0 0000010cH .idata$6                CODE
 0001:00002a00 00000090H .edata                  CODE
 0002:00000000 00000000H .data                   DATA
 0002:00000000 00000010H .bss                    DATA
 0003:00000000 00000204H .pdata                  DATA
 0004:00000000 00000058H .rsrc$01                DATA
 0004:00000060 00000270H .rsrc$02                DATA

  Address         Publics by Value              Rva+Base               Lib:Object

 0000:00000000       ___safe_se_handler_count   0000000000000000     <absolute>
 0000:00000000       ___safe_se_handler_table   0000000000000000     <absolute>
 0001:00000000       __imp_HeapFree             0000000180001000     kernel32:KERNEL32.dll
 0001:00000008       __imp_GetProcessHeap       0000000180001008     kernel32:KERNEL32.dll
 0001:00000010       __imp_lstrcatW             0000000180001010     kernel32:KERNEL32.dll
 0001:00000018       __imp_lstrcpyW             0000000180001018     kernel32:KERNEL32.dll
 0001:00000020       __imp_lstrlenW             0000000180001020     kernel32:KERNEL32.dll
 0001:00000028       __imp_lstrcmpiW            0000000180001028     kernel32:KERNEL32.dll
 0001:00000030       __imp_lstrcmpW             0000000180001030     kernel32:KERNEL32.dll
 0001:00000038       __imp_lstrcmpA             0000000180001038     kernel32:KERNEL32.dll
 0001:00000040       __imp_MultiByteToWideChar  0000000180001040     kernel32:KERNEL32.dll
 0001:00000048       __imp_lstrcmpiA            0000000180001048     kernel32:KERNEL32.dll
 0001:00000050       __imp_lstrcpynW            0000000180001050     kernel32:KERNEL32.dll
 0001:00000058       __imp_HeapAlloc            0000000180001058     kernel32:KERNEL32.dll
 0001:00000060       __imp_HeapCreate           0000000180001060     kernel32:KERNEL32.dll
 0001:00000068       __imp_HeapDestroy          0000000180001068     kernel32:KERNEL32.dll
 0001:00000070       __imp_HeapReAlloc          0000000180001070     kernel32:KERNEL32.dll
 0001:00000078       __imp_HeapValidate         0000000180001078     kernel32:KERNEL32.dll
 0001:00000080       __imp_lstrlenA             0000000180001080     kernel32:KERNEL32.dll
 0001:00000088       \177KERNEL32_NULL_THUNK_DATA 0000000180001088     kernel32:KERNEL32.dll
 0001:00000090       __imp_wsprintfW            0000000180001090     user32:USER32.dll
 0001:00000098       \177USER32_NULL_THUNK_DATA 0000000180001098     user32:USER32.dll
 0001:000000bc       ??_C@_13DIBMAFH@?$AA?$CJ?$AA?$AA@ 00000001800010bc     pe.obj
 0001:000000c0       ??_C@_1BO@IJOOPNFP@?$AA?$CF?$AAi?$AA?0?$AA?5?$AA?$CF?$AAi?$AA?0?$AA?5?$AA?$CF?$AAi?$AA?0?$AA?5?$AA?$CF?$AAi?$AA?$AA@ 00000001800010c0     pe.obj
 0001:000000e0       ??_C@_1BI@KONPHAJJ@?$AA?$CF?$AAi?$AA?4?$AA?$CF?$AAi?$AA?4?$AA?$CF?$AAi?$AA?4?$AA?$CF?$AAi?$AA?$AA@ 00000001800010e0     pe.obj
 0001:000000f8       ??_C@_1M@NEPJOGKK@?$AA?$CF?$AAi?$AA?4?$AA?$CF?$AAi?$AA?$AA@ 00000001800010f8     pe.obj
 0001:00000108       ??_C@_1BC@JDEOJIFO@?$AA?$CF?$AAi?$AA?4?$AA?$CF?$AAi?$AA?4?$AA?$CF?$AAi?$AA?$AA@ 0000000180001108     pe.obj
 0001:00000120       ??_C@_1BO@OKEPMKJE@?$AAP?$AAr?$AAo?$AAd?$AAu?$AAc?$AAt?$AAV?$AAe?$AAr?$AAs?$AAi?$AAo?$AAn?$AA?$AA@ 0000000180001120     pe.obj
 0001:00000140       ??_C@_1BI@HCCAONKE@?$AAF?$AAi?$AAl?$AAe?$AAV?$AAe?$AAr?$AAs?$AAi?$AAo?$AAn?$AA?$AA@ 0000000180001140     pe.obj
 0001:00000158       ??_C@_0P@PLANDJKO@ProductVersion?$AA@ 0000000180001158     pe.obj
 0001:00000168       ??_C@_0M@OBEGHOED@FileVersion?$AA@ 0000000180001168     pe.obj
 0001:00000178       ??_C@_1BI@LJHFMFCG@?$AAV?$AAa?$AAr?$AAF?$AAi?$AAl?$AAe?$AAI?$AAn?$AAf?$AAo?$AA?$AA@ 0000000180001178     pe.obj
 0001:00000190       ??_C@_1BO@PBBNDBNF@?$AAS?$AAt?$AAr?$AAi?$AAn?$AAg?$AAF?$AAi?$AAl?$AAe?$AAI?$AAn?$AAf?$AAo?$AA?$AA@ 0000000180001190     pe.obj
 0001:000001b0       ??_C@_0P@EMOHHAPL@StringFileInfo?$AA@ 00000001800011b0     pe.obj
 0001:000001c0       ??_C@_0BA@PIFPCFJM@OpenFilePluginW?$AA@ 00000001800011c0     pe.obj
 0001:000001d0       ??_C@_0M@DMAKBKI@OpenPluginW?$AA@ 00000001800011d0     pe.obj
 0001:000001e0       ??_C@_0P@LBJHCIBL@GetGlobalInfoW?$AA@ 00000001800011e0     pe.obj
 0001:000001f0       ??_C@_0BA@IDLLFCLM@SetStartupInfoW?$AA@ 00000001800011f0     pe.obj
 0001:00000200       ??_C@_0P@JNNILPEA@SetStartupInfo?$AA@ 0000000180001200     pe.obj
 0001:00000210       ??_C@_19BHIGINDB@?$AA?4?$AAd?$AAl?$AAl?$AA?$AA@ 0000000180001210     pe.obj
 0001:0000021c       ??_C@_13OHNMPHJM@?$AA?$FN?$AA?$AA@ 000000018000121c     pe.obj
 0001:00000220       ??_C@_15FFJNNDMJ@?$AA?5?$AA?$FL?$AA?$AA@ 0000000180001220     pe.obj
 0001:00000228       ??_C@_1M@FNNDEIFD@?$AA?4?$AAN?$AAe?$AAt?$AA?5?$AA?$AA@ 0000000180001228     pe.obj
 0001:00000238       ??_C@_19KIFLGLIH@?$AAU?$AAp?$AAx?$AA?5?$AA?$AA@ 0000000180001238     pe.obj
 0001:00000244       ??_C@_13HOIJIPNN@?$AA?5?$AA?$AA@ 0000000180001244     pe.obj
 0001:00000248       ??_C@_13DMCFHHKM@?$AA3?$AA?$AA@ 0000000180001248     pe.obj
 0001:0000024c       ??_C@_13IEJJBAMJ@?$AA2?$AA?$AA@ 000000018000124c     pe.obj
 0001:00000250       ??_C@_13FLOCNAAB@?$AA?$CG?$AA?$AA@ 0000000180001250     pe.obj
 0001:00000254       ??_C@_13JGCMLPCH@?$AA1?$AA?$AA@ 0000000180001254     pe.obj
 0001:00000258       ??_C@_17HHLBFPBE@?$AAF?$AAa?$AAr?$AA?$AA@ 0000000180001258     pe.obj
 0001:00000260       ??_C@_17HIBPHNJA@?$AA3?$AA2?$AA?5?$AA?$AA@ 0000000180001260     pe.obj
 0001:00000268       ??_C@_17KBKLDIPL@?$AA1?$AA6?$AA?5?$AA?$AA@ 0000000180001268     pe.obj
 0001:00000270       ??_C@_17OGKGJAOJ@?$AA6?$AA4?$AA?5?$AA?$AA@ 0000000180001270     pe.obj
 0001:000002f0       ?wcschr@@YAPEA_WPEA_W_W@Z  00000001800012f0 f i pe.obj
 0001:000002f8       ?Close@PEData@@QEAAXXZ     00000001800012f8 f i pe.obj
 0001:0000031c       ?Max@@YA_K_K0@Z            000000018000131c f   pe.obj
 0001:00000328       ?ValidateMemory@@YA_NPEAUPEData@@PEBX_K@Z 0000000180001328 f   pe.obj
 0001:00000360       ?ParseVersionInfoFixed@@YAXPEAUPEData@@PEAUtagVS_FIXEDFILEINFO@@@Z 0000000180001360 f   pe.obj
 0001:00000538       ?ParseVersionInfoVariableString@@YAXPEAUPEData@@PEAXAEAKPEAG@Z 0000000180001538 f   pe.obj
 0001:000006fc       ?ParseVersionInfoVariableStringA@@YAXPEAUPEData@@PEAXAEAKPEAD@Z 00000001800016fc f   pe.obj
 0001:00000908       ?ParseVersionInfoVariableVar@@YAXPEAUPEData@@PEAXAEAKPEAG@Z 0000000180001908 f   pe.obj
 0001:000009c8       ?ParseVersionInfoVariable@@YAXPEAUPEData@@PEAXAEAKPEAG@Z 00000001800019c8 f   pe.obj
 0001:00000a78       ?ParseVersionInfoVariableA@@YAXPEAUPEData@@PEAXAEAKPEAD@Z 0000000180001a78 f   pe.obj
 0001:00000ae4       ?ParseVersionInfo@@YAXPEAUPEData@@AEAPEAXAEAK@Z 0000000180001ae4 f   pe.obj
 0001:00000c08       ?ParseVersionInfoA@@YAXPEAUPEData@@AEAPEAXAEAK@Z 0000000180001c08 f   pe.obj
 0001:00000d28       ?CreateResource@@YAXPEAUPEData@@KPEAXKKK@Z 0000000180001d28 f   pe.obj
 0001:00000df4       ?DumpSectionTable@@YAXPEAUPEData@@PEAU_IMAGE_SECTION_HEADER@@IH@Z 0000000180001df4 f   pe.obj
 0001:00000e4c       ?CET_Init@@YAHPEAU0@@Z     0000000180001e4c f   pe.obj
 0001:00000e88       ?CET_Done@@YAXPEAUCET_Init@@@Z 0000000180001e88 f   pe.obj
 0001:00000e90       ?CET_Free@@YAXPEAUCET_LoadInfo@@@Z 0000000180001e90 f   pe.obj
 0001:00000edc       ?CET_Cancel@@YAXPEAX@Z     0000000180001edc f   pe.obj
 0001:00000ee0       ??$DumpCOR20Header@U_IMAGE_NT_HEADERS64@@@@YAXPEAUPEData@@PEAEPEAU_IMAGE_NT_HEADERS64@@@Z 0000000180001ee0 f i pe.obj
 0001:00000ef0       ??$DumpCOR20Header@U_IMAGE_NT_HEADERS@@@@YAXPEAUPEData@@PEAEPEAU_IMAGE_NT_HEADERS@@@Z 0000000180001ef0 f i pe.obj
 0001:00000f00       ??$DumpCertificates@U_IMAGE_NT_HEADERS64@@@@YAXPEAUPEData@@PEAEPEAU_IMAGE_NT_HEADERS64@@@Z 0000000180001f00 f i pe.obj
 0001:00000f20       ??$DumpCertificates@U_IMAGE_NT_HEADERS@@@@YAXPEAUPEData@@PEAEPEAU_IMAGE_NT_HEADERS@@@Z 0000000180001f20 f i pe.obj
 0001:00000f40       ??$GetEnclosingSectionHeader@U_IMAGE_NT_HEADERS64@@@@YAPEAU_IMAGE_SECTION_HEADER@@KPEAU_IMAGE_NT_HEADERS64@@@Z 0000000180001f40 f i pe.obj
 0001:00000f88       ??$GetEnclosingSectionHeader@U_IMAGE_NT_HEADERS@@@@YAPEAU_IMAGE_SECTION_HEADER@@KPEAU_IMAGE_NT_HEADERS@@@Z 0000000180001f88 f i pe.obj
 0001:00000fd0       ?DumpNEResourceTable@@YAXPEAUPEData@@PEAU_IMAGE_DOS_HEADER@@PEAE@Z 0000000180001fd0 f   pe.obj
 0001:000010dc       ?DumpExeFileNE@@YA_NPEAUPEData@@PEAU_IMAGE_DOS_HEADER@@PEAU_IMAGE_OS2_HEADER@@@Z 00000001800020dc f   pe.obj
 0001:00001118       ??$GetPtrFromRVA@U_IMAGE_NT_HEADERS64@@@@YAPEAXKPEAU_IMAGE_NT_HEADERS64@@PEAE@Z 0000000180002118 f i pe.obj
 0001:00001164       ??$GetPtrFromRVA@U_IMAGE_NT_HEADERS@@@@YAPEAXKPEAU_IMAGE_NT_HEADERS@@PEAE@Z 0000000180002164 f i pe.obj
 0001:000011b0       ??$DumpExportsSection@U_IMAGE_NT_HEADERS64@@@@YAXPEAUPEData@@PEAEPEAU_IMAGE_NT_HEADERS64@@@Z 00000001800021b0 f i pe.obj
 0001:0000142c       ??$DumpExportsSection@U_IMAGE_NT_HEADERS@@@@YAXPEAUPEData@@PEAEPEAU_IMAGE_NT_HEADERS@@@Z 000000018000242c f i pe.obj
 0001:000016a4       ?DumpResourceEntry@@YAXPEAUPEData@@KPEAU_IMAGE_RESOURCE_DIRECTORY_ENTRY@@PEAEKKK@Z 00000001800026a4 f   pe.obj
 0001:00001788       ?DumpResourceDirectory@@YAXPEAUPEData@@PEAU_IMAGE_RESOURCE_DIRECTORY@@PEAEKKKK@Z 0000000180002788 f   pe.obj
 0001:000018bc       ??$DumpResourceSection@U_IMAGE_NT_HEADERS64@@@@YAXPEAUPEData@@PEAEPEAU_IMAGE_NT_HEADERS64@@@Z 00000001800028bc f i pe.obj
 0001:00001910       ??$DumpResourceSection@U_IMAGE_NT_HEADERS@@@@YAXPEAUPEData@@PEAEPEAU_IMAGE_NT_HEADERS@@@Z 0000000180002910 f i pe.obj
 0001:00001964       ?DumpResources@@YAXPEAUPEData@@PEAEPEAU_IMAGE_NT_HEADERS@@@Z 0000000180002964 f   pe.obj
 0001:000019a4       ?DumpExeFilePE@@YA_NPEAUPEData@@PEAU_IMAGE_DOS_HEADER@@PEAU_IMAGE_NT_HEADERS@@@Z 00000001800029a4 f   pe.obj
 0001:00001a88       ?DumpExeFile@@YA_NPEAUPEData@@PEAU_IMAGE_DOS_HEADER@@@Z 0000000180002a88 f   pe.obj
 0001:00001ae4       ?DumpFile@@YA_NPEAUPEData@@PEAE_J2@Z 0000000180002ae4 f   pe.obj
 0001:00001b2c       ?CET_Load@@YAHPEAUCET_LoadInfo@@@Z 0000000180002b2c f   pe.obj
 0001:00001f34       ?HeapInitialize@@YA_NXZ    0000000180002f34 f   Memory.obj
 0001:00001f6c       ?HeapDeinitialize@@YAXXZ   0000000180002f6c f   Memory.obj
 0001:00001f90       ?xf_malloc@@YAPEAX_K@Z     0000000180002f90 f   Memory.obj
 0001:00001fa4       ?xf_calloc@@YAPEAX_K0@Z    0000000180002fa4 f   Memory.obj
 0001:00001fc0       ?xf_realloc@@YAPEAXPEAX_K@Z 0000000180002fc0 f   Memory.obj
 0001:00001fdc       ?xf_free@@YAXPEAX@Z        0000000180002fdc f   Memory.obj
 0001:00002004       ?xf_validate@@YA_NPEAX@Z   0000000180003004 f   Memory.obj
 0001:00002028       ??2@YAPEAX_K@Z             0000000180003028 f   Memory.obj
 0001:0000203c       ??_U@YAPEAX_K@Z            000000018000303c f   Memory.obj
 0001:00002050       ??3@YAXPEAX@Z              0000000180003050 f   Memory.obj
 0001:00002058       ??_V@YAXPEAX@Z             0000000180003058 f   Memory.obj
 0001:00002060       ?lstrdupW@@YAPEA_WPEBDI@Z  0000000180003060 f   Memory.obj
 0001:000020f0       ?StringCchCopyA@@YAJPEAD_KPEBD@Z 00000001800030f0 f i Memory.obj
 0001:00002154       ?StringCchCopyW@@YAJPEA_W_KPEB_W@Z 0000000180003154 f i Memory.obj
 0001:000021c0       ?lstrdup@@YAPEADPEBD@Z     00000001800031c0 f   Memory.obj
 0001:0000225c       ?lstrdup@@YAPEA_WPEB_W@Z   000000018000325c f   Memory.obj
 0001:000022e4       ?lstrmerge@@YAPEA_WPEB_W000@Z 00000001800032e4 f   Memory.obj
 0001:000023d0       ?lstrmerge@@YA_NPEAPEA_WPEB_W11@Z 00000001800033d0 f   Memory.obj
 0001:00002410       wcschr                     0000000180003410 f   libCRT64:strchr.obj
 0001:00002430       wcsrchr                    0000000180003430 f   libCRT64:strrchr.obj
 0001:00002460       memset                     0000000180003460 f   libCRT64:memset.obj
 0001:00002488       HeapFree                   0000000180003488 f   kernel32:KERNEL32.dll
 0001:0000248e       GetProcessHeap             000000018000348e f   kernel32:KERNEL32.dll
 0001:00002494       lstrcatW                   0000000180003494 f   kernel32:KERNEL32.dll
 0001:0000249a       lstrcpyW                   000000018000349a f   kernel32:KERNEL32.dll
 0001:000024a0       lstrlenW                   00000001800034a0 f   kernel32:KERNEL32.dll
 0001:000024a6       lstrcmpiW                  00000001800034a6 f   kernel32:KERNEL32.dll
 0001:000024ac       lstrcmpW                   00000001800034ac f   kernel32:KERNEL32.dll
 0001:000024b2       lstrcmpA                   00000001800034b2 f   kernel32:KERNEL32.dll
 0001:000024b8       MultiByteToWideChar        00000001800034b8 f   kernel32:KERNEL32.dll
 0001:000024be       lstrcmpiA                  00000001800034be f   kernel32:KERNEL32.dll
 0001:000024c4       lstrcpynW                  00000001800034c4 f   kernel32:KERNEL32.dll
 0001:000024ca       HeapAlloc                  00000001800034ca f   kernel32:KERNEL32.dll
 0001:000024d0       HeapCreate                 00000001800034d0 f   kernel32:KERNEL32.dll
 0001:000024d6       HeapDestroy                00000001800034d6 f   kernel32:KERNEL32.dll
 0001:000024dc       HeapReAlloc                00000001800034dc f   kernel32:KERNEL32.dll
 0001:000024e2       HeapValidate               00000001800034e2 f   kernel32:KERNEL32.dll
 0001:000024e8       lstrlenA                   00000001800034e8 f   kernel32:KERNEL32.dll
 0001:000024ee       wsprintfW                  00000001800034ee f   user32:USER32.dll
 0001:00002510       _alloca_probe              0000000180003510     chkstk.obj
 0001:00002510       __chkstk                   0000000180003510 f   chkstk.obj
 0001:00002810       __IMPORT_DESCRIPTOR_KERNEL32 0000000180003810     kernel32:KERNEL32.dll
 0001:00002824       __IMPORT_DESCRIPTOR_USER32 0000000180003824     user32:USER32.dll
 0001:00002838       __NULL_IMPORT_DESCRIPTOR   0000000180003838     kernel32:KERNEL32.dll
 0002:00000000       ?ghModule@@3PEAUHINSTANCE__@@EA 0000000180004000     pe.obj
 0002:00000008       ?ghHeap@@3PEAXEA           0000000180004008     Memory.obj

 entry point at        0000:00000000

 Static symbols

 0001:00001e40       ?StringValidateDestA@@YAJPEBD_K_K@Z 0000000180002e40 f   Memory.obj
 0001:00001e54       ?StringValidateDestW@@YAJPEB_W_K_K@Z 0000000180002e54 f   Memory.obj
 0001:00001e68       ?StringCopyWorkerA@@YAJPEAD_KPEA_KPEBD1@Z 0000000180002e68 f   Memory.obj
 0001:00001ec4       ?StringCopyWorkerW@@YAJPEA_W_KPEA_KPEB_W1@Z 0000000180002ec4 f   Memory.obj
