 pe

 Timestamp is 521d3568 (Wed Aug 28 03:25:28 2013)

 Preferred load address is 10000000

 Start         Length     Name                   Class
 0001:00000000 00000050H .idata$5                CODE
 0001:00000050 000001c4H .rdata                  CODE
 0001:00000214 00000070H .rdata$debug            CODE
 0001:00000290 000019f8H .text                   CODE
 0001:00001c88 00000028H .idata$2                CODE
 0001:00001cb0 00000014H .idata$3                CODE
 0001:00001cc4 00000050H .idata$4                CODE
 0001:00001d14 0000010cH .idata$6                CODE
 0001:00001e20 00000090H .edata                  CODE
 0002:00000000 00000000H .data                   DATA
 0002:00000000 00000008H .bss                    DATA
 0003:00000000 00000058H .rsrc$01                DATA
 0003:00000060 00000270H .rsrc$02                DATA

  Address         Publics by Value              Rva+Base       Lib:Object

 0000:00000000       ___safe_se_handler_count   00000000     <absolute>
 0000:00000000       ___safe_se_handler_table   00000000     <absolute>
 0001:00000000       __imp__HeapFree@12         10001000     kernel32:KERNEL32.dll
 0001:00000004       __imp__GetProcessHeap@0    10001004     kernel32:KERNEL32.dll
 0001:00000008       __imp__lstrcatW@8          10001008     kernel32:KERNEL32.dll
 0001:0000000c       __imp__lstrcpyW@8          1000100c     kernel32:KERNEL32.dll
 0001:00000010       __imp__lstrlenW@4          10001010     kernel32:KERNEL32.dll
 0001:00000014       __imp__lstrcmpiW@8         10001014     kernel32:KERNEL32.dll
 0001:00000018       __imp__lstrcmpW@8          10001018     kernel32:KERNEL32.dll
 0001:0000001c       __imp__lstrcmpA@8          1000101c     kernel32:KERNEL32.dll
 0001:00000020       __imp__MultiByteToWideChar@24 10001020     kernel32:KERNEL32.dll
 0001:00000024       __imp__lstrcmpiA@8         10001024     kernel32:KERNEL32.dll
 0001:00000028       __imp__lstrcpynW@12        10001028     kernel32:KERNEL32.dll
 0001:0000002c       __imp__HeapAlloc@12        1000102c     kernel32:KERNEL32.dll
 0001:00000030       __imp__HeapCreate@12       10001030     kernel32:KERNEL32.dll
 0001:00000034       __imp__HeapDestroy@4       10001034     kernel32:KERNEL32.dll
 0001:00000038       __imp__HeapReAlloc@16      10001038     kernel32:KERNEL32.dll
 0001:0000003c       __imp__HeapValidate@12     1000103c     kernel32:KERNEL32.dll
 0001:00000040       __imp__lstrlenA@4          10001040     kernel32:KERNEL32.dll
 0001:00000044       \177KERNEL32_NULL_THUNK_DATA 10001044     kernel32:KERNEL32.dll
 0001:00000048       __imp__wsprintfW           10001048     user32:USER32.dll
 0001:0000004c       \177USER32_NULL_THUNK_DATA 1000104c     user32:USER32.dll
 0001:0000006c       ??_C@_13DIBMAFH@?$AA?$CJ?$AA?$AA@ 1000106c     pe.obj
 0001:00000070       ??_C@_1BO@IJOOPNFP@?$AA?$CF?$AAi?$AA?0?$AA?5?$AA?$CF?$AAi?$AA?0?$AA?5?$AA?$CF?$AAi?$AA?0?$AA?5?$AA?$CF?$AAi?$AA?$AA@ 10001070     pe.obj
 0001:00000090       ??_C@_1M@NEPJOGKK@?$AA?$CF?$AAi?$AA?4?$AA?$CF?$AAi?$AA?$AA@ 10001090     pe.obj
 0001:0000009c       ??_C@_1BC@JDEOJIFO@?$AA?$CF?$AAi?$AA?4?$AA?$CF?$AAi?$AA?4?$AA?$CF?$AAi?$AA?$AA@ 1000109c     pe.obj
 0001:000000b0       ??_C@_1BI@KONPHAJJ@?$AA?$CF?$AAi?$AA?4?$AA?$CF?$AAi?$AA?4?$AA?$CF?$AAi?$AA?4?$AA?$CF?$AAi?$AA?$AA@ 100010b0     pe.obj
 0001:000000c8       ??_C@_1BO@OKEPMKJE@?$AAP?$AAr?$AAo?$AAd?$AAu?$AAc?$AAt?$AAV?$AAe?$AAr?$AAs?$AAi?$AAo?$AAn?$AA?$AA@ 100010c8     pe.obj
 0001:000000e8       ??_C@_1BI@HCCAONKE@?$AAF?$AAi?$AAl?$AAe?$AAV?$AAe?$AAr?$AAs?$AAi?$AAo?$AAn?$AA?$AA@ 100010e8     pe.obj
 0001:00000100       ??_C@_0P@PLANDJKO@ProductVersion?$AA@ 10001100     pe.obj
 0001:00000110       ??_C@_0M@OBEGHOED@FileVersion?$AA@ 10001110     pe.obj
 0001:0000011c       ??_C@_1BI@LJHFMFCG@?$AAV?$AAa?$AAr?$AAF?$AAi?$AAl?$AAe?$AAI?$AAn?$AAf?$AAo?$AA?$AA@ 1000111c     pe.obj
 0001:00000134       ??_C@_1BO@PBBNDBNF@?$AAS?$AAt?$AAr?$AAi?$AAn?$AAg?$AAF?$AAi?$AAl?$AAe?$AAI?$AAn?$AAf?$AAo?$AA?$AA@ 10001134     pe.obj
 0001:00000154       ??_C@_0P@EMOHHAPL@StringFileInfo?$AA@ 10001154     pe.obj
 0001:00000164       ??_C@_0BA@PIFPCFJM@OpenFilePluginW?$AA@ 10001164     pe.obj
 0001:00000174       ??_C@_0M@DMAKBKI@OpenPluginW?$AA@ 10001174     pe.obj
 0001:00000180       ??_C@_0P@LBJHCIBL@GetGlobalInfoW?$AA@ 10001180     pe.obj
 0001:00000190       ??_C@_0BA@IDLLFCLM@SetStartupInfoW?$AA@ 10001190     pe.obj
 0001:000001a0       ??_C@_0P@JNNILPEA@SetStartupInfo?$AA@ 100011a0     pe.obj
 0001:000001b0       ??_C@_19BHIGINDB@?$AA?4?$AAd?$AAl?$AAl?$AA?$AA@ 100011b0     pe.obj
 0001:000001bc       ??_C@_13OHNMPHJM@?$AA?$FN?$AA?$AA@ 100011bc     pe.obj
 0001:000001c0       ??_C@_15FFJNNDMJ@?$AA?5?$AA?$FL?$AA?$AA@ 100011c0     pe.obj
 0001:000001c8       ??_C@_1M@FNNDEIFD@?$AA?4?$AAN?$AAe?$AAt?$AA?5?$AA?$AA@ 100011c8     pe.obj
 0001:000001d4       ??_C@_19KIFLGLIH@?$AAU?$AAp?$AAx?$AA?5?$AA?$AA@ 100011d4     pe.obj
 0001:000001e0       ??_C@_13HOIJIPNN@?$AA?5?$AA?$AA@ 100011e0     pe.obj
 0001:000001e4       ??_C@_13DMCFHHKM@?$AA3?$AA?$AA@ 100011e4     pe.obj
 0001:000001e8       ??_C@_13IEJJBAMJ@?$AA2?$AA?$AA@ 100011e8     pe.obj
 0001:000001ec       ??_C@_13FLOCNAAB@?$AA?$CG?$AA?$AA@ 100011ec     pe.obj
 0001:000001f0       ??_C@_13JGCMLPCH@?$AA1?$AA?$AA@ 100011f0     pe.obj
 0001:000001f4       ??_C@_17HHLBFPBE@?$AAF?$AAa?$AAr?$AA?$AA@ 100011f4     pe.obj
 0001:000001fc       ??_C@_17HIBPHNJA@?$AA3?$AA2?$AA?5?$AA?$AA@ 100011fc     pe.obj
 0001:00000204       ??_C@_17KBKLDIPL@?$AA1?$AA6?$AA?5?$AA?$AA@ 10001204     pe.obj
 0001:0000020c       ??_C@_17OGKGJAOJ@?$AA6?$AA4?$AA?5?$AA?$AA@ 1000120c     pe.obj
 0001:00000290       __chkstk                   10001290 f   chkstk.obj
 0001:00000290       __alloca_probe             10001290     chkstk.obj
 0001:000002bb       ?wcschr@@YAPA_WPA_W_W@Z    100012bb f i pe.obj
 0001:000002c0       ?Close@PEData@@QAEXXZ      100012c0 f i pe.obj
 0001:000002d1       ?Max@@YIIII@Z              100012d1 f   pe.obj
 0001:000002da       ?ValidateMemory@@YI_NPAUPEData@@PBXI@Z 100012da f   pe.obj
 0001:0000032a       ?ParseVersionInfoFixed@@YIXPAUPEData@@PAUtagVS_FIXEDFILEINFO@@@Z 1000132a f   pe.obj
 0001:00000498       ?ParseVersionInfoVariableString@@YIXPAUPEData@@PAXAAKPAG@Z 10001498 f   pe.obj
 0001:00000623       ?ParseVersionInfoVariableStringA@@YIXPAUPEData@@PAXAAKPAD@Z 10001623 f   pe.obj
 0001:000007cf       ?ParseVersionInfoVariableVar@@YIXPAUPEData@@PAXAAKPAG@Z 100017cf f   pe.obj
 0001:00000855       ?ParseVersionInfoVariable@@YIXPAUPEData@@PAXAAKPAG@Z 10001855 f   pe.obj
 0001:000008cc       ?ParseVersionInfoVariableA@@YIXPAUPEData@@PAXAAKPAD@Z 100018cc f   pe.obj
 0001:0000090c       ?ParseVersionInfo@@YIXPAUPEData@@AAPAXAAK@Z 1000190c f   pe.obj
 0001:000009e8       ?ParseVersionInfoA@@YIXPAUPEData@@AAPAXAAK@Z 100019e8 f   pe.obj
 0001:00000ac0       ?CreateResource@@YIXPAUPEData@@KPAXKKK@Z 10001ac0 f   pe.obj
 0001:00000b67       ?DumpSectionTable@@YIXPAUPEData@@PAU_IMAGE_SECTION_HEADER@@IH@Z 10001b67 f   pe.obj
 0001:00000baa       ?CET_Init@@YGHPAU0@@Z      10001baa f   pe.obj
 0001:00000bd4       ?CET_Done@@YGXPAUCET_Init@@@Z 10001bd4 f   pe.obj
 0001:00000bdc       ?CET_Free@@YGXPAUCET_LoadInfo@@@Z 10001bdc f   pe.obj
 0001:00000c1d       ?CET_Cancel@@YGXPAX@Z      10001c1d f   pe.obj
 0001:00000c20       ??$DumpCOR20Header@U_IMAGE_NT_HEADERS64@@@@YIXPAUPEData@@PAEPAU_IMAGE_NT_HEADERS64@@@Z 10001c20 f i pe.obj
 0001:00000c37       ??$DumpCOR20Header@U_IMAGE_NT_HEADERS@@@@YIXPAUPEData@@PAEPAU_IMAGE_NT_HEADERS@@@Z 10001c37 f i pe.obj
 0001:00000c4e       ??$DumpCertificates@U_IMAGE_NT_HEADERS64@@@@YIXPAUPEData@@PAEPAU_IMAGE_NT_HEADERS64@@@Z 10001c4e f i pe.obj
 0001:00000c7d       ??$DumpCertificates@U_IMAGE_NT_HEADERS@@@@YIXPAUPEData@@PAEPAU_IMAGE_NT_HEADERS@@@Z 10001c7d f i pe.obj
 0001:00000cac       ??$GetEnclosingSectionHeader@U_IMAGE_NT_HEADERS64@@@@YIPAU_IMAGE_SECTION_HEADER@@KPAU_IMAGE_NT_HEADERS64@@@Z 10001cac f i pe.obj
 0001:00000ce6       ??$GetEnclosingSectionHeader@U_IMAGE_NT_HEADERS@@@@YIPAU_IMAGE_SECTION_HEADER@@KPAU_IMAGE_NT_HEADERS@@@Z 10001ce6 f i pe.obj
 0001:00000d20       ?DumpNEResourceTable@@YIXPAUPEData@@PAU_IMAGE_DOS_HEADER@@PAE@Z 10001d20 f   pe.obj
 0001:00000dde       ?DumpExeFileNE@@YI_NPAUPEData@@PAU_IMAGE_DOS_HEADER@@PAU_IMAGE_OS2_HEADER@@@Z 10001dde f   pe.obj
 0001:00000e12       ??$GetPtrFromRVA@U_IMAGE_NT_HEADERS64@@@@YIPAXKPAU_IMAGE_NT_HEADERS64@@PAE@Z 10001e12 f i pe.obj
 0001:00000e3f       ??$GetPtrFromRVA@U_IMAGE_NT_HEADERS@@@@YIPAXKPAU_IMAGE_NT_HEADERS@@PAE@Z 10001e3f f i pe.obj
 0001:00000e6c       ??$DumpExportsSection@U_IMAGE_NT_HEADERS64@@@@YIXPAUPEData@@PAEPAU_IMAGE_NT_HEADERS64@@@Z 10001e6c f i pe.obj
 0001:00001051       ??$DumpExportsSection@U_IMAGE_NT_HEADERS@@@@YIXPAUPEData@@PAEPAU_IMAGE_NT_HEADERS@@@Z 10002051 f i pe.obj
 0001:00001233       ?DumpResourceEntry@@YIXPAUPEData@@KPAU_IMAGE_RESOURCE_DIRECTORY_ENTRY@@PAEKKK@Z 10002233 f   pe.obj
 0001:000012c9       ?DumpResourceDirectory@@YIXPAUPEData@@PAU_IMAGE_RESOURCE_DIRECTORY@@PAEKKKK@Z 100022c9 f   pe.obj
 0001:00001397       ??$DumpResourceSection@U_IMAGE_NT_HEADERS64@@@@YIXPAUPEData@@PAEPAU_IMAGE_NT_HEADERS64@@@Z 10002397 f i pe.obj
 0001:000013cf       ??$DumpResourceSection@U_IMAGE_NT_HEADERS@@@@YIXPAUPEData@@PAEPAU_IMAGE_NT_HEADERS@@@Z 100023cf f i pe.obj
 0001:00001407       ?DumpResources@@YIXPAUPEData@@PAEPAU_IMAGE_NT_HEADERS@@@Z 10002407 f   pe.obj
 0001:0000143e       ?DumpExeFilePE@@YI_NPAUPEData@@PAU_IMAGE_DOS_HEADER@@PAU_IMAGE_NT_HEADERS@@@Z 1000243e f   pe.obj
 0001:000014de       ?DumpExeFile@@YI_NPAUPEData@@PAU_IMAGE_DOS_HEADER@@@Z 100024de f   pe.obj
 0001:00001529       ?DumpFile@@YI_NPAUPEData@@PAE_J2@Z 10002529 f   pe.obj
 0001:0000157f       ?CET_Load@@YGHPAUCET_LoadInfo@@@Z 1000257f f   pe.obj
 0001:000018a8       ?HeapInitialize@@YI_NXZ    100028a8 f   Memory.obj
 0001:000018ce       ?HeapDeinitialize@@YIXXZ   100028ce f   Memory.obj
 0001:000018e6       ?xf_malloc@@YAPAXI@Z       100028e6 f   Memory.obj
 0001:000018f9       ?xf_calloc@@YAPAXII@Z      100028f9 f   Memory.obj
 0001:00001912       ?xf_realloc@@YAPAXPAXI@Z   10002912 f   Memory.obj
 0001:00001929       ?xf_free@@YAXPAX@Z         10002929 f   Memory.obj
 0001:00001947       ?xf_validate@@YA_NPAX@Z    10002947 f   Memory.obj
 0001:00001960       ??2@YAPAXI@Z               10002960 f   Memory.obj
 0001:00001965       ??_U@YAPAXI@Z              10002965 f   Memory.obj
 0001:0000196a       ??3@YAXPAX@Z               1000296a f   Memory.obj
 0001:0000196f       ??_V@YAXPAX@Z              1000296f f   Memory.obj
 0001:00001974       ?lstrdupW@@YIPA_WPBDI@Z    10002974 f   Memory.obj
 0001:000019bc       ?StringCchCopyA@@YGJPADIPBD@Z 100029bc f i Memory.obj
 0001:00001a1c       ?StringCchCopyW@@YGJPA_WIPB_W@Z 10002a1c f i Memory.obj
 0001:00001a83       ?lstrdup@@YIPADPBD@Z       10002a83 f   Memory.obj
 0001:00001abe       ?lstrdup@@YIPA_WPB_W@Z     10002abe f   Memory.obj
 0001:00001afb       ?lstrmerge@@YIPA_WPB_W000@Z 10002afb f   Memory.obj
 0001:00001b8a       ?lstrmerge@@YI_NPAPA_WPB_W11@Z 10002b8a f   Memory.obj
 0001:00001bc0       _wcschr                    10002bc0 f   libCRT:strchr.obj
 0001:00001bf0       _wcsrchr                   10002bf0 f   libCRT:strrchr.obj
 0001:00001c1c       _HeapFree@12               10002c1c f   kernel32:KERNEL32.dll
 0001:00001c22       _GetProcessHeap@0          10002c22 f   kernel32:KERNEL32.dll
 0001:00001c28       _lstrcatW@8                10002c28 f   kernel32:KERNEL32.dll
 0001:00001c2e       _lstrcpyW@8                10002c2e f   kernel32:KERNEL32.dll
 0001:00001c34       _lstrlenW@4                10002c34 f   kernel32:KERNEL32.dll
 0001:00001c3a       _lstrcmpiW@8               10002c3a f   kernel32:KERNEL32.dll
 0001:00001c40       _lstrcmpW@8                10002c40 f   kernel32:KERNEL32.dll
 0001:00001c46       _lstrcmpA@8                10002c46 f   kernel32:KERNEL32.dll
 0001:00001c4c       _MultiByteToWideChar@24    10002c4c f   kernel32:KERNEL32.dll
 0001:00001c52       _lstrcmpiA@8               10002c52 f   kernel32:KERNEL32.dll
 0001:00001c58       _lstrcpynW@12              10002c58 f   kernel32:KERNEL32.dll
 0001:00001c5e       _HeapAlloc@12              10002c5e f   kernel32:KERNEL32.dll
 0001:00001c64       _HeapCreate@12             10002c64 f   kernel32:KERNEL32.dll
 0001:00001c6a       _HeapDestroy@4             10002c6a f   kernel32:KERNEL32.dll
 0001:00001c70       _HeapReAlloc@16            10002c70 f   kernel32:KERNEL32.dll
 0001:00001c76       _HeapValidate@12           10002c76 f   kernel32:KERNEL32.dll
 0001:00001c7c       _lstrlenA@4                10002c7c f   kernel32:KERNEL32.dll
 0001:00001c82       _wsprintfW                 10002c82 f   user32:USER32.dll
 0001:00001c88       __IMPORT_DESCRIPTOR_KERNEL32 10002c88     kernel32:KERNEL32.dll
 0001:00001c9c       __IMPORT_DESCRIPTOR_USER32 10002c9c     user32:USER32.dll
 0001:00001cb0       __NULL_IMPORT_DESCRIPTOR   10002cb0     kernel32:KERNEL32.dll
 0002:00000000       ?ghModule@@3PAUHINSTANCE__@@A 10003000     pe.obj
 0002:00000004       ?ghHeap@@3PAXA             10003004     Memory.obj

 entry point at        0000:00000000

 Static symbols

 0001:000017ea       ?StringValidateDestA@@YGJPBDII@Z 100027ea f   Memory.obj
 0001:000017fe       ?StringValidateDestW@@YGJPB_WII@Z 100027fe f   Memory.obj
 0001:00001812       ?StringCopyWorkerA@@YGJPADIPAIPBDI@Z 10002812 f   Memory.obj
 0001:00001859       ?StringCopyWorkerW@@YGJPA_WIPAIPB_WI@Z 10002859 f   Memory.obj
