 ConEmu.x64

 Timestamp is 521d3654 (Wed Aug 28 03:29:24 2013)

 Preferred load address is 0000000180000000

 Start         Length     Name                   Class
 0001:00000000 00034c44H .text                   CODE
 0001:00034c50 0000005eH .text$00                CODE
 0002:00000000 00000668H .idata$5                DATA
 0002:00000670 00004092H .rdata                  DATA
 0002:00004704 0000007eH .rdata$debug            DATA
 0002:00004788 000012e0H .xdata                  DATA
 0002:00005a68 00000078H .idata$2                DATA
 0002:00005ae0 00000014H .idata$3                DATA
 0002:00005af8 00000668H .idata$4                DATA
 0002:00006160 00000e70H .idata$6                DATA
 0002:00006fd0 0000033bH .edata                  DATA
 0003:00000000 000001e0H .data                   DATA
 0003:000001e0 00002202H .bss                    DATA
 0004:00000000 00001a1cH .pdata                  DATA
 0005:00000000 00000058H .rsrc$01                DATA
 0005:00000060 00000290H .rsrc$02                DATA

  Address         Publics by Value              Rva+Base               Lib:Object

 0000:00000000       ___safe_se_handler_count   0000000000000000     <absolute>
 0000:00000000       ___safe_se_handler_table   0000000000000000     <absolute>
 0000:00000000       __ImageBase                0000000180000000     <linker-defined>
 0001:00000000       ?StartupHooks@@YAHPEAUHINSTANCE__@@@Z 0000000180001000 f   ConEmuInjects.obj
 0001:00000470       ?ShutdownHooks@@YAXXZ      0000000180001470 f   ConEmuInjects.obj
 0001:000006d0       ??$wcscpy_c@$0EA@@@YAHAEAY0EA@_WPEB_W@Z 00000001800016d0 f i ConEmuInjects.obj
 0001:00000700       ?StringCchCopyW@@YAJPEA_W_KPEB_W@Z 0000000180001700 f i ConEmuInjects.obj
 0001:00000890       ?pcc_Selected@@YA_NW4PluginMenuCommands@@@Z 0000000180001890 f   ConEmuPlugin.obj
 0001:00000910       ?pcc_Disabled@@YA_NW4PluginMenuCommands@@@Z 0000000180001910 f   ConEmuPlugin.obj
 0001:000009f0       ?GetPluginInfoWcmn@@YAXPEAX@Z 00000001800019f0 f   ConEmuPlugin.obj
 0001:00000a40       ?CheckConEmuDetached@@YAXXZ 0000000180001a40 f   ConEmuPlugin.obj
 0001:00000af0       ??BHWND2@@QEBAKXZ          0000000180001af0 f i ConEmuPlugin.obj
 0001:00000b00       ?OpenPluginWcmn@@YAPEAXH_J_N@Z 0000000180001b00 f   ConEmuPlugin.obj
 0001:00000e10       OpenPluginW                0000000180001e10 f   ConEmuPlugin.obj
 0001:00000e70       ?TouchReadPeekConsoleInputs@@YAXH@Z 0000000180001e70 f   ConEmuPlugin.obj
 0001:00000ec0       ?OnMainThreadActivated@@YAXXZ 0000000180001ec0 f   ConEmuPlugin.obj
 0001:00001180       ?IsFarLua@FarVersion@@QEBA_NXZ 0000000180002180 f i ConEmuPlugin.obj
 0001:000011e0       ?OnConsolePeekReadInput@@YAXH@Z 00000001800021e0 f   ConEmuPlugin.obj
 0001:00001430       ?OnPanelViewCallbacks@@YAHPEAUHookCallbackArg@@P6AHPEAXPEAU_INPUT_RECORD@@KPEAKPEAH@Z5@Z 0000000180002430 f   ConEmuPlugin.obj
 0001:00001570       ?OnShellExecuteExW_Except@@YAXPEAUHookCallbackArg@@@Z 0000000180002570 f   ConEmuPlugin.obj
 0001:000015c0       ?OnGetNumberOfConsoleInputEventsPost@@YAXPEAUHookCallbackArg@@@Z 00000001800025c0 f   ConEmuPlugin.obj
 0001:00001600       ?UngetDummyMouseEvent@@YAHHPEAUHookCallbackArg@@@Z 0000000180002600 f   ConEmuPlugin.obj
 0001:00001870       ??4HANDLE2@@QEAAAEAU0@PEAX@Z 0000000180002870 f i ConEmuPlugin.obj
 0001:00001890       ?OnConsolePeekInput@@YAHPEAUHookCallbackArg@@@Z 0000000180002890 f   ConEmuPlugin.obj
 0001:00001920       ?OnConsolePeekInputPost@@YAXPEAUHookCallbackArg@@@Z 0000000180002920 f   ConEmuPlugin.obj
 0001:00001970       ?OnConsoleReadInputWork@@YAHPEAUHookCallbackArg@@@Z 0000000180002970 f   ConEmuPlugin.obj
 0001:00001a20       ?OnConsoleReadInput@@YAHPEAUHookCallbackArg@@@Z 0000000180002a20 f   ConEmuPlugin.obj
 0001:00001a40       ?OnConsoleReadInputPost@@YAXPEAUHookCallbackArg@@@Z 0000000180002a40 f   ConEmuPlugin.obj
 0001:00001cf0       ?OnWriteConsoleOutput@@YAHPEAUHookCallbackArg@@@Z 0000000180002cf0 f   ConEmuPlugin.obj
 0001:00001e10       ProcessSynchroEventW       0000000180002e10 f   ConEmuPlugin.obj
 0001:00001ed0       ?ShutdownPluginStep@@YAXPEB_WHHHH@Z 0000000180002ed0 f   ConEmuPlugin.obj
 0001:00001ef0       DllMain                    0000000180002ef0 f   ConEmuPlugin.obj
 0001:00002210       ??_GMSection@@QEAAPEAXI@Z  0000000180003210 f i ConEmuPlugin.obj
 0001:00002250       ??_GCPluginBackground@@QEAAPEAXI@Z 0000000180003250 f i ConEmuPlugin.obj
 0001:00002290       _DllMainCRTStartup         0000000180003290 f   ConEmuPlugin.obj
 0001:000022c0       ?IsConsoleActive@@YAHXZ    00000001800032c0 f   ConEmuPlugin.obj
 0001:00002340       ?GetFarHWND2@@YAPEAUHWND__@@H@Z 0000000180003340 f   ConEmuPlugin.obj
 0001:000023c0       ?GetFarHWND@@YAPEAUHWND__@@XZ 00000001800033c0 f   ConEmuPlugin.obj
 0001:000023d0       ?IsTerminalMode@@YAHXZ     00000001800033d0 f   ConEmuPlugin.obj
 0001:000023e0       ?GetFarVersion@@YAXPEAUFarVersion@@@Z 00000001800033e0 f   ConEmuPlugin.obj
 0001:00002400       ?LoadFarVersion@@YAHXZ     0000000180003400 f   ConEmuPlugin.obj
 0001:000027e0       ?RegisterPanelView@@YAHPEAUPanelViewInit@@@Z 00000001800037e0 f   ConEmuPlugin.obj
 0001:00002ab0       ?RegisterBackground@@YAHPEAURegisterBackgroundArg@@@Z 0000000180003ab0 f   ConEmuPlugin.obj
 0001:00002b50       ?SyncExecute@@YAHPEAUHINSTANCE__@@P6AX_J@Z1@Z 0000000180003b50 f   ConEmuPlugin.obj
 0001:00002bc0       ?ActivateConsole@@YAHXZ    0000000180003bc0 f   ConEmuPlugin.obj
 0001:00002c80       ??BHWND2@@QEBAPEAUHWND__@@XZ 0000000180003c80 f i ConEmuPlugin.obj
 0001:00002c90       ??4HWND2@@QEAAAEAU0@PEAUHWND__@@@Z 0000000180003c90 f i ConEmuPlugin.obj
 0001:00002cb0       ?ExecuteSynchro@@YAXXZ     0000000180003cb0 f   ConEmuPlugin.obj
 0001:00002d70       ?ProcessCommand@@YAHKHPEAXPEAPEAUCESERVER_REQ@@@Z 0000000180003d70 f   ConEmuPlugin.obj
 0001:00003e60       ?StringCchCatW@@YAJPEA_W_KPEB_W@Z 0000000180004e60 f i ConEmuPlugin.obj
 0001:000045b0       ?FarSetConsoleSize@@YAHFF@Z 00000001800055b0 f   ConEmuPlugin.obj
 0001:000046f0       ?OnConsoleDetaching@@YAHPEAUHookCallbackArg@@@Z 00000001800056f0 f   ConEmuPlugin.obj
 0001:00004840       ?OnConsoleWasAttached@@YAXPEAUHookCallbackArg@@@Z 0000000180005840 f   ConEmuPlugin.obj
 0001:000048a0       ?MonitorThreadProcW@@YAKPEAX@Z 00000001800058a0 f   ConEmuPlugin.obj
 0001:00004c90       ?CommonPluginStartup@@YAXXZ 0000000180005c90 f   ConEmuPlugin.obj
 0001:00004cd0       SetStartupInfoW            0000000180005cd0 f   ConEmuPlugin.obj
 0001:00004d40       ?CloseMapHeader@@YAXXZ     0000000180005d40 f   ConEmuPlugin.obj
 0001:00004d70       ?OpenMapHeader@@YAHXZ      0000000180005d70 f   ConEmuPlugin.obj
 0001:00004e50       ?InitRootKey@@YAXXZ        0000000180005e50 f   ConEmuPlugin.obj
 0001:00004f40       ?InitHWND@@YAXXZ           0000000180005f40 f   ConEmuPlugin.obj
 0001:000055f0       ?ReloadFarInfo@@YAHH@Z     00000001800065f0 f   ConEmuPlugin.obj
 0001:00005b20       ?UpdateConEmuTabsW@@YA_NH_N0PEAX@Z 0000000180006b20 f   ConEmuPlugin.obj
 0001:00005c40       ?UpdateConEmuTabs@@YA_NH_N0PEAX@Z 0000000180006c40 f   ConEmuPlugin.obj
 0001:00005eb0       ?CreateTabs@@YAHH@Z        0000000180006eb0 f   ConEmuPlugin.obj
 0001:00005fc0       ?AddTab@@YAHAEAH_N1HPEB_W2HHHH@Z 0000000180006fc0 f   ConEmuPlugin.obj
 0001:00006580       wmemcmp                    0000000180007580 f i ConEmuPlugin.obj
 0001:00006610       ?SendTabs@@YAXHH@Z         0000000180007610 f   ConEmuPlugin.obj
 0001:00006840       ProcessEditorInputW        0000000180007840 f   ConEmuPlugin.obj
 0001:00006890       ProcessEditorEventW        0000000180007890 f   ConEmuPlugin.obj
 0001:00006940       ProcessViewerEventW        0000000180007940 f   ConEmuPlugin.obj
 0001:000069e0       ?FillLoadedParm@@YAXPEAUConEmuLoadedArg@@PEAUHINSTANCE__@@H@Z 00000001800079e0 f   ConEmuPlugin.obj
 0001:00006b20       ?NotifyConEmuUnloaded@@YAXXZ 0000000180007b20 f   ConEmuPlugin.obj
 0001:00006c70       ?StopThread@@YAXXZ         0000000180007c70 f   ConEmuPlugin.obj
 0001:00007030       ??_G?$MFileMapping@UCESERVER_CONSOLE_MAPPING_HDR@@@@QEAAPEAXI@Z 0000000180008030 f i ConEmuPlugin.obj
 0001:00007070       ProcessDialogEventW        0000000180008070 f   ConEmuPlugin.obj
 0001:00007080       ?OpenW@@YAPEAXPEBX@Z       0000000180008080 f   ConEmuPlugin.obj
 0001:000070e0       ?ProcessConsoleInputW@@YA_JPEAX@Z 00000001800080e0 f   ConEmuPlugin.obj
 0001:00007120       ?ProcessEditorEventW3@@YA_JPEAX@Z 0000000180008120 f   ConEmuPlugin.obj
 0001:00007160       ?ProcessViewerEventW3@@YA_JPEAX@Z 0000000180008160 f   ConEmuPlugin.obj
 0001:000071a0       ?ProcessDialogEventW3@@YA_JPEAX@Z 00000001800081a0 f   ConEmuPlugin.obj
 0001:000071e0       ?ProcessSynchroEventW3@@YA_JPEAX@Z 00000001800081e0 f   ConEmuPlugin.obj
 0001:00007220       ?ExitFarCmn@@YAXXZ         0000000180008220 f   ConEmuPlugin.obj
 0001:00007280       ExitFARW                   0000000180008280 f   ConEmuPlugin.obj
 0001:00007310       ?ExitFARW3@@YAXPEAX@Z      0000000180008310 f   ConEmuPlugin.obj
 0001:00007370       ?CheckResources@@YAXH@Z    0000000180008370 f   ConEmuPlugin.obj
 0001:000074e0       ?InitResources@@YAXXZ      00000001800084e0 f   ConEmuPlugin.obj
 0001:00007850       ?StringCchCopyNW@@YAJPEA_W_KPEB_W1@Z 0000000180008850 f i ConEmuPlugin.obj
 0001:000078e0       ?CloseTabs@@YAXXZ          00000001800088e0 f   ConEmuPlugin.obj
 0001:00007970       ?OutDataAlloc@@YAHK@Z      0000000180008970 f   ConEmuPlugin.obj
 0001:000079f0       ?OutDataRealloc@@YAHK@Z    00000001800089f0 f   ConEmuPlugin.obj
 0001:00007af0       ?OutDataWrite@@YAHPEAXK@Z  0000000180008af0 f   ConEmuPlugin.obj
 0001:00007be0       ?ShowMessage@@YAHHH@Z      0000000180008be0 f   ConEmuPlugin.obj
 0001:00007c60       ?ShowMessage@@YAHPEB_WH_N@Z 0000000180008c60 f   ConEmuPlugin.obj
 0001:00007d90       ?ShowMessageGui@@YAHHH@Z   0000000180008d90 f   ConEmuPlugin.obj
 0001:00007e70       ?GetMsgW@@YAPEB_WH@Z       0000000180008e70 f   ConEmuPlugin.obj
 0001:00007ee0       ?PostMacro@@YAXPEB_WPEAU_INPUT_RECORD@@@Z 0000000180008ee0 f   ConEmuPlugin.obj
 0001:000080a0       ?ShowPluginMenu@@YAXW4PluginCallCommands@@@Z 00000001800090a0 f   ConEmuPlugin.obj
 0001:00008d00       ?FindServerCmd@@YAHKAEAK_N@Z 0000000180009d00 f   ConEmuPlugin.obj
 0001:00008e20       ?Attach2Gui@@YAHXZ         0000000180009e20 f   ConEmuPlugin.obj
 0001:00009370       ?StartDebugger@@YAHXZ      000000018000a370 f   ConEmuPlugin.obj
 0001:00009710       ?wcsrchr@@YAPEA_WPEA_W_W@Z 000000018000a710 f i ConEmuPlugin.obj
 0001:00009740       ?IsMacroActive@@YAHXZ      000000018000a740 f   ConEmuPlugin.obj
 0001:000097c0       ?GetMacroArea@@YAHXZ       000000018000a7c0 f   ConEmuPlugin.obj
 0001:00009830       ?RedrawAll@@YAXXZ          000000018000a830 f   ConEmuPlugin.obj
 0001:00009890       ?GetEditorModifiedState@@YAKXZ 000000018000a890 f   ConEmuPlugin.obj
 0001:000098f0       ?GetActiveWindowType@@YAHXZ 000000018000a8f0 f   ConEmuPlugin.obj
 0001:00009950       ?RunExternalProgramW@@YA_NPEA_W0_N@Z 000000018000a950 f   ConEmuPlugin.obj
 0001:00009c30       ?Disable@MWow64Disable@@QEAAXXZ 000000018000ac30 f i ConEmuPlugin.obj
 0001:00009c70       ?Restore@MWow64Disable@@QEAAXXZ 000000018000ac70 f i ConEmuPlugin.obj
 0001:00009cc0       ??0MWow64Disable@@QEAA@XZ  000000018000acc0 f i ConEmuPlugin.obj
 0001:00009d60       ??1MWow64Disable@@QEAA@XZ  000000018000ad60 f i ConEmuPlugin.obj
 0001:00009d80       ?ShowConsoleInfo@@YAXXZ    000000018000ad80 f   ConEmuPlugin.obj
 0001:0000a010       ?GetMainThreadId@@YAKXZ    000000018000b010 f   ConEmuPlugin.obj
 0001:0000a0c0       ?OnLibraryLoaded@@YAXPEAUHINSTANCE__@@@Z 000000018000b0c0 f   ConEmuPlugin.obj
 0001:0000a170       ?_calloc@@YAPEAX_K0@Z      000000018000b170 f   ConEmuPlugin.obj
 0001:0000a1a0       ?_malloc@@YAPEAX_K@Z       000000018000b1a0 f   ConEmuPlugin.obj
 0001:0000a1c0       ?_free@@YAXPEAX@Z          000000018000b1c0 f   ConEmuPlugin.obj
 0001:0000a1e0       ?Ptr@?$MFileMapping@UCESERVER_CONSOLE_MAPPING_HDR@@@@QEAAPEAUCESERVER_CONSOLE_MAPPING_HDR@@XZ 000000018000b1e0 f i ConEmuPlugin.obj
 0001:0000a1f0       ?InitName@?$MFileMapping@UCESERVER_CONSOLE_MAPPING_HDR@@@@QEAAPEB_WPEB_WKK@Z 000000018000b1f0 f i ConEmuPlugin.obj
 0001:0000a250       ?CloseMap@?$MFileMapping@UCESERVER_CONSOLE_MAPPING_HDR@@@@QEAAXXZ 000000018000b250 f i ConEmuPlugin.obj
 0001:0000a2e0       ?Open@?$MFileMapping@UCESERVER_CONSOLE_MAPPING_HDR@@@@QEAAPEAUCESERVER_CONSOLE_MAPPING_HDR@@HH@Z 000000018000b2e0 f i ConEmuPlugin.obj
 0001:0000a310       ??0?$MFileMapping@UCESERVER_CONSOLE_MAPPING_HDR@@@@QEAA@XZ 000000018000b310 f i ConEmuPlugin.obj
 0001:0000a380       ??1?$MFileMapping@UCESERVER_CONSOLE_MAPPING_HDR@@@@QEAA@XZ 000000018000b380 f i ConEmuPlugin.obj
 0001:0000a3b0       ?ClosePtr@?$MFileMapping@UCESERVER_CONSOLE_MAPPING_HDR@@@@QEAAXXZ 000000018000b3b0 f i ConEmuPlugin.obj
 0001:0000a3f0       ?InternalOpenCreate@?$MFileMapping@UCESERVER_CONSOLE_MAPPING_HDR@@@@IEAAPEAUCESERVER_CONSOLE_MAPPING_HDR@@HHH@Z 000000018000b3f0 f i ConEmuPlugin.obj
 0001:0000a6a0       ??$wcscpy_c@$0BBE@@@YAHAEAY0BBE@_WPEB_W@Z 000000018000b6a0 f i ConEmuPlugin.obj
 0001:0000a6d0       ??$wcscat_c@$0BBE@@@YAHAEAY0BBE@_WPEB_W@Z 000000018000b6d0 f i ConEmuPlugin.obj
 0001:0000a700       ??$wcscat_c@$0CAE@@@YAHAEAY0CAE@_WPEB_W@Z 000000018000b700 f i ConEmuPlugin.obj
 0001:0000a730       ??$wcscpy_c@$0CAI@@@YAHAEAY0CAI@_WPEB_W@Z 000000018000b730 f i ConEmuPlugin.obj
 0001:0000a760       GetMinFarVersionW          000000018000b760 f   ConEmuPlugin995.obj
 0001:0000a770       ?GetPluginInfoW995@@YAXPEAX@Z 000000018000b770 f   ConEmuPlugin995.obj
 0001:0000a830       ?ProcessDragFromW995@@YAXXZ 000000018000b830 f   ConEmuPlugin995.obj
 0001:0000b240       ?ProcessDragToW995@@YAXXZ  000000018000c240 f   ConEmuPlugin995.obj
 0001:0000b7e0       ?SetStartupInfoW995@@YAXPEAX@Z 000000018000c7e0 f   ConEmuPlugin995.obj
 0001:0000ba40       ?GetEditorModifiedStateW995@@YAKXZ 000000018000ca40 f   ConEmuPlugin995.obj
 0001:0000baa0       ?ProcessEditorInputW995@@YAHPEBX@Z 000000018000caa0 f   ConEmuPlugin995.obj
 0001:0000bb20       ?UpdateConEmuTabsW995@@YA_NH_N0PEAX@Z 000000018000cb20 f   ConEmuPlugin995.obj
 0001:0000c100       ?ExitFARW995@@YAXXZ        000000018000d100 f   ConEmuPlugin995.obj
 0001:0000c190       ?ShowMessageW995@@YAHPEB_WH_N@Z 000000018000d190 f   ConEmuPlugin995.obj
 0001:0000c230       ?ShowMessageW995@@YAHHH@Z  000000018000d230 f   ConEmuPlugin995.obj
 0001:0000c2a0       ?GetMsgW995@@YAPEB_WH@Z    000000018000d2a0 f   ConEmuPlugin995.obj
 0001:0000c2f0       ?SetWindowW995@@YAXH@Z     000000018000d2f0 f   ConEmuPlugin995.obj
 0001:0000c370       ?PostMacroW995@@YAXPEB_WPEAU_INPUT_RECORD@@@Z 000000018000d370 f   ConEmuPlugin995.obj
 0001:0000c430       ?ShowPluginMenuW995@@YAHPEAUConEmuPluginMenuItem@@H@Z 000000018000d430 f   ConEmuPlugin995.obj
 0001:0000c6a0       ?EditOutputW995@@YAHPEB_WH@Z 000000018000d6a0 f   ConEmuPlugin995.obj
 0001:0000c7c0       ?ExecuteSynchroW995@@YAHXZ 000000018000d7c0 f   ConEmuPlugin995.obj
 0001:0000c860       ?WaitEndSynchroW995@@YAXXZ 000000018000d860 f   ConEmuPlugin995.obj
 0001:0000caa0       ?StopWaitEndSynchroW995@@YAXXZ 000000018000daa0 f   ConEmuPlugin995.obj
 0001:0000cae0       ?IsMacroActiveW995@@YAHXZ  000000018000dae0 f   ConEmuPlugin995.obj
 0001:0000cb50       ?GetMacroAreaW995@@YAHXZ   000000018000db50 f   ConEmuPlugin995.obj
 0001:0000cba0       ?RedrawAllW995@@YAXXZ      000000018000dba0 f   ConEmuPlugin995.obj
 0001:0000cbe0       ?LoadPluginW995@@YA_NPEA_W@Z 000000018000dbe0 f   ConEmuPlugin995.obj
 0001:0000cc20       ?RunExternalProgramW995@@YA_NPEA_W@Z 000000018000dc20 f   ConEmuPlugin995.obj
 0001:0000cfb0       ?wcschr@@YAPEA_WPEA_W_W@Z  000000018000dfb0 f i ConEmuPlugin995.obj
 0001:0000cfe0       ?wcsstr@@YAPEA_WPEA_WPEB_W@Z 000000018000dfe0 f i ConEmuPlugin995.obj
 0001:0000d010       ?ProcessCommandLineW995@@YA_NPEA_W@Z 000000018000e010 f   ConEmuPlugin995.obj
 0001:0000d070       ?LoadFarColorsW995@@YAXAEAY0BAA@E@Z 000000018000e070 f   ConEmuPlugin995.obj
 0001:0000d170       ?ReloadFarInfoW995@@YAHXZ  000000018000e170 f   ConEmuPlugin995.obj
 0001:0000d420       ?ExecuteQuitFar995@@YAXXZ  000000018000e420 f   ConEmuPlugin995.obj
 0001:0000d480       ?CheckBufferEnabledW995@@YAHXZ 000000018000e480 f   ConEmuPlugin995.obj
 0001:0000d550       ?FillUpdateBackgroundW995@@YAXPEAUPaintBackgroundArg@@@Z 000000018000e550 f   ConEmuPlugin995.obj
 0001:0000da30       ?GetActiveWindowTypeW995@@YAHXZ 000000018000ea30 f   ConEmuPlugin995.obj
 0001:0000db40       ?GuiMacroDlgW995@@YAXXZ    000000018000eb40 f   ConEmuPlugin995.obj
 0001:0000e1c0       ?GetPluginInfoW1900@@YAXPEAX@Z 000000018000f1c0 f   ConEmuPlugin1900.obj
 0001:0000e250       ?ProcessDragFromW1900@@YAXXZ 000000018000f250 f   ConEmuPlugin1900.obj
 0001:0000ed80       ?ProcessDragToW1900@@YAXXZ 000000018000fd80 f   ConEmuPlugin1900.obj
 0001:0000f380       ?SetStartupInfoW1900@@YAXPEAX@Z 0000000180010380 f   ConEmuPlugin1900.obj
 0001:0000f540       ?GetEditorModifiedStateW1900@@YAKXZ 0000000180010540 f   ConEmuPlugin1900.obj
 0001:0000f5a0       ?ProcessEditorEventW1900@@YAHPEAX@Z 00000001800105a0 f   ConEmuPlugin1900.obj
 0001:0000f5d0       ?ProcessViewerEventW1900@@YAHPEAX@Z 00000001800105d0 f   ConEmuPlugin1900.obj
 0001:0000f600       ?ProcessDialogEventW1900@@YAHPEAX@Z 0000000180010600 f   ConEmuPlugin1900.obj
 0001:0000f630       ?ProcessSynchroEventW1900@@YAHPEAX@Z 0000000180010630 f   ConEmuPlugin1900.obj
 0001:0000f660       ?ProcessEditorInputW1900@@YAHPEBX@Z 0000000180010660 f   ConEmuPlugin1900.obj
 0001:0000f6e0       ?UpdateConEmuTabsW1900@@YA_NH_N0PEAX@Z 00000001800106e0 f   ConEmuPlugin1900.obj
 0001:0000ffd0       ?ExitFARW1900@@YAXXZ       0000000180010fd0 f   ConEmuPlugin1900.obj
 0001:00010060       ?ShowMessageW1900@@YAHPEB_WH_N@Z 0000000180011060 f   ConEmuPlugin1900.obj
 0001:00010140       ?ShowMessageW1900@@YAHHH@Z 0000000180011140 f   ConEmuPlugin1900.obj
 0001:000101b0       ?GetMsgW1900@@YAPEB_WH@Z   00000001800111b0 f   ConEmuPlugin1900.obj
 0001:00010200       ?SetWindowW1900@@YAXH@Z    0000000180011200 f   ConEmuPlugin1900.obj
 0001:00010270       ?PostMacroW1900@@YAXPEB_WPEAU_INPUT_RECORD@@@Z 0000000180011270 f   ConEmuPlugin1900.obj
 0001:00010d90       ?ShowPluginMenuW1900@@YAHPEAUConEmuPluginMenuItem@@H@Z 0000000180011d90 f   ConEmuPlugin1900.obj
 0001:000110c0       ?EditOutputW1900@@YAHPEB_WH@Z 00000001800120c0 f   ConEmuPlugin1900.obj
 0001:000111e0       ?ExecuteSynchroW1900@@YAHXZ 00000001800121e0 f   ConEmuPlugin1900.obj
 0001:00011280       ?WaitEndSynchroW1900@@YAXXZ 0000000180012280 f   ConEmuPlugin1900.obj
 0001:00011290       ?StopWaitEndSynchroW1900@@YAXXZ 0000000180012290 f   ConEmuPlugin1900.obj
 0001:000112d0       ?IsMacroActiveW1900@@YAHXZ 00000001800122d0 f   ConEmuPlugin1900.obj
 0001:00011320       ?GetMacroAreaW1900@@YAHXZ  0000000180012320 f   ConEmuPlugin1900.obj
 0001:00011350       ?RedrawAllW1900@@YAXXZ     0000000180012350 f   ConEmuPlugin1900.obj
 0001:00011390       ?LoadPluginW1900@@YA_NPEA_W@Z 0000000180012390 f   ConEmuPlugin1900.obj
 0001:000113d0       ?RunExternalProgramW1900@@YA_NPEA_W@Z 00000001800123d0 f   ConEmuPlugin1900.obj
 0001:00011750       ?ProcessCommandLineW1900@@YA_NPEA_W@Z 0000000180012750 f   ConEmuPlugin1900.obj
 0001:000117b0       ?LoadFarColorsW1900@@YAXAEAY0BAA@E@Z 00000001800127b0 f   ConEmuPlugin1900.obj
 0001:000119e0       ?FarColor_3_2@@YAEAEBUFarColor@@@Z 00000001800129e0 f i ConEmuPlugin1900.obj
 0001:00011b00       ?Color2FgIndex@Far3Color@@SAXKAEAG@Z 0000000180012b00 f i ConEmuPlugin1900.obj
 0001:00011c90       ?Max@Far3Color@@SAHHH@Z    0000000180012c90 f i ConEmuPlugin1900.obj
 0001:00011cc0       ?GetStdIndex@Far3Color@@SAHK@Z 0000000180012cc0 f i ConEmuPlugin1900.obj
 0001:00011d90       ?Color2BgIndex@Far3Color@@SAXKHAEAG@Z 0000000180012d90 f i ConEmuPlugin1900.obj
 0001:00011f60       ?ReloadFarInfoW1900@@YAHXZ 0000000180012f60 f   ConEmuPlugin1900.obj
 0001:00012430       ?ExecuteQuitFarW1900@@YAXXZ 0000000180013430 f   ConEmuPlugin1900.obj
 0001:00012490       ?CheckBufferEnabledW1900@@YAHXZ 0000000180013490 f   ConEmuPlugin1900.obj
 0001:00012560       ?FillUpdateBackgroundW1900@@YAXPEAUPaintBackgroundArg@@@Z 0000000180013560 f   ConEmuPlugin1900.obj
 0001:00012b80       ?GetActiveWindowTypeW1900@@YAHXZ 0000000180013b80 f   ConEmuPlugin1900.obj
 0001:00012c80       ?GuiMacroDlgW1900@@YAXXZ   0000000180013c80 f   ConEmuPlugin1900.obj
 0001:00013380       ?OpenW1900@@YAPEAXPEBX@Z   0000000180014380 f   ConEmuPlugin1900.obj
 0001:00013510       ?ProcessConsoleInputW1900@@YAHPEAX@Z 0000000180014510 f   ConEmuPlugin1900.obj
 0001:00013530       ?GetPluginInfoW2800@@YAXPEAX@Z 0000000180014530 f   ConEmuPlugin2800.obj
 0001:000135c0       ?ProcessDragFromW2800@@YAXXZ 00000001800145c0 f   ConEmuPlugin2800.obj
 0001:00014100       ?ProcessDragToW2800@@YAXXZ 0000000180015100 f   ConEmuPlugin2800.obj
 0001:00014700       ?SetStartupInfoW2800@@YAXPEAX@Z 0000000180015700 f   ConEmuPlugin2800.obj
 0001:000148c0       ?GetEditorModifiedStateW2800@@YAKXZ 00000001800158c0 f   ConEmuPlugin2800.obj
 0001:00014930       ?ProcessEditorEventW2800@@YA_JPEAX@Z 0000000180015930 f   ConEmuPlugin2800.obj
 0001:00014960       ?ProcessViewerEventW2800@@YA_JPEAX@Z 0000000180015960 f   ConEmuPlugin2800.obj
 0001:00014990       ?ProcessDialogEventW2800@@YA_JPEAX@Z 0000000180015990 f   ConEmuPlugin2800.obj
 0001:000149c0       ?ProcessSynchroEventW2800@@YA_JPEAX@Z 00000001800159c0 f   ConEmuPlugin2800.obj
 0001:000149f0       ?ProcessEditorInputW2800@@YAHPEBX@Z 00000001800159f0 f   ConEmuPlugin2800.obj
 0001:00014a70       ?UpdateConEmuTabsW2800@@YA_NH_N0PEAX@Z 0000000180015a70 f   ConEmuPlugin2800.obj
 0001:00015440       ?ExitFARW2800@@YAXXZ       0000000180016440 f   ConEmuPlugin2800.obj
 0001:000154d0       ?ShowMessageW2800@@YAHPEB_WH_N@Z 00000001800164d0 f   ConEmuPlugin2800.obj
 0001:000155b0       ?ShowMessageW2800@@YAHHH@Z 00000001800165b0 f   ConEmuPlugin2800.obj
 0001:00015620       ?GetMsgW2800@@YAPEB_WH@Z   0000000180016620 f   ConEmuPlugin2800.obj
 0001:00015670       ?SetWindowW2800@@YAXH@Z    0000000180016670 f   ConEmuPlugin2800.obj
 0001:000156e0       ?BackgroundMacroError@@YAKPEAX@Z 00000001800166e0 f   ConEmuPlugin2800.obj
 0001:00015730       ?PostMacroW2800@@YAXPEB_WPEAU_INPUT_RECORD@@@Z 0000000180016730 f   ConEmuPlugin2800.obj
 0001:00015c90       ?ShowPluginMenuW2800@@YAHPEAUConEmuPluginMenuItem@@H@Z 0000000180016c90 f   ConEmuPlugin2800.obj
 0001:00015fc0       ?EditOutputW2800@@YAHPEB_WH@Z 0000000180016fc0 f   ConEmuPlugin2800.obj
 0001:000160e0       ?ExecuteSynchroW2800@@YAHXZ 00000001800170e0 f   ConEmuPlugin2800.obj
 0001:00016180       ?WaitEndSynchroW2800@@YAXXZ 0000000180017180 f   ConEmuPlugin2800.obj
 0001:00016190       ?StopWaitEndSynchroW2800@@YAXXZ 0000000180017190 f   ConEmuPlugin2800.obj
 0001:000161d0       ?IsMacroActiveW2800@@YAHXZ 00000001800171d0 f   ConEmuPlugin2800.obj
 0001:00016220       ?GetMacroAreaW2800@@YAHXZ  0000000180017220 f   ConEmuPlugin2800.obj
 0001:00016250       ?RedrawAllW2800@@YAXXZ     0000000180017250 f   ConEmuPlugin2800.obj
 0001:00016290       ?LoadPluginW2800@@YA_NPEA_W@Z 0000000180017290 f   ConEmuPlugin2800.obj
 0001:000162d0       ?RunExternalProgramW2800@@YA_NPEA_W@Z 00000001800172d0 f   ConEmuPlugin2800.obj
 0001:00016660       ?ProcessCommandLineW2800@@YA_NPEA_W@Z 0000000180017660 f   ConEmuPlugin2800.obj
 0001:000166c0       ?LoadFarColorsW2800@@YAXAEAY0BAA@E@Z 00000001800176c0 f   ConEmuPlugin2800.obj
 0001:000168f0       ?ReloadFarInfoW2800@@YAHXZ 00000001800178f0 f   ConEmuPlugin2800.obj
 0001:00016dd0       ?ExecuteQuitFarW2800@@YAXXZ 0000000180017dd0 f   ConEmuPlugin2800.obj
 0001:00016e30       ?CheckBufferEnabledW2800@@YAHXZ 0000000180017e30 f   ConEmuPlugin2800.obj
 0001:00016f00       ?FillUpdateBackgroundW2800@@YAXPEAUPaintBackgroundArg@@@Z 0000000180017f00 f   ConEmuPlugin2800.obj
 0001:00017520       ?GetActiveWindowTypeW2800@@YAHXZ 0000000180018520 f   ConEmuPlugin2800.obj
 0001:00017620       ?GuiMacroDlgW2800@@YAXXZ   0000000180018620 f   ConEmuPlugin2800.obj
 0001:00017d40       GetGlobalInfoW             0000000180018d40 f   ConEmuPlugin2800.obj
 0001:00017f60       ?OpenW2800@@YAPEAXPEBX@Z   0000000180018f60 f   ConEmuPlugin2800.obj
 0001:00018110       ?ProcessConsoleInputW2800@@YA_JPEAX@Z 0000000180019110 f   ConEmuPlugin2800.obj
 0001:00018130       GetMinFarVersion           0000000180019130 f   ConEmuPluginA.obj
 0001:000181a0       OpenPlugin                 00000001800191a0 f   ConEmuPluginA.obj
 0001:00018230       ?ProcessDragFromA@@YAXXZ   0000000180019230 f   ConEmuPluginA.obj
 0001:00018a60       ?ProcessDragToA@@YAXXZ     0000000180019a60 f   ConEmuPluginA.obj
 0001:00018f90       SetStartupInfo             0000000180019f90 f   ConEmuPluginA.obj
 0001:00019230       GetPluginInfo              000000018001a230 f   ConEmuPluginA.obj
 0001:00019310       ?GetEditorModifiedStateA@@YAKXZ 000000018001a310 f   ConEmuPluginA.obj
 0001:00019370       ProcessEditorInput         000000018001a370 f   ConEmuPluginA.obj
 0001:000193e0       ProcessEditorEvent         000000018001a3e0 f   ConEmuPluginA.obj
 0001:00019490       ProcessViewerEvent         000000018001a490 f   ConEmuPluginA.obj
 0001:00019530       ?UpdateConEmuTabsA@@YA_NH_N0PEAX@Z 000000018001a530 f   ConEmuPluginA.obj
 0001:00019a90       ProcessDialogEvent         000000018001aa90 f   ConEmuPluginA.obj
 0001:00019aa0       ExitFAR                    000000018001aaa0 f   ConEmuPluginA.obj
 0001:00019b40       ?ShowMessageA@@YAHPEBDH_N@Z 000000018001ab40 f   ConEmuPluginA.obj
 0001:00019be0       ?ShowMessageA@@YAHHH@Z     000000018001abe0 f   ConEmuPluginA.obj
 0001:00019c50       ?SetWindowA@@YAXH@Z        000000018001ac50 f   ConEmuPluginA.obj
 0001:00019cd0       ?PostMacroA@@YAXPEADPEAU_INPUT_RECORD@@@Z 000000018001acd0 f   ConEmuPluginA.obj
 0001:00019d90       ?ShowPluginMenuA@@YAHPEAUConEmuPluginMenuItem@@H@Z 000000018001ad90 f   ConEmuPluginA.obj
 0001:0001a080       ?EditOutputA@@YAHPEB_WH@Z  000000018001b080 f   ConEmuPluginA.obj
 0001:0001a210       ?GetMsgA@@YAXHAEAY0BAE@_W@Z 000000018001b210 f   ConEmuPluginA.obj
 0001:0001a2f0       ?IsMacroActiveA@@YAHXZ     000000018001b2f0 f   ConEmuPluginA.obj
 0001:0001a360       ?RedrawAllA@@YAXXZ         000000018001b360 f   ConEmuPluginA.obj
 0001:0001a3a0       ?RunExternalProgramA@@YA_NPEAD@Z 000000018001b3a0 f   ConEmuPluginA.obj
 0001:0001a6d0       ?ProcessCommandLineA@@YA_NPEAD@Z 000000018001b6d0 f   ConEmuPluginA.obj
 0001:0001a730       ?LoadFarColorsA@@YAXAEAY0BAA@E@Z 000000018001b730 f   ConEmuPluginA.obj
 0001:0001a840       ?ReloadFarInfoA@@YAHXZ     000000018001b840 f   ConEmuPluginA.obj
 0001:0001aa00       ?ExecuteQuitFarA@@YAXXZ    000000018001ba00 f   ConEmuPluginA.obj
 0001:0001aa30       ?FillUpdateBackgroundA@@YAXPEAUPaintBackgroundArg@@@Z 000000018001ba30 f   ConEmuPluginA.obj
 0001:0001ae00       ?GetActiveWindowTypeA@@YAHXZ 000000018001be00 f   ConEmuPluginA.obj
 0001:0001ae80       ?GuiMacroDlgA@@YAXXZ       000000018001be80 f   ConEmuPluginA.obj
 0001:0001b670       ??0CPluginBackground@@QEAA@XZ 000000018001c670 f   PluginBackground.obj
 0001:0001b920       ??1CPluginBackground@@QEAA@XZ 000000018001c920 f   PluginBackground.obj
 0001:0001bbd0       ?RegisterSubplugin@CPluginBackground@@QEAAHPEAURegisterBackgroundArg@@@Z 000000018001cbd0 f   PluginBackground.obj
 0001:0001c020       ?ReallocItems@CPluginBackground@@IEAAXH@Z 000000018001d020 f   PluginBackground.obj
 0001:0001c0c0       ?OnMainThreadActivated@CPluginBackground@@QEAAXHH@Z 000000018001d0c0 f   PluginBackground.obj
 0001:0001c230       ?SetForceCheck@CPluginBackground@@QEAAXXZ 000000018001d230 f   PluginBackground.obj
 0001:0001c260       ?SetForceUpdate@CPluginBackground@@QEAAXXZ 000000018001d260 f   PluginBackground.obj
 0001:0001c290       ?SetForceThLoad@CPluginBackground@@QEAAXXZ 000000018001d290 f   PluginBackground.obj
 0001:0001c2d0       ?IsParmChanged@CPluginBackground@@IEAA_NPEAUPaintBackgroundArg@@0@Z 000000018001d2d0 f   PluginBackground.obj
 0001:0001c620       ?CheckPanelFolders@CPluginBackground@@IEAAXH@Z 000000018001d620 f   PluginBackground.obj
 0001:0001c7c0       ?SetDcPanelRect@CPluginBackground@@IEAAXPEAUtagRECT@@PEAUtag_BkPanelInfo@PaintBackgroundArg@@PEAU4@@Z 000000018001d7c0 f   PluginBackground.obj
 0001:0001c940       ?UpdateBackground_Exec@CPluginBackground@@KAXPEAURegisterBackgroundArg@@PEAUPaintBackgroundArg@@@Z 000000018001d940 f   PluginBackground.obj
 0001:0001c990       ?UpdateBackground@CPluginBackground@@IEAAXXZ 000000018001d990 f   PluginBackground.obj
 0001:0001da50       ?LoadThSet@CPluginBackground@@IEAAHH@Z 000000018001ea50 f   PluginBackground.obj
 0001:0001dcc0       ?MonitorBackground@CPluginBackground@@QEAAXXZ 000000018001ecc0 f   PluginBackground.obj
 0001:0001dd70       ?GetTo@?$MFileMapping@UPanelViewSetMapping@@@@QEAA_NPEAUPanelViewSetMapping@@H@Z 000000018001ed70 f i PluginBackground.obj
 0001:0001ddd0       ?InitName@?$MFileMapping@UPanelViewSetMapping@@@@QEAAPEB_WPEB_WKK@Z 000000018001edd0 f i PluginBackground.obj
 0001:0001de30       ?CloseMap@?$MFileMapping@UPanelViewSetMapping@@@@QEAAXXZ 000000018001ee30 f i PluginBackground.obj
 0001:0001dec0       ?Open@?$MFileMapping@UPanelViewSetMapping@@@@QEAAPEAUPanelViewSetMapping@@HH@Z 000000018001eec0 f i PluginBackground.obj
 0001:0001def0       ??0?$MFileMapping@UPanelViewSetMapping@@@@QEAA@XZ 000000018001eef0 f i PluginBackground.obj
 0001:0001df60       ??1?$MFileMapping@UPanelViewSetMapping@@@@QEAA@XZ 000000018001ef60 f i PluginBackground.obj
 0001:0001df90       ?IsValid@?$MFileMapping@UPanelViewSetMapping@@@@QEAA_NXZ 000000018001ef90 f i PluginBackground.obj
 0001:0001dfc0       ?ClosePtr@?$MFileMapping@UPanelViewSetMapping@@@@QEAAXXZ 000000018001efc0 f i PluginBackground.obj
 0001:0001e000       ?InternalOpenCreate@?$MFileMapping@UPanelViewSetMapping@@@@IEAAPEAUPanelViewSetMapping@@HHH@Z 000000018001f000 f i PluginBackground.obj
 0001:0001e3e0       ?PlugServerInit@@YAXXZ     000000018001f3e0 f   PluginSrv.obj
 0001:0001e3f0       ?PlugServerStart@@YA_NXZ   000000018001f3f0 f   PluginSrv.obj
 0001:0001e520       ?PlugServerStop@@YAX_N@Z   000000018001f520 f   PluginSrv.obj
 0001:0001e570       ?PlugServerCommand@@YAHPEAXPEAUCESERVER_REQ@@AEAPEAU1@AEAK3_J@Z 000000018001f570 f   PluginSrv.obj
 0001:0001edc0       ?PlugServerFree@@YAXPEAUCESERVER_REQ@@_J@Z 000000018001fdc0 f   PluginSrv.obj
 0001:0001ede0       ?SetOverlapped@?$PipeServer@UCESERVER_REQ@@@@QEAAX_N@Z 000000018001fde0 f i PluginSrv.obj
 0001:0001ee00       ?SetLoopCommands@?$PipeServer@UCESERVER_REQ@@@@QEAAX_N@Z 000000018001fe00 f i PluginSrv.obj
 0001:0001ee20       ?SetDummyAnswerSize@?$PipeServer@UCESERVER_REQ@@@@QEAAXH@Z 000000018001fe20 f i PluginSrv.obj
 0001:0001ee40       ?SetMaxCount@?$PipeServer@UCESERVER_REQ@@@@QEAAXH@Z 000000018001fe40 f i PluginSrv.obj
 0001:0001ee90       ?StartPipeServer@?$PipeServer@UCESERVER_REQ@@@@QEAA_NPEB_W_JPEAU_SECURITY_ATTRIBUTES@@P6AHPEAXPEAUCESERVER_REQ@@AEAPEAU3@AEAK61@ZP6AX41@ZP6AH31@Z99@Z 000000018001fe90 f i PluginSrv.obj
 0001:0001f0f0       ?StopPipeServer@?$PipeServer@UCESERVER_REQ@@@@QEAAX_N@Z 00000001800200f0 f i PluginSrv.obj
 0001:0001f730       ?BreakConnection@?$PipeServer@UCESERVER_REQ@@@@QEAAXPEAX@Z 0000000180020730 f i PluginSrv.obj
 0001:0001f760       ?DumpError@?$PipeServer@UCESERVER_REQ@@@@IEAAXPEAUPipeInst@1@PEB_WH@Z 0000000180020760 f i PluginSrv.obj
 0001:0001f890       ?_Disconnect@?$PipeServer@UCESERVER_REQ@@@@IEAAXPEAUPipeInst@1@_N11@Z 0000000180020890 f i PluginSrv.obj
 0001:0001f940       ?StartPipeInstance@?$PipeServer@UCESERVER_REQ@@@@IEAA_NPEAUPipeInst@1@@Z 0000000180020940 f i PluginSrv.obj
 0001:0001faa0       ?_PipeServerThread@?$PipeServer@UCESERVER_REQ@@@@KAKPEAX@Z 0000000180020aa0 f i PluginSrv.obj
 0001:0001fb30       ?PipeServerThread@?$PipeServer@UCESERVER_REQ@@@@IEAAKPEAUPipeInst@1@@Z 0000000180020b30 f i PluginSrv.obj
 0001:00020080       ?PipeServerRead@?$PipeServer@UCESERVER_REQ@@@@IEAAHPEAUPipeInst@1@@Z 0000000180021080 f i PluginSrv.obj
 0001:000204a0       ?PipeServerWrite@?$PipeServer@UCESERVER_REQ@@@@IEAAHPEAUPipeInst@1@PEBXKPEAKH@Z 00000001800214a0 f i PluginSrv.obj
 0001:000206e0       ?WaitForClient@?$PipeServer@UCESERVER_REQ@@@@IEAA_NPEAUPipeInst@1@AEAH1@Z 00000001800216e0 f i PluginSrv.obj
 0001:00020cf0       ?WriteDummyAnswer@?$PipeServer@UCESERVER_REQ@@@@IEAAHPEAUPipeInst@1@@Z 0000000180021cf0 f i PluginSrv.obj
 0001:00020d90       ?WaitOverlapped@?$PipeServer@UCESERVER_REQ@@@@IEAAHPEAUPipeInst@1@PEAK@Z 0000000180021d90 f i PluginSrv.obj
 0001:00021040       ?AllocRequestBuf@PipeInst@?$PipeServer@UCESERVER_REQ@@@@QEAAPEAUCESERVER_REQ@@K@Z 0000000180022040 f i PluginSrv.obj
 0001:000210e0       ??$wcscpy_c@$0BAE@@@YAHAEAY0BAE@_WPEB_W@Z 00000001800220e0 f i PluginSrv.obj
 0001:00021240       ?NextArg@@YAHPEAPEB_WAEAY0BAF@_W0@Z 0000000180022240 f   Common.obj
 0001:000214c0       ?NextArg@@YAHPEAPEBDAEAY0BAF@D0@Z 00000001800224c0 f   Common.obj
 0001:00021720       ?PackInputRecord@@YAHPEBU_INPUT_RECORD@@PEAUMsgStr@MSG64@@@Z 0000000180022720 f   Common.obj
 0001:000219d0       ?UnpackInputRecord@@YAHPEBUMsgStr@MSG64@@PEAU_INPUT_RECORD@@@Z 00000001800229d0 f   Common.obj
 0001:00021cc0       ?TranslateKeyPress@@YAXGK_WHPEAU_INPUT_RECORD@@1@Z 0000000180022cc0 f   Common.obj
 0001:00021e50       ?CommonShutdown@@YAXXZ     0000000180022e50 f   Common.obj
 0001:00021e80       ?GetImageSubsystem@@YA_NPEB_WAEAK11@Z 0000000180022e80 f   Execute.obj
 0001:000222d0       ?GetImageSubsystem@@YA_NAEAK0@Z 00000001800232d0 f   Execute.obj
 0001:000223b0       ?GetImageSubsystem@@YA_NU_PROCESS_INFORMATION@@AEAK1@Z 00000001800233b0 f   Execute.obj
 0001:000226b0       ?GetEnclosingSectionHeader@@YAPEAU_IMAGE_SECTION_HEADER@@KPEAUIMAGE_MAPPING@@@Z 00000001800236b0 f   Execute.obj
 0001:00022760       ?GetPtrFromRVA@@YAPEAXKPEAUIMAGE_MAPPING@@@Z 0000000180023760 f   Execute.obj
 0001:000227f0       ?FindImageSubsystem@@YA_NPEB_WAEAK11@Z 00000001800237f0 f   Execute.obj
 0001:00023470       ?ModuleName@@YAPEB_WPEB_W@Z 0000000180024470 f   ConEmuCheck.obj
 0001:00023560       ?ExecuteOpenPipe@@YAPEAXPEB_WAEAY0CAI@_W0KKHPEAX@Z 0000000180024560 f   ConEmuCheck.obj
 0001:00023880       ?ExecutePrepareCmd@@YAXPEAUCESERVER_REQ@@K_K@Z 0000000180024880 f   ConEmuCheck.obj
 0001:000238e0       ?ExecutePrepareCmd@@YAXPEAUCESERVER_REQ_HDR@@K_K@Z 00000001800248e0 f   ConEmuCheck.obj
 0001:000239b0       ?ExecuteNewCmd@@YAPEAUCESERVER_REQ@@K_K@Z 00000001800249b0 f   ConEmuCheck.obj
 0001:00023a20       ?ExecuteNewCmd@@YAHAEAPEAUCESERVER_REQ@@AEAKK_K@Z 0000000180024a20 f   ConEmuCheck.obj
 0001:00023af0       ?LoadSrvMapping@@YAHPEAUHWND__@@AEAUCESERVER_CONSOLE_MAPPING_HDR@@@Z 0000000180024af0 f   ConEmuCheck.obj
 0001:00023c50       ?LoadGuiMapping@@YAHKAEAUConEmuGuiMapping@@@Z 0000000180024c50 f   ConEmuCheck.obj
 0001:00023db0       ?ExecuteNewCmdOnCreate@@YAPEAUCESERVER_REQ@@PEAUCESERVER_CONSOLE_MAPPING_HDR@@PEAUHWND__@@W4CmdOnCreateType@@PEB_W33PEAK444HHPEAX55@Z 0000000180024db0 f   ConEmuCheck.obj
 0001:000243d0       ?ExecuteGuiCmd@@YAPEAUCESERVER_REQ@@PEAUHWND__@@PEAU1@0H@Z 00000001800253d0 f   ConEmuCheck.obj
 0001:00024480       ?ExecuteSrvCmd@@YAPEAUCESERVER_REQ@@KPEAU1@PEAUHWND__@@HK@Z 0000000180025480 f   ConEmuCheck.obj
 0001:00024540       ?ExecuteHkCmd@@YAPEAUCESERVER_REQ@@KPEAU1@PEAUHWND__@@H@Z 0000000180025540 f   ConEmuCheck.obj
 0001:00024600       ?ExecuteCmd@@YAPEAUCESERVER_REQ@@PEB_WPEAU1@KPEAUHWND__@@HK@Z 0000000180025600 f   ConEmuCheck.obj
 0001:00024970       ?ExecuteFreeResult@@YAXAEAPEAUCESERVER_REQ@@@Z 0000000180025970 f   ConEmuCheck.obj
 0001:000249b0       ?myGetConsoleWindow@@YAPEAUHWND__@@XZ 00000001800259b0 f   ConEmuCheck.obj
 0001:00024a50       ?GetConEmuHWND@@YAPEAUHWND__@@H@Z 0000000180025a50 f   ConEmuCheck.obj
 0001:00024c60       ?SetConEmuEnvVar@@YAXPEAUHWND__@@@Z 0000000180025c60 f   ConEmuCheck.obj
 0001:00024cc0       ?ConEmuCheck@@YAHPEAPEAUHWND__@@@Z 0000000180025cc0 f   ConEmuCheck.obj
 0001:00024d10       ?GuiMessageBox@@YAHPEAUHWND__@@PEB_W1H@Z 0000000180025d10 f   ConEmuCheck.obj
 0001:00024f30       ?InitName@?$MFileMapping@UConEmuGuiMapping@@@@QEAAPEB_WPEB_WKK@Z 0000000180025f30 f i ConEmuCheck.obj
 0001:00024f90       ?CloseMap@?$MFileMapping@UConEmuGuiMapping@@@@QEAAXXZ 0000000180025f90 f i ConEmuCheck.obj
 0001:00025020       ?Open@?$MFileMapping@UConEmuGuiMapping@@@@QEAAPEAUConEmuGuiMapping@@HH@Z 0000000180026020 f i ConEmuCheck.obj
 0001:00025050       ??0?$MFileMapping@UConEmuGuiMapping@@@@QEAA@XZ 0000000180026050 f i ConEmuCheck.obj
 0001:000250c0       ??1?$MFileMapping@UConEmuGuiMapping@@@@QEAA@XZ 00000001800260c0 f i ConEmuCheck.obj
 0001:000250f0       ?ClosePtr@?$MFileMapping@UConEmuGuiMapping@@@@QEAAXXZ 00000001800260f0 f i ConEmuCheck.obj
 0001:00025130       ?InternalOpenCreate@?$MFileMapping@UConEmuGuiMapping@@@@IEAAPEAUConEmuGuiMapping@@HHH@Z 0000000180026130 f i ConEmuCheck.obj
 0001:000253e0       ??$wcscpy_c@$0CA@@@YAHAEAY0CA@_WPEB_W@Z 00000001800263e0 f i ConEmuCheck.obj
 0001:00025410       ?LoadGuiMapping@@YAHPEAUHWND__@@AEAUConEmuGuiMapping@@@Z 0000000180026410 f   ConEmuCheckEx.obj
 0001:00025460       ?IsConEmuExeExist@@YAHPEB_WAEAY0BAF@_W@Z 0000000180026460 f   ConEmuCheckEx.obj
 0001:00025530       ?FindConEmuBaseDir@@YAHAEAY0BAF@_W0PEAUHINSTANCE__@@@Z 0000000180026530 f   ConEmuCheckEx.obj
 0001:00025ba0       ??$wcscpy_c@$0BAF@@@YAHAEAY0BAF@_WPEB_W@Z 0000000180026ba0 f i ConEmuCheckEx.obj
 0001:00025d00       ??$wcscpy_add@$0BAF@@@YAHPEA_WAEAY0BAF@_WPEB_W@Z 0000000180026d00 f i ConEmuCheckEx.obj
 0001:00025d70       ??$wcscat_c@$0BAF@@@YAHAEAY0BAF@_WPEB_W@Z 0000000180026d70 f i ConEmuCheckEx.obj
 0001:00025eb0       ?HeapInitialize@@YA_NXZ    0000000180026eb0 f   Memory.obj
 0001:00025f00       ?HeapDeinitialize@@YAXXZ   0000000180026f00 f   Memory.obj
 0001:00025f30       ?xf_malloc@@YAPEAX_K@Z     0000000180026f30 f   Memory.obj
 0001:00025f60       ?xf_calloc@@YAPEAX_K0@Z    0000000180026f60 f   Memory.obj
 0001:00025fa0       ?xf_realloc@@YAPEAXPEAX_K@Z 0000000180026fa0 f   Memory.obj
 0001:00025fe0       ?xf_free@@YAXPEAX@Z        0000000180026fe0 f   Memory.obj
 0001:00026020       ?xf_validate@@YA_NPEAX@Z   0000000180027020 f   Memory.obj
 0001:00026070       ??2@YAPEAX_K@Z             0000000180027070 f   Memory.obj
 0001:000260a0       ??_U@YAPEAX_K@Z            00000001800270a0 f   Memory.obj
 0001:000260d0       ??3@YAXPEAX@Z              00000001800270d0 f   Memory.obj
 0001:000260f0       ??_V@YAXPEAX@Z             00000001800270f0 f   Memory.obj
 0001:00026110       ?lstrdup@@YAPEADPEBD@Z     0000000180027110 f   Memory.obj
 0001:00026190       ?StringCchCopyA@@YAJPEAD_KPEBD@Z 0000000180027190 f i Memory.obj
 0001:00026320       ?lstrdup@@YAPEA_WPEB_W@Z   0000000180027320 f   Memory.obj
 0001:000264d0       ?lstrdupW@@YAPEA_WPEBDI@Z  00000001800274d0 f   Memory.obj
 0001:00026570       ?lstrmerge@@YAPEA_WPEB_W000@Z 0000000180027570 f   Memory.obj
 0001:00026740       ?lstrmerge@@YA_NPEAPEA_WPEB_W11@Z 0000000180027740 f   Memory.obj
 0001:000267c0       ?FindMonitorsWorkspace@@YAHPEAUHMONITOR__@@PEAUHDC__@@PEAUtagRECT@@_J@Z 00000001800277c0 f   Monitors.obj
 0001:00026870       ?GetAllMonitorsWorkspace@@YA?AUtagRECT@@XZ 0000000180027870 f   Monitors.obj
 0001:00026900       ?FindPrimaryMonitor@@YAHPEAUHMONITOR__@@PEAUHDC__@@PEAUtagRECT@@_J@Z 0000000180027900 f   Monitors.obj
 0001:00026990       ?GetMonitorInfoSafe@@YA_NPEAUHMONITOR__@@AEAUtagMONITORINFO@@@Z 0000000180027990 f   Monitors.obj
 0001:00026a00       ?GetPrimaryMonitorInfo@@YAPEAUHMONITOR__@@PEAUtagMONITORINFO@@@Z 0000000180027a00 f   Monitors.obj
 0001:00026ac0       ?GetNearestMonitorInfo@@YAPEAUHMONITOR__@@PEAUtagMONITORINFO@@PEAU1@PEBUtagRECT@@PEAUHWND__@@@Z 0000000180027ac0 f   Monitors.obj
 0001:00026bf0       ?EnumAllMonitors@@YAHPEAUHMONITOR__@@PEAUHDC__@@PEAUtagRECT@@_J@Z 0000000180027bf0 f   Monitors.obj
 0001:00026ca0       ?MonitorSortCallback@@YAHAEAU_FindAllMonitorsItem@@0@Z 0000000180027ca0 f   Monitors.obj
 0001:00026d20       ?GetNextMonitorInfo@@YAPEAUHMONITOR__@@PEAUtagMONITORINFO@@PEBUtagRECT@@_N@Z 0000000180027d20 f   Monitors.obj
 0001:00027010       ??0_FindAllMonitors@@QEAA@XZ 0000000180028010 f i Monitors.obj
 0001:00027030       ??1_FindAllMonitors@@QEAA@XZ 0000000180028030 f i Monitors.obj
 0001:00027050       ??0?$MArray@U_FindAllMonitorsItem@@@@QEAA@XZ 0000000180028050 f i Monitors.obj
 0001:000270b0       ??1?$MArray@U_FindAllMonitorsItem@@@@QEAA@XZ 00000001800280b0 f i Monitors.obj
 0001:000270d0       ??A?$MArray@U_FindAllMonitorsItem@@@@QEAAAEAU_FindAllMonitorsItem@@_J@Z 00000001800280d0 f i Monitors.obj
 0001:000270f0       ?push_back@?$MArray@U_FindAllMonitorsItem@@@@QEAA_JAEBU_FindAllMonitorsItem@@@Z 00000001800280f0 f i Monitors.obj
 0001:000271c0       ?size@?$MArray@U_FindAllMonitorsItem@@@@QEBA_JXZ 00000001800281c0 f i Monitors.obj
 0001:000271d0       ?sort@?$MArray@U_FindAllMonitorsItem@@@@QEAAXP6AHAEAU_FindAllMonitorsItem@@0@Z@Z 00000001800281d0 f i Monitors.obj
 0001:00027310       ?clear@?$MArray@U_FindAllMonitorsItem@@@@QEAAXXZ 0000000180028310 f i Monitors.obj
 0001:00027360       ?addsize@?$MArray@U_FindAllMonitorsItem@@@@QEAAX_J@Z 0000000180028360 f i Monitors.obj
 0001:000274a0       ?NullSecurity@@YAPEAU_SECURITY_ATTRIBUTES@@XZ 00000001800284a0 f   MSecurity.obj
 0001:00027500       ??0MNullDesc@@QEAA@XZ      0000000180028500 f i MSecurity.obj
 0001:00027580       ?NullSecurity@MNullDesc@@QEAAPEAU_SECURITY_ATTRIBUTES@@XZ 0000000180028580 f i MSecurity.obj
 0001:000276c0       ?LoadAdvApi@MNullDesc@@IEAAHXZ 00000001800286c0 f i MSecurity.obj
 0001:00027950       ?UnloadAdvApi@MNullDesc@@IEAAXXZ 0000000180028950 f i MSecurity.obj
 0001:00027990       ?LocalSecurity@@YAPEAU_SECURITY_ATTRIBUTES@@XZ 0000000180028990 f   MSecurity.obj
 0001:000279f0       ?LocalSecurity@MNullDesc@@QEAAPEAU_SECURITY_ATTRIBUTES@@XZ 00000001800289f0 f i MSecurity.obj
 0001:00027ca0       ?ShutdownSecurity@@YAXXZ   0000000180028ca0 f   MSecurity.obj
 0001:00027d00       ??_GMNullDesc@@QEAAPEAXI@Z 0000000180028d00 f i MSecurity.obj
 0001:00027d40       ??1MNullDesc@@QEAA@XZ      0000000180028d40 f i MSecurity.obj
 0001:00027dc0       ?msprintf@@YAPEB_WPEA_W_KPEB_WZZ 0000000180028dc0 f   MStrSafe.obj
 0001:00028600       ?msprintf@@YAPEBDPEAD_KPEBDZZ 0000000180029600 f   MStrSafe.obj
 0001:00028d30       ?lstrcmpni@@YAHPEB_W0H@Z   0000000180029d30 f   MStrSafe.obj
 0001:00028de0       ?ShutdownConsole@@YAXXZ    0000000180029de0 f   WinConsole.obj
 0001:00028e30       ?SetConsoleInfo@@YAHPEAUHWND__@@PEAU_CONSOLE_INFO@@@Z 0000000180029e30 f   WinConsole.obj
 0001:00029160       ?ChangeScreenBufferSize@@YAXAEAU_CONSOLE_SCREEN_BUFFER_INFO@@FFFF@Z 000000018002a160 f   WinConsole.obj
 0001:000292c0       ?GetConWindowSize@@YAHAEBU_CONSOLE_SCREEN_BUFFER_INFO@@HHKPEAH1PEAK@Z 000000018002a2c0 f   WinConsole.obj
 0001:00029460       ?GetConsoleSizeInfo@@YAXPEAU_CONSOLE_INFO@@@Z 000000018002a460 f   WinConsole.obj
 0001:00029530       ?apiGetConsoleScreenBufferInfoEx@@YAHPEAXPEAUMY_CONSOLE_SCREEN_BUFFER_INFOEX@@@Z 000000018002a530 f   WinConsole.obj
 0001:000295b0       ?apiSetConsoleScreenBufferInfoEx@@YAHPEAXPEAUMY_CONSOLE_SCREEN_BUFFER_INFOEX@@@Z 000000018002a5b0 f   WinConsole.obj
 0001:00029650       ?apiGetConsoleFontSize@@YAHPEAXAEAH1AEAY0CA@_W@Z 000000018002a650 f   WinConsole.obj
 0001:00029740       ?apiSetConsoleFontSize@@YAHPEAXHHPEB_W@Z 000000018002a740 f   WinConsole.obj
 0001:00029850       ?apiFixFontSizeForBufferSize@@YAHPEAXU_COORD@@@Z 000000018002a850 f   WinConsole.obj
 0001:00029f10       ?SetConsoleFontSizeTo@@YAXPEAUHWND__@@HHPEB_WGG@Z 000000018002af10 f   WinConsole.obj
 0001:0002a550       ?EvaluateDefaultFontWidth@@YAHHPEB_W@Z 000000018002b550 f   WinConsole.obj
 0001:0002a6d0       ?SetUserFriendlyFont@@YAXPEAUHWND__@@@Z 000000018002b6d0 f   WinConsole.obj
 0001:0002abf0       ?CorrectConsolePos@@YAXPEAUHWND__@@@Z 000000018002bbf0 f   WinConsole.obj
 0001:0002add0       ?EmergencyShow@@YAXPEAUHWND__@@@Z 000000018002bdd0 f   WinConsole.obj
 0001:0002aed0       ?getWindowInfo@@YAXPEAUHWND__@@AEAY0EAA@_W@Z 000000018002bed0 f   WinObjects.obj
 0001:0002b050       ?apiSetForegroundWindow@@YAHPEAUHWND__@@@Z 000000018002c050 f   WinObjects.obj
 0001:0002b080       ?apiShowWindow@@YAHPEAUHWND__@@H@Z 000000018002c080 f   WinObjects.obj
 0001:0002b0b0       ?apiShowWindowAsync@@YAHPEAUHWND__@@H@Z 000000018002c0b0 f   WinObjects.obj
 0001:0002b0e0       ?isWindow@@YAHPEAUHWND__@@@Z 000000018002c0e0 f   WinObjects.obj
 0001:0002b160       ?FileCompare@@YAHPEB_W0@Z  000000018002c160 f   WinObjects.obj
 0001:0002b460       ?FileExists@@YAHPEB_WPEAK@Z 000000018002c460 f   WinObjects.obj
 0001:0002b670       ?FileExistsSearch@@YAHPEA_W_K@Z 000000018002c670 f   WinObjects.obj
 0001:0002b8e0       ?DirectoryExists@@YAHPEB_W@Z 000000018002c8e0 f   WinObjects.obj
 0001:0002b9d0       ?MyCreateDirectory@@YAHPEA_W@Z 000000018002c9d0 f   WinObjects.obj
 0001:0002bb00       ?IsFilePath@@YAHPEB_W@Z    000000018002cb00 f   WinObjects.obj
 0001:0002bc00       ?GetShortFileName@@YAHPEB_WHPEA_WH@Z 000000018002cc00 f   WinObjects.obj
 0001:0002be80       ?GetShortFileNameEx@@YAPEA_WPEB_WH@Z 000000018002ce80 f   WinObjects.obj
 0001:0002c390       ?IsUserAdmin@@YAHXZ        000000018002d390 f   WinObjects.obj
 0001:0002c490       ?GetLogonSID@@YAHPEAXPEAPEA_W@Z 000000018002d490 f   WinObjects.obj
 0001:0002c600       ?IsWine@@YA_NXZ            000000018002d600 f   WinObjects.obj
 0001:0002c6b0       ?IsDbcs@@YA_NXZ            000000018002d6b0 f   WinObjects.obj
 0001:0002c6f0       ?IsWindows64@@YA_NXZ       000000018002d6f0 f   WinObjects.obj
 0001:0002c730       ?GetProcessBits@@YAHKPEAX@Z 000000018002d730 f   WinObjects.obj
 0001:0002c850       ?GetProcessInfo@@YA_NKPEAUtagPROCESSENTRY32W@@@Z 000000018002d850 f   WinObjects.obj
 0001:0002c930       ?isTerminalMode@@YA_NXZ    000000018002d930 f   WinObjects.obj
 0001:0002cc80       ?IsFarExe@@YA_NPEB_W@Z     000000018002dc80 f   WinObjects.obj
 0001:0002cd10       ?IsModuleValid@@YA_NPEAUHINSTANCE__@@@Z 000000018002dd10 f   WinObjects.obj
 0001:0002cdd0       ?CheckCallbackPtr@@YAHPEAUHINSTANCE__@@_KPEAP6A_JXZHH@Z 000000018002ddd0 f   WinObjects.obj
 0001:0002cfc0       ?RemoveOldComSpecC@@YAXXZ  000000018002dfc0 f   WinObjects.obj
 0001:0002d110       ?PointToName@@YAPEB_WPEB_W@Z 000000018002e110 f   WinObjects.obj
 0001:0002d170       ?PointToName@@YAPEBDPEBD@Z 000000018002e170 f   WinObjects.obj
 0001:0002d1c0       ?PointToExt@@YAPEB_WPEB_W@Z 000000018002e1c0 f   WinObjects.obj
 0001:0002d210       ?Unquote@@YAPEB_WPEA_W@Z   000000018002e210 f   WinObjects.obj
 0001:0002d290       ?ExpandMacroValues@@YAPEA_WPEB_WPEAPEB_W_K@Z 000000018002e290 f   WinObjects.obj
 0001:0002d4e0       ?ExpandEnvStr@@YAPEA_WPEB_W@Z 000000018002e4e0 f   WinObjects.obj
 0001:0002d590       ?GetFullPathNameEx@@YAPEA_WPEB_W@Z 000000018002e590 f   WinObjects.obj
 0001:0002d690       ?IsExecutable@@YAHPEB_WPEAPEA_W@Z 000000018002e690 f   WinObjects.obj
 0001:0002d7b0       ?IsNeedCmd@@YAHPEB_WPEAPEB_WPEAHAEAY0BAF@_WAEAH44@Z 000000018002e7b0 f   WinObjects.obj
 0001:0002e150       ?wcspbrk@@YAPEA_WPEA_WPEB_W@Z 000000018002f150 f i WinObjects.obj
 0001:0002e180       ?SkipNonPrintable@@YAPEB_WPEB_W@Z 000000018002f180 f   WinObjects.obj
 0001:0002e1f0       ?CompareFileMask@@YA_NPEB_W0@Z 000000018002f1f0 f   WinObjects.obj
 0001:0002e410       ??0MConHandle@@QEAA@PEB_W@Z 000000018002f410 f   WinObjects.obj
 0001:0002e4b0       ?LogHandle@MConHandle@@AEAAXIPEAX@Z 000000018002f4b0 f   WinObjects.obj
 0001:0002e540       ??1MConHandle@@QEAA@XZ     000000018002f540 f   WinObjects.obj
 0001:0002e570       ?SetBufferPtr@MConHandle@@QEAAXPEAPEAX@Z 000000018002f570 f   WinObjects.obj
 0001:0002e590       ??BMConHandle@@QEAAQEAXXZ  000000018002f590 f   WinObjects.obj
 0001:0002e950       ?strrchr@@YAPEADPEADH@Z    000000018002f950 f i WinObjects.obj
 0001:0002e970       ?Close@MConHandle@@QEAAXXZ 000000018002f970 f   WinObjects.obj
 0001:0002ea40       ??0MEvent@@QEAA@XZ         000000018002fa40 f   WinObjects.obj
 0001:0002ea80       ??1MEvent@@QEAA@XZ         000000018002fa80 f   WinObjects.obj
 0001:0002eab0       ?Close@MEvent@@QEAAXXZ     000000018002fab0 f   WinObjects.obj
 0001:0002eb10       ?InitName@MEvent@@QEAAXPEB_WK@Z 000000018002fb10 f   WinObjects.obj
 0001:0002eb70       ?Open@MEvent@@QEAAPEAXXZ   000000018002fb70 f   WinObjects.obj
 0001:0002ec10       ?Wait@MEvent@@QEAAKKH@Z    000000018002fc10 f   WinObjects.obj
 0001:0002ec80       ?GetHandle@MEvent@@QEAAPEAXXZ 000000018002fc80 f   WinObjects.obj
 0001:0002eca0       ??0MSetter@@QEAA@PEAH@Z    000000018002fca0 f   WinObjects.obj
 0001:0002ecf0       ??0MSetter@@QEAA@PEA_N@Z   000000018002fcf0 f   WinObjects.obj
 0001:0002ed40       ??0MSetter@@QEAA@PEAKK@Z   000000018002fd40 f   WinObjects.obj
 0001:0002ed90       ??1MSetter@@QEAA@XZ        000000018002fd90 f   WinObjects.obj
 0001:0002edb0       ?Unlock@MSetter@@QEAAXXZ   000000018002fdb0 f   WinObjects.obj
 0001:0002ee30       ??0MSection@@QEAA@XZ       000000018002fe30 f   WinObjects.obj
 0001:0002ef00       ??1MSection@@QEAA@XZ       000000018002ff00 f   WinObjects.obj
 0001:0002efa0       ?Process_Lock@MSection@@IEAAXXZ 000000018002ffa0 f   WinObjects.obj
 0001:0002efc0       ?Process_Unlock@MSection@@IEAAXXZ 000000018002ffc0 f   WinObjects.obj
 0001:0002efe0       ?ThreadTerminated@MSection@@QEAAXK@Z 000000018002ffe0 f   WinObjects.obj
 0001:0002f040       ?AddRef@MSection@@IEAAXK@Z 0000000180030040 f   WinObjects.obj
 0001:0002f180       ?ReleaseRef@MSection@@IEAAHK@Z 0000000180030180 f   WinObjects.obj
 0001:0002f2a0       ?WaitUnlocked@MSection@@IEAAXKK@Z 00000001800302a0 f   WinObjects.obj
 0001:0002f370       ?MyEnterCriticalSection@MSection@@IEAA_NK@Z 0000000180030370 f   WinObjects.obj
 0001:0002f5d0       ?Lock@MSection@@IEAAHHK@Z  00000001800305d0 f   WinObjects.obj
 0001:0002f770       ?Unlock@MSection@@IEAAXH@Z 0000000180030770 f   WinObjects.obj
 0001:0002f800       ?isLockedExclusive@MSection@@QEAA_NXZ 0000000180030800 f   WinObjects.obj
 0001:0002f870       ??0MSectionThread@@QEAA@PEAVMSection@@@Z 0000000180030870 f   WinObjects.obj
 0001:0002f8b0       ??1MSectionThread@@QEAA@XZ 00000001800308b0 f   WinObjects.obj
 0001:0002f8f0       ??0MSectionLock@@QEAA@XZ   00000001800308f0 f   WinObjects.obj
 0001:0002f920       ??1MSectionLock@@QEAA@XZ   0000000180030920 f   WinObjects.obj
 0001:0002f950       ?Lock@MSectionLock@@QEAAHPEAVMSection@@HK@Z 0000000180030950 f   WinObjects.obj
 0001:0002fa20       ?RelockExclusive@MSectionLock@@QEAAHK@Z 0000000180030a20 f   WinObjects.obj
 0001:0002fab0       ?Unlock@MSectionLock@@QEAAXXZ 0000000180030ab0 f   WinObjects.obj
 0001:0002fb00       ?isLocked@MSectionLock@@QEAAHH@Z 0000000180030b00 f   WinObjects.obj
 0001:0002fb50       ??0MSectionLockSimple@@QEAA@XZ 0000000180030b50 f   WinObjects.obj
 0001:0002fb70       ??1MSectionLockSimple@@QEAA@XZ 0000000180030b70 f   WinObjects.obj
 0001:0002fba0       ?Lock@MSectionLockSimple@@QEAAHPEAU_RTL_CRITICAL_SECTION@@K@Z 0000000180030ba0 f   WinObjects.obj
 0001:0002fc70       ?Unlock@MSectionLockSimple@@QEAAXXZ 0000000180030c70 f   WinObjects.obj
 0001:0002fcb0       ?isLocked@MSectionLockSimple@@QEAAHXZ 0000000180030cb0 f   WinObjects.obj
 0001:0002fcc0       ??0MFileLog@@QEAA@PEB_W0K@Z 0000000180030cc0 f   WinObjects.obj
 0001:0002fd60       ?InitFileName@MFileLog@@IEAAJPEB_WK@Z 0000000180030d60 f   WinObjects.obj
 0001:0002fe10       ??1MFileLog@@QEAA@XZ       0000000180030e10 f   WinObjects.obj
 0001:0002fe60       ?CloseLogFile@MFileLog@@QEAAXXZ 0000000180030e60 f   WinObjects.obj
 0001:0002ff00       ?CreateLogFile@MFileLog@@QEAAJPEB_WKK@Z 0000000180030f00 f   WinObjects.obj
 0001:00030720       ?GetLogFileName@MFileLog@@QEAAPEB_WXZ 0000000180031720 f   WinObjects.obj
 0001:00030770       ?LogString@MFileLog@@QEAAXPEBD_N01I@Z 0000000180031770 f   WinObjects.obj
 0001:00030930       ?LogString@MFileLog@@QEAAXPEB_W_N01@Z 0000000180031930 f   WinObjects.obj
 0001:00030d60       ?MonitorEnumProc@MFileLog@@KAHPEAUHMONITOR__@@PEAUHDC__@@PEAUtagRECT@@_J@Z 0000000180031d60 f   WinObjects.obj
 0001:00030f10       ?LogStartEnv@MFileLog@@QEAAXPEAUCEStartupEnv@@@Z 0000000180031f10 f   WinObjects.obj
 0001:00031d40       ??0CToolTip@@QEAA@XZ       0000000180032d40 f   WinObjects.obj
 0001:00031de0       ??_ECToolTip@@UEAAPEAXI@Z  0000000180032de0 f i WinObjects.obj
 0001:00031de0       ??_GCToolTip@@UEAAPEAXI@Z  0000000180032de0 f i WinObjects.obj
 0001:00031e20       ??1CToolTip@@UEAA@XZ       0000000180032e20 f   WinObjects.obj
 0001:00031ee0       ?ShowTip@CToolTip@@QEAAXPEAUHWND__@@0PEB_WHUtagPOINT@@PEAUHINSTANCE__@@@Z 0000000180032ee0 f   WinObjects.obj
 0001:00032390       ?HideTip@CToolTip@@QEAAXXZ 0000000180033390 f   WinObjects.obj
 0001:00032430       ??0CTimer@@QEAA@XZ         0000000180033430 f   WinObjects.obj
 0001:00032470       ??1CTimer@@QEAA@XZ         0000000180033470 f   WinObjects.obj
 0001:00032490       ?IsStarted@CTimer@@QEAA_NXZ 0000000180033490 f   WinObjects.obj
 0001:000324a0       ?Start@CTimer@@QEAAXI@Z    00000001800334a0 f   WinObjects.obj
 0001:00032520       ?Stop@CTimer@@QEAAXXZ      0000000180033520 f   WinObjects.obj
 0001:00032560       ?Restart@CTimer@@QEAAXI@Z  0000000180033560 f   WinObjects.obj
 0001:000325a0       ?Init@CTimer@@QEAAXPEAUHWND__@@_KI@Z 00000001800335a0 f   WinObjects.obj
 0001:000325f0       ?MyGetLargestConsoleWindowSize@@YA?AU_COORD@@PEAX@Z 00000001800335f0 f   WinObjects.obj
 0001:00032680       ?DuplicateProcessHandle@@YAPEAXK@Z 0000000180033680 f   WinObjects.obj
 0001:00032710       ?FindComspec@@YAXPEAUConEmuComspec@@@Z 0000000180033710 f   WinObjects.obj
 0001:00033250       ?GetEnvVar@@YAPEA_WPEB_WK@Z 0000000180034250 f   WinObjects.obj
 0001:00033380       ?UpdateComspec@@YAXPEAUConEmuComspec@@_N@Z 0000000180034380 f   WinObjects.obj
 0001:00033850       ?SetEnvVarExpanded@@YAXPEB_W0@Z 0000000180034850 f   WinObjects.obj
 0001:00033970       ?GetComspecFromEnvVar@@YAPEB_WPEA_WKW4ComSpecBits@@@Z 0000000180034970 f   WinObjects.obj
 0001:00033bc0       ?GetComspec@@YAPEA_WPEBUConEmuComspec@@@Z 0000000180034bc0 f   WinObjects.obj
 0001:00033e80       ?IsExportEnvVarAllowed@@YA_NPEB_W@Z 0000000180034e80 f   WinObjects.obj
 0001:00033f00       ?ApplyExportEnvVar@@YAXPEB_W@Z 0000000180034f00 f   WinObjects.obj
 0001:00033fa0       ?CopyToClipboard@@YA_NPEB_W@Z 0000000180034fa0 f   WinObjects.obj
 0001:00034080       ??$wcscpy_c@$0EAA@@@YAHAEAY0EAA@_WPEB_W@Z 0000000180035080 f i WinObjects.obj
 0001:000340b0       ??$wcscpy_c@$0BAA@@@YAHAEAY0BAA@_WPEB_W@Z 00000001800350b0 f i WinObjects.obj
 0001:000340e0       ??$wcscpy_c@$0EBA@@@YAHAEAY0EBA@_WPEB_W@Z 00000001800350e0 f i WinObjects.obj
 0001:00034110       GetProcAddress             0000000180035110 f   kernel32:KERNEL32.dll
 0001:00034116       GetCurrentProcessId        0000000180035116 f   kernel32:KERNEL32.dll
 0001:0003411c       GetLastError               000000018003511c f   kernel32:KERNEL32.dll
 0001:00034122       LoadLibraryW               0000000180035122 f   kernel32:KERNEL32.dll
 0001:00034128       GetModuleHandleW           0000000180035128 f   kernel32:KERNEL32.dll
 0001:0003412e       IsDebuggerPresent          000000018003512e f   kernel32:KERNEL32.dll
 0001:00034134       SetEvent                   0000000180035134 f   kernel32:KERNEL32.dll
 0001:0003413a       lstrcpyW                   000000018003513a f   kernel32:KERNEL32.dll
 0001:00034140       lstrlenW                   0000000180035140 f   kernel32:KERNEL32.dll
 0001:00034146       SetEnvironmentVariableW    0000000180035146 f   kernel32:KERNEL32.dll
 0001:0003414c       IsBadStringPtrW            000000018003514c f   kernel32:KERNEL32.dll
 0001:00034152       GetNumberOfConsoleInputEvents 0000000180035152 f   kernel32:KERNEL32.dll
 0001:00034158       GetStdHandle               0000000180035158 f   kernel32:KERNEL32.dll
 0001:0003415e       GetTickCount               000000018003515e f   kernel32:KERNEL32.dll
 0001:00034164       SetLastError               0000000180035164 f   kernel32:KERNEL32.dll
 0001:0003416a       GetCurrentThreadId         000000018003516a f   kernel32:KERNEL32.dll
 0001:00034170       ReadConsoleInputW          0000000180035170 f   kernel32:KERNEL32.dll
 0001:00034176       PeekConsoleInputW          0000000180035176 f   kernel32:KERNEL32.dll
 0001:0003417c       lstrcatW                   000000018003517c f   kernel32:KERNEL32.dll
 0001:00034182       GetModuleFileNameW         0000000180035182 f   kernel32:KERNEL32.dll
 0001:00034188       WriteConsoleInputW         0000000180035188 f   kernel32:KERNEL32.dll
 0001:0003418e       WaitForSingleObject        000000018003518e f   kernel32:KERNEL32.dll
 0001:00034194       ReleaseSemaphore           0000000180035194 f   kernel32:KERNEL32.dll
 0001:0003419a       WaitForMultipleObjects     000000018003519a f   kernel32:KERNEL32.dll
 0001:000341a0       ResetEvent                 00000001800351a0 f   kernel32:KERNEL32.dll
 0001:000341a6       GetConsoleScreenBufferInfo 00000001800351a6 f   kernel32:KERNEL32.dll
 0001:000341ac       SuspendThread              00000001800351ac f   kernel32:KERNEL32.dll
 0001:000341b2       ResumeThread               00000001800351b2 f   kernel32:KERNEL32.dll
 0001:000341b8       TerminateProcess           00000001800351b8 f   kernel32:KERNEL32.dll
 0001:000341be       GetCurrentProcess          00000001800351be f   kernel32:KERNEL32.dll
 0001:000341c4       GetEnvironmentVariableW    00000001800351c4 f   kernel32:KERNEL32.dll
 0001:000341ca       CreateThread               00000001800351ca f   kernel32:KERNEL32.dll
 0001:000341d0       CreateSemaphoreW           00000001800351d0 f   kernel32:KERNEL32.dll
 0001:000341d6       CreateEventW               00000001800351d6 f   kernel32:KERNEL32.dll
 0001:000341dc       CloseHandle                00000001800351dc f   kernel32:KERNEL32.dll
 0001:000341e2       OpenFileMappingW           00000001800351e2 f   kernel32:KERNEL32.dll
 0001:000341e8       VirtualProtect             00000001800351e8 f   kernel32:KERNEL32.dll
 0001:000341ee       MapViewOfFile              00000001800351ee f   kernel32:KERNEL32.dll
 0001:000341f4       CreateFileMappingW         00000001800351f4 f   kernel32:KERNEL32.dll
 0001:000341fa       lstrcmpW                   00000001800351fa f   kernel32:KERNEL32.dll
 0001:00034200       lstrcpynW                  0000000180035200 f   kernel32:KERNEL32.dll
 0001:00034206       lstrcmpiW                  0000000180035206 f   kernel32:KERNEL32.dll
 0001:0003420c       Module32NextW              000000018003520c f   kernel32:KERNEL32.dll
 0001:00034212       Module32FirstW             0000000180035212 f   kernel32:KERNEL32.dll
 0001:00034218       CreateToolhelp32Snapshot   0000000180035218 f   kernel32:KERNEL32.dll
 0001:0003421e       UnmapViewOfFile            000000018003521e f   kernel32:KERNEL32.dll
 0001:00034224       TerminateThread            0000000180035224 f   kernel32:KERNEL32.dll
 0001:0003422a       SetConsoleTitleW           000000018003522a f   kernel32:KERNEL32.dll
 0001:00034230       GetConsoleTitleW           0000000180035230 f   kernel32:KERNEL32.dll
 0001:00034236       WideCharToMultiByte        0000000180035236 f   kernel32:KERNEL32.dll
 0001:0003423c       DeleteFileW                000000018003523c f   kernel32:KERNEL32.dll
 0001:00034242       CreateProcessW             0000000180035242 f   kernel32:KERNEL32.dll
 0001:00034248       GetExitCodeProcess         0000000180035248 f   kernel32:KERNEL32.dll
 0001:0003424e       SetConsoleMode             000000018003524e f   kernel32:KERNEL32.dll
 0001:00034254       GetConsoleMode             0000000180035254 f   kernel32:KERNEL32.dll
 0001:0003425a       GetConsoleCursorInfo       000000018003525a f   kernel32:KERNEL32.dll
 0001:00034260       Thread32Next               0000000180035260 f   kernel32:KERNEL32.dll
 0001:00034266       Thread32First              0000000180035266 f   kernel32:KERNEL32.dll
 0001:0003426c       ExpandEnvironmentStringsW  000000018003526c f   kernel32:KERNEL32.dll
 0001:00034272       lstrcmpA                   0000000180035272 f   kernel32:KERNEL32.dll
 0001:00034278       MultiByteToWideChar        0000000180035278 f   kernel32:KERNEL32.dll
 0001:0003427e       lstrlenA                   000000018003527e f   kernel32:KERNEL32.dll
 0001:00034284       lstrcpynA                  0000000180035284 f   kernel32:KERNEL32.dll
 0001:0003428a       GetCurrentDirectoryW       000000018003528a f   kernel32:KERNEL32.dll
 0001:00034290       lstrcpyA                   0000000180035290 f   kernel32:KERNEL32.dll
 0001:00034296       DisconnectNamedPipe        0000000180035296 f   kernel32:KERNEL32.dll
 0001:0003429c       SetThreadPriority          000000018003529c f   kernel32:KERNEL32.dll
 0001:000342a2       Sleep                      00000001800352a2 f   kernel32:KERNEL32.dll
 0001:000342a8       FlushFileBuffers           00000001800352a8 f   kernel32:KERNEL32.dll
 0001:000342ae       ReadFile                   00000001800352ae f   kernel32:KERNEL32.dll
 0001:000342b4       GetOverlappedResult        00000001800352b4 f   kernel32:KERNEL32.dll
 0001:000342ba       WriteFile                  00000001800352ba f   kernel32:KERNEL32.dll
 0001:000342c0       ConnectNamedPipe           00000001800352c0 f   kernel32:KERNEL32.dll
 0001:000342c6       CreateNamedPipeW           00000001800352c6 f   kernel32:KERNEL32.dll
 0001:000342cc       SetFilePointer             00000001800352cc f   kernel32:KERNEL32.dll
 0001:000342d2       GetFileInformationByHandle 00000001800352d2 f   kernel32:KERNEL32.dll
 0001:000342d8       CreateFileW                00000001800352d8 f   kernel32:KERNEL32.dll
 0001:000342de       ReadProcessMemory          00000001800352de f   kernel32:KERNEL32.dll
 0001:000342e4       FreeLibrary                00000001800352e4 f   kernel32:KERNEL32.dll
 0001:000342ea       GetVersionExW              00000001800352ea f   kernel32:KERNEL32.dll
 0001:000342f0       SearchPathW                00000001800352f0 f   kernel32:KERNEL32.dll
 0001:000342f6       DebugBreak                 00000001800352f6 f   kernel32:KERNEL32.dll
 0001:000342fc       SetNamedPipeHandleState    00000001800352fc f   kernel32:KERNEL32.dll
 0001:00034302       WaitNamedPipeW             0000000180035302 f   kernel32:KERNEL32.dll
 0001:00034308       TransactNamedPipe          0000000180035308 f   kernel32:KERNEL32.dll
 0001:0003430e       GetConsoleWindow           000000018003530e f   kernel32:KERNEL32.dll
 0001:00034314       HeapCreate                 0000000180035314 f   kernel32:KERNEL32.dll
 0001:0003431a       HeapDestroy                000000018003531a f   kernel32:KERNEL32.dll
 0001:00034320       HeapAlloc                  0000000180035320 f   kernel32:KERNEL32.dll
 0001:00034326       HeapReAlloc                0000000180035326 f   kernel32:KERNEL32.dll
 0001:0003432c       HeapFree                   000000018003532c f   kernel32:KERNEL32.dll
 0001:00034332       HeapValidate               0000000180035332 f   kernel32:KERNEL32.dll
 0001:00034338       LocalFree                  0000000180035338 f   kernel32:KERNEL32.dll
 0001:0003433e       LocalAlloc                 000000018003533e f   kernel32:KERNEL32.dll
 0001:00034344       SetConsoleWindowInfo       0000000180035344 f   kernel32:KERNEL32.dll
 0001:0003434a       GetConsoleOutputCP         000000018003534a f   kernel32:KERNEL32.dll
 0001:00034350       GetFileSizeEx              0000000180035350 f   kernel32:KERNEL32.dll
 0001:00034356       FindClose                  0000000180035356 f   kernel32:KERNEL32.dll
 0001:0003435c       FindNextFileW              000000018003535c f   kernel32:KERNEL32.dll
 0001:00034362       FindFirstFileW             0000000180035362 f   kernel32:KERNEL32.dll
 0001:00034368       CreateDirectoryW           0000000180035368 f   kernel32:KERNEL32.dll
 0001:0003436e       OpenProcess                000000018003536e f   kernel32:KERNEL32.dll
 0001:00034374       Process32NextW             0000000180035374 f   kernel32:KERNEL32.dll
 0001:0003437a       Process32FirstW            000000018003537a f   kernel32:KERNEL32.dll
 0001:00034380       IsBadReadPtr               0000000180035380 f   kernel32:KERNEL32.dll
 0001:00034386       GetFullPathNameW           0000000180035386 f   kernel32:KERNEL32.dll
 0001:0003438c       GetModuleFileNameA         000000018003538c f   kernel32:KERNEL32.dll
 0001:00034392       OpenEventW                 0000000180035392 f   kernel32:KERNEL32.dll
 0001:00034398       InitializeCriticalSection  0000000180035398 f   kernel32:KERNEL32.dll
 0001:0003439e       DeleteCriticalSection      000000018003539e f   kernel32:KERNEL32.dll
 0001:000343a4       EnterCriticalSection       00000001800353a4 f   kernel32:KERNEL32.dll
 0001:000343aa       LeaveCriticalSection       00000001800353aa f   kernel32:KERNEL32.dll
 0001:000343b0       TryEnterCriticalSection    00000001800353b0 f   kernel32:KERNEL32.dll
 0001:000343b6       OpenThread                 00000001800353b6 f   kernel32:KERNEL32.dll
 0001:000343bc       GetLocalTime               00000001800353bc f   kernel32:KERNEL32.dll
 0001:000343c2       GetLargestConsoleWindowSize 00000001800353c2 f   kernel32:KERNEL32.dll
 0001:000343c8       DuplicateHandle            00000001800353c8 f   kernel32:KERNEL32.dll
 0001:000343ce       GetWindowsDirectoryW       00000001800353ce f   kernel32:KERNEL32.dll
 0001:000343d4       GlobalUnlock               00000001800353d4 f   kernel32:KERNEL32.dll
 0001:000343da       GlobalLock                 00000001800353da f   kernel32:KERNEL32.dll
 0001:000343e0       GlobalAlloc                00000001800353e0 f   kernel32:KERNEL32.dll
 0001:000343e6       MessageBoxW                00000001800353e6 f   user32:USER32.dll
 0001:000343ec       wsprintfW                  00000001800353ec f   user32:USER32.dll
 0001:000343f2       IsWindow                   00000001800353f2 f   user32:USER32.dll
 0001:000343f8       GetWindowLongPtrW          00000001800353f8 f   user32:USER32.dll
 0001:000343fe       GetParent                  00000001800353fe f   user32:USER32.dll
 0001:00034404       PostMessageW               0000000180035404 f   user32:USER32.dll
 0001:0003440a       RegisterWindowMessageW     000000018003540a f   user32:USER32.dll
 0001:00034410       GetWindowThreadProcessId   0000000180035410 f   user32:USER32.dll
 0001:00034416       IsWindowVisible            0000000180035416 f   user32:USER32.dll
 0001:0003441c       CharUpperBuffW             000000018003541c f   user32:USER32.dll
 0001:00034422       FillRect                   0000000180035422 f   user32:USER32.dll
 0001:00034428       ReleaseDC                  0000000180035428 f   user32:USER32.dll
 0001:0003442e       GetDC                      000000018003542e f   user32:USER32.dll
 0001:00034434       ActivateKeyboardLayout     0000000180035434 f   user32:USER32.dll
 0001:0003443a       LoadKeyboardLayoutW        000000018003543a f   user32:USER32.dll
 0001:00034440       MapVirtualKeyW             0000000180035440 f   user32:USER32.dll
 0001:00034446       VkKeyScanW                 0000000180035446 f   user32:USER32.dll
 0001:0003444c       FindWindowW                000000018003544c f   user32:USER32.dll
 0001:00034452       GetSystemMetrics           0000000180035452 f   user32:USER32.dll
 0001:00034458       IsRectEmpty                0000000180035458 f   user32:USER32.dll
 0001:0003445e       EnumDisplayMonitors        000000018003545e f   user32:USER32.dll
 0001:00034464       GetMonitorInfoW            0000000180035464 f   user32:USER32.dll
 0001:0003446a       SystemParametersInfoW      000000018003546a f   user32:USER32.dll
 0001:00034470       MonitorFromWindow          0000000180035470 f   user32:USER32.dll
 0001:00034476       MonitorFromRect            0000000180035476 f   user32:USER32.dll
 0001:0003447c       SetWindowPos               000000018003547c f   user32:USER32.dll
 0001:00034482       ShowWindow                 0000000180035482 f   user32:USER32.dll
 0001:00034488       SendMessageW               0000000180035488 f   user32:USER32.dll
 0001:0003448e       GetWindowRect              000000018003548e f   user32:USER32.dll
 0001:00034494       EnableWindow               0000000180035494 f   user32:USER32.dll
 0001:0003449a       IsWindowEnabled            000000018003549a f   user32:USER32.dll
 0001:000344a0       SetForegroundWindow        00000001800354a0 f   user32:USER32.dll
 0001:000344a6       ShowWindowAsync            00000001800354a6 f   user32:USER32.dll
 0001:000344ac       wsprintfA                  00000001800354ac f   user32:USER32.dll
 0001:000344b2       GetCursorPos               00000001800354b2 f   user32:USER32.dll
 0001:000344b8       GetWindowTextW             00000001800354b8 f   user32:USER32.dll
 0001:000344be       GetClassNameW              00000001800354be f   user32:USER32.dll
 0001:000344c4       GetForegroundWindow        00000001800354c4 f   user32:USER32.dll
 0001:000344ca       GetKeyboardLayoutList      00000001800354ca f   user32:USER32.dll
 0001:000344d0       GetKeyboardLayout          00000001800354d0 f   user32:USER32.dll
 0001:000344d6       DestroyWindow              00000001800354d6 f   user32:USER32.dll
 0001:000344dc       GetClientRect              00000001800354dc f   user32:USER32.dll
 0001:000344e2       CreateWindowExW            00000001800354e2 f   user32:USER32.dll
 0001:000344e8       SetTimer                   00000001800354e8 f   user32:USER32.dll
 0001:000344ee       KillTimer                  00000001800354ee f   user32:USER32.dll
 0001:000344f4       CloseClipboard             00000001800354f4 f   user32:USER32.dll
 0001:000344fa       SetClipboardData           00000001800354fa f   user32:USER32.dll
 0001:00034500       EmptyClipboard             0000000180035500 f   user32:USER32.dll
 0001:00034506       OpenClipboard              0000000180035506 f   user32:USER32.dll
 0001:0003450c       DeleteEnhMetaFile          000000018003550c f   gdi32:GDI32.dll
 0001:00034512       GetEnhMetaFileBits         0000000180035512 f   gdi32:GDI32.dll
 0001:00034518       CloseEnhMetaFile           0000000180035518 f   gdi32:GDI32.dll
 0001:0003451e       GdiFlush                   000000018003551e f   gdi32:GDI32.dll
 0001:00034524       SelectObject               0000000180035524 f   gdi32:GDI32.dll
 0001:0003452a       DeleteDC                   000000018003552a f   gdi32:GDI32.dll
 0001:00034530       DeleteObject               0000000180035530 f   gdi32:GDI32.dll
 0001:00034536       CreateSolidBrush           0000000180035536 f   gdi32:GDI32.dll
 0001:0003453c       CreateDIBSection           000000018003553c f   gdi32:GDI32.dll
 0001:00034542       CreateCompatibleDC         0000000180035542 f   gdi32:GDI32.dll
 0001:00034548       CreateEnhMetaFileW         0000000180035548 f   gdi32:GDI32.dll
 0001:0003454e       GetDeviceCaps              000000018003554e f   gdi32:GDI32.dll
 0001:00034554       GetTextMetricsW            0000000180035554 f   gdi32:GDI32.dll
 0001:0003455a       CreateFontIndirectW        000000018003555a f   gdi32:GDI32.dll
 0001:00034560       RegCloseKey                0000000180035560 f   advapi32:ADVAPI32.dll
 0001:00034566       RegQueryValueExW           0000000180035566 f   advapi32:ADVAPI32.dll
 0001:0003456c       RegOpenKeyExW              000000018003556c f   advapi32:ADVAPI32.dll
 0001:00034572       RegCreateKeyExW            0000000180035572 f   advapi32:ADVAPI32.dll
 0001:00034578       FreeSid                    0000000180035578 f   advapi32:ADVAPI32.dll
 0001:0003457e       CheckTokenMembership       000000018003557e f   advapi32:ADVAPI32.dll
 0001:00034584       AllocateAndInitializeSid   0000000180035584 f   advapi32:ADVAPI32.dll
 0001:0003458a       ConvertSidToStringSidW     000000018003558a f   advapi32:ADVAPI32.dll
 0001:00034590       GetTokenInformation        0000000180035590 f   advapi32:ADVAPI32.dll
 0001:00034596       OpenProcessToken           0000000180035596 f   advapi32:ADVAPI32.dll
 0001:0003459c       RegEnumKeyExW              000000018003559c f   advapi32:ADVAPI32.dll
 0001:000345a2       SHGetFolderPathW           00000001800355a2 f   shell32:SHELL32.dll
 0001:000345a8       VerQueryValueW             00000001800355a8 f   version:VERSION.dll
 0001:000345ae       GetFileVersionInfoW        00000001800355ae f   version:VERSION.dll
 0001:000345b4       GetFileVersionInfoSizeW    00000001800355b4 f   version:VERSION.dll
 0001:000345d0       memset                     00000001800355d0 f   LIBCMT:memset.obj
 0001:000346d0       memcmp                     00000001800356d0 f   LIBCMT:memcmp.obj
 0001:000347b0       memmove                    00000001800357b0     LIBCMT:memcpy.obj
 0001:000347b0       memcpy                     00000001800357b0 f   LIBCMT:memcpy.obj
 0001:00034ae4       wcsrchr                    0000000180035ae4 f   LIBCMT:wcsrchr.obj
 0001:00034b10       wcschr                     0000000180035b10 f   LIBCMT:wcschr.obj
 0001:00034b30       wcsstr                     0000000180035b30 f   LIBCMT:wcsstr.obj
 0001:00034b98       strchr                     0000000180035b98 f   LIBCMT:strchr.obj
 0001:00034bb4       wcsncmp                    0000000180035bb4 f   LIBCMT:wcsncmp.obj
 0001:00034be4       strrchr                    0000000180035be4 f   LIBCMT:strrchr.obj
 0001:00034c0c       wcspbrk                    0000000180035c0c f   LIBCMT:wcspbrk.obj
 0001:00034c60       __chkstk                   0000000180035c60 f   LIBCMT:chkstk.obj
 0001:00034c60       _alloca_probe              0000000180035c60     LIBCMT:chkstk.obj
 0002:00000000       __imp_OpenProcessToken     0000000180036000     advapi32:ADVAPI32.dll
 0002:00000008       __imp_GetTokenInformation  0000000180036008     advapi32:ADVAPI32.dll
 0002:00000010       __imp_ConvertSidToStringSidW 0000000180036010     advapi32:ADVAPI32.dll
 0002:00000018       __imp_AllocateAndInitializeSid 0000000180036018     advapi32:ADVAPI32.dll
 0002:00000020       __imp_CheckTokenMembership 0000000180036020     advapi32:ADVAPI32.dll
 0002:00000028       __imp_FreeSid              0000000180036028     advapi32:ADVAPI32.dll
 0002:00000030       __imp_RegCreateKeyExW      0000000180036030     advapi32:ADVAPI32.dll
 0002:00000038       __imp_RegOpenKeyExW        0000000180036038     advapi32:ADVAPI32.dll
 0002:00000040       __imp_RegQueryValueExW     0000000180036040     advapi32:ADVAPI32.dll
 0002:00000048       __imp_RegCloseKey          0000000180036048     advapi32:ADVAPI32.dll
 0002:00000050       __imp_RegEnumKeyExW        0000000180036050     advapi32:ADVAPI32.dll
 0002:00000058       \177ADVAPI32_NULL_THUNK_DATA 0000000180036058     advapi32:ADVAPI32.dll
 0002:00000060       __imp_GetTextMetricsW      0000000180036060     gdi32:GDI32.dll
 0002:00000068       __imp_GetDeviceCaps        0000000180036068     gdi32:GDI32.dll
 0002:00000070       __imp_CreateEnhMetaFileW   0000000180036070     gdi32:GDI32.dll
 0002:00000078       __imp_CreateCompatibleDC   0000000180036078     gdi32:GDI32.dll
 0002:00000080       __imp_CreateDIBSection     0000000180036080     gdi32:GDI32.dll
 0002:00000088       __imp_CreateSolidBrush     0000000180036088     gdi32:GDI32.dll
 0002:00000090       __imp_DeleteObject         0000000180036090     gdi32:GDI32.dll
 0002:00000098       __imp_DeleteDC             0000000180036098     gdi32:GDI32.dll
 0002:000000a0       __imp_SelectObject         00000001800360a0     gdi32:GDI32.dll
 0002:000000a8       __imp_GdiFlush             00000001800360a8     gdi32:GDI32.dll
 0002:000000b0       __imp_CloseEnhMetaFile     00000001800360b0     gdi32:GDI32.dll
 0002:000000b8       __imp_CreateFontIndirectW  00000001800360b8     gdi32:GDI32.dll
 0002:000000c0       __imp_DeleteEnhMetaFile    00000001800360c0     gdi32:GDI32.dll
 0002:000000c8       __imp_GetEnhMetaFileBits   00000001800360c8     gdi32:GDI32.dll
 0002:000000d0       \177GDI32_NULL_THUNK_DATA  00000001800360d0     gdi32:GDI32.dll
 0002:000000d8       __imp_ResumeThread         00000001800360d8     kernel32:KERNEL32.dll
 0002:000000e0       __imp_TerminateProcess     00000001800360e0     kernel32:KERNEL32.dll
 0002:000000e8       __imp_GetCurrentProcess    00000001800360e8     kernel32:KERNEL32.dll
 0002:000000f0       __imp_GetEnvironmentVariableW 00000001800360f0     kernel32:KERNEL32.dll
 0002:000000f8       __imp_CreateThread         00000001800360f8     kernel32:KERNEL32.dll
 0002:00000100       __imp_CreateSemaphoreW     0000000180036100     kernel32:KERNEL32.dll
 0002:00000108       __imp_CreateEventW         0000000180036108     kernel32:KERNEL32.dll
 0002:00000110       __imp_CloseHandle          0000000180036110     kernel32:KERNEL32.dll
 0002:00000118       __imp_OpenFileMappingW     0000000180036118     kernel32:KERNEL32.dll
 0002:00000120       __imp_VirtualProtect       0000000180036120     kernel32:KERNEL32.dll
 0002:00000128       __imp_MapViewOfFile        0000000180036128     kernel32:KERNEL32.dll
 0002:00000130       __imp_CreateFileMappingW   0000000180036130     kernel32:KERNEL32.dll
 0002:00000138       __imp_lstrcmpW             0000000180036138     kernel32:KERNEL32.dll
 0002:00000140       __imp_lstrcpynW            0000000180036140     kernel32:KERNEL32.dll
 0002:00000148       __imp_lstrcmpiW            0000000180036148     kernel32:KERNEL32.dll
 0002:00000150       __imp_Module32NextW        0000000180036150     kernel32:KERNEL32.dll
 0002:00000158       __imp_Module32FirstW       0000000180036158     kernel32:KERNEL32.dll
 0002:00000160       __imp_CreateToolhelp32Snapshot 0000000180036160     kernel32:KERNEL32.dll
 0002:00000168       __imp_UnmapViewOfFile      0000000180036168     kernel32:KERNEL32.dll
 0002:00000170       __imp_TerminateThread      0000000180036170     kernel32:KERNEL32.dll
 0002:00000178       __imp_SetConsoleTitleW     0000000180036178     kernel32:KERNEL32.dll
 0002:00000180       __imp_GetConsoleTitleW     0000000180036180     kernel32:KERNEL32.dll
 0002:00000188       __imp_WideCharToMultiByte  0000000180036188     kernel32:KERNEL32.dll
 0002:00000190       __imp_DeleteFileW          0000000180036190     kernel32:KERNEL32.dll
 0002:00000198       __imp_CreateProcessW       0000000180036198     kernel32:KERNEL32.dll
 0002:000001a0       __imp_GetExitCodeProcess   00000001800361a0     kernel32:KERNEL32.dll
 0002:000001a8       __imp_SetConsoleMode       00000001800361a8     kernel32:KERNEL32.dll
 0002:000001b0       __imp_GetConsoleMode       00000001800361b0     kernel32:KERNEL32.dll
 0002:000001b8       __imp_GetConsoleCursorInfo 00000001800361b8     kernel32:KERNEL32.dll
 0002:000001c0       __imp_Thread32Next         00000001800361c0     kernel32:KERNEL32.dll
 0002:000001c8       __imp_Thread32First        00000001800361c8     kernel32:KERNEL32.dll
 0002:000001d0       __imp_ExpandEnvironmentStringsW 00000001800361d0     kernel32:KERNEL32.dll
 0002:000001d8       __imp_lstrcmpA             00000001800361d8     kernel32:KERNEL32.dll
 0002:000001e0       __imp_MultiByteToWideChar  00000001800361e0     kernel32:KERNEL32.dll
 0002:000001e8       __imp_lstrlenA             00000001800361e8     kernel32:KERNEL32.dll
 0002:000001f0       __imp_lstrcpynA            00000001800361f0     kernel32:KERNEL32.dll
 0002:000001f8       __imp_GetCurrentDirectoryW 00000001800361f8     kernel32:KERNEL32.dll
 0002:00000200       __imp_lstrcpyA             0000000180036200     kernel32:KERNEL32.dll
 0002:00000208       __imp_DisconnectNamedPipe  0000000180036208     kernel32:KERNEL32.dll
 0002:00000210       __imp_SetThreadPriority    0000000180036210     kernel32:KERNEL32.dll
 0002:00000218       __imp_Sleep                0000000180036218     kernel32:KERNEL32.dll
[...]
 0002:00004148       ??_C@_0BO@KDJDCIBJ@GetConsoleKeyboardLayoutNameW?$AA@ 000000018003a148     WinObjects.obj
 0002:00004170       ??_C@_1CGI@DFIMAEBM@?$AAS?$AAt?$AAa?$AAr?$AAt?$AAu?$AAp?$AA?5?$AAi?$AAn?$AAf?$AAo?$AA?$AN?$AA?6?$AA?7?$AAO?$AAs?$AAV?$AAe?$AAr?$AA?3?$AA?5?$AA?$CF?$AAu?$AA?4?$AA?$CF?$AAu?$AA?4?$AA?$CF?$AAu?$AA?4?$AAx@ 000000018003a170     WinObjects.obj
 0002:000043e0       ??_C@_1EO@MPDKFAPM@?$AAL?$AAo?$AAg?$AAS?$AAt?$AAa?$AAr?$AAt?$AAE?$AAn?$AAv?$AA?5?$AAf?$AAa?$AAi?$AAl?$AAe?$AAd?$AA?0?$AA?5?$AAi?$AAn?$AAv?$AAa?$AAl?$AAi?$AAd?$AA?5?$AAa?$AAp?$AAS?$AAt@ 000000018003a3e0     WinObjects.obj
 0002:00004430       ??_7CToolTip@@6B@          000000018003a430     WinObjects.obj
 0002:00004438       ??_C@_1CC@KPOKNCMJ@?$AAt?$AAo?$AAo?$AAl?$AAt?$AAi?$AAp?$AAs?$AA_?$AAc?$AAl?$AAa?$AAs?$AAs?$AA3?$AA2?$AA?$AA@ 000000018003a438     WinObjects.obj
 0002:00004460       ??_C@_1FA@BFJDIMLC@?$AAC?$AA?3?$AA?2?$AAP?$AAr?$AAo?$AAg?$AAr?$AAa?$AAm?$AA?5?$AAF?$AAi?$AAl?$AAe?$AAs?$AA?2?$AAJ?$AAP?$AAS?$AAo?$AAf?$AAt?$AA?2?$AAT?$AAC?$AAC?$AAL?$AAE?$AA1?$AA3?$AA?2@ 000000018003a460     WinObjects.obj
 0002:000044b0       ??_C@_1EO@GBOKIPHE@?$AAC?$AA?3?$AA?2?$AAP?$AAr?$AAo?$AAg?$AAr?$AAa?$AAm?$AA?5?$AAF?$AAi?$AAl?$AAe?$AAs?$AA?2?$AAJ?$AAP?$AAS?$AAo?$AAf?$AAt?$AA?2?$AAT?$AAC?$AAM?$AAD?$AA1?$AA3?$AA?2?$AAt@ 000000018003a4b0     WinObjects.obj
 0002:00004500       ??_C@_1CA@CBMLAMC@?$AAI?$AAn?$AAs?$AAt?$AAa?$AAl?$AAl?$AAL?$AAo?$AAc?$AAa?$AAt?$AAi?$AAo?$AAn?$AA?$AA@ 000000018003a500     WinObjects.obj
 0002:00004520       ??_C@_1BI@NAAHPGNK@?$AAJ?$AAP?$AA?5?$AAS?$AAo?$AAf?$AAt?$AAw?$AAa?$AAr?$AAe?$AA?$AA@ 000000018003a520     WinObjects.obj
 0002:00004538       ??_C@_1BE@CCMLAJPM@?$AAP?$AAu?$AAb?$AAl?$AAi?$AAs?$AAh?$AAe?$AAr?$AA?$AA@ 000000018003a538     WinObjects.obj
 0002:00004550       ??_C@_1GI@BAAGFBH@?$AAS?$AAO?$AAF?$AAT?$AAW?$AAA?$AAR?$AAE?$AA?2?$AAM?$AAi?$AAc?$AAr?$AAo?$AAs?$AAo?$AAf?$AAt?$AA?2?$AAW?$AAi?$AAn?$AAd?$AAo?$AAw?$AAs?$AA?2?$AAC?$AAu?$AAr?$AAr?$AAe@ 000000018003a550     WinObjects.obj
 0002:000045b8       ??_C@_1BE@BGAOJFLF@?$AA?2?$AAt?$AAc?$AAm?$AAd?$AA?4?$AAe?$AAx?$AAe?$AA?$AA@ 000000018003a5b8     WinObjects.obj
 0002:000045d0       ??_C@_1CK@HMKJOJBO@?$AAS?$AAO?$AAF?$AAT?$AAW?$AAA?$AAR?$AAE?$AA?2?$AAJ?$AAP?$AA?5?$AAS?$AAo?$AAf?$AAt?$AAw?$AAa?$AAr?$AAe?$AA?$AA@ 000000018003a5d0     WinObjects.obj
 0002:00004600       ??_C@_1DA@EMHAGABM@?$AA?$CF?$AAC?$AAo?$AAn?$AAE?$AAm?$AAu?$AAB?$AAa?$AAs?$AAe?$AAD?$AAi?$AAr?$AA?$CF?$AA?2?$AAt?$AAc?$AAc?$AA?4?$AAe?$AAx?$AAe?$AA?$AA@ 000000018003a600     WinObjects.obj
 0002:00004630       ??_C@_13PJJBFPED@?$AA?$DL?$AA?$AA@ 000000018003a630     WinObjects.obj
 0002:00004638       ??_C@_1CE@ECCAMEKN@?$AA?2?$AAS?$AAy?$AAs?$AAW?$AAO?$AAW?$AA6?$AA4?$AA?2?$AAc?$AAm?$AAd?$AA?4?$AAe?$AAx?$AAe?$AA?$AA@ 000000018003a638     WinObjects.obj
 0002:00004660       ??_C@_1CC@PDLBBEEF@?$AAS?$AAy?$AAs?$AAW?$AAO?$AAW?$AA6?$AA4?$AA?2?$AAc?$AAm?$AAd?$AA?4?$AAe?$AAx?$AAe?$AA?$AA@ 000000018003a660     WinObjects.obj
 0002:00004688       ??_C@_1CE@PMNGKNKL@?$AA?2?$AAS?$AAy?$AAs?$AAt?$AAe?$AAm?$AA3?$AA2?$AA?2?$AAc?$AAm?$AAd?$AA?4?$AAe?$AAx?$AAe?$AA?$AA@ 000000018003a688     WinObjects.obj
 0002:000046b0       ??_C@_1CC@ENEHHNED@?$AAS?$AAy?$AAs?$AAt?$AAe?$AAm?$AA3?$AA2?$AA?2?$AAc?$AAm?$AAd?$AA?4?$AAe?$AAx?$AAe?$AA?$AA@ 000000018003a6b0     WinObjects.obj
 0002:000046d8       ??_C@_1CK@OLMGMMDO@?$AAC?$AAo?$AAn?$AAE?$AAm?$AAu?$AAS?$AAl?$AAe?$AAe?$AAp?$AAI?$AAn?$AAd?$AAi?$AAc?$AAa?$AAt?$AAo?$AAr?$AA?$AA@ 000000018003a6d8     WinObjects.obj
 0002:00005a68       __IMPORT_DESCRIPTOR_KERNEL32 000000018003ba68     kernel32:KERNEL32.dll
 0002:00005a7c       __IMPORT_DESCRIPTOR_USER32 000000018003ba7c     user32:USER32.dll
 0002:00005a90       __IMPORT_DESCRIPTOR_GDI32  000000018003ba90     gdi32:GDI32.dll
 0002:00005aa4       __IMPORT_DESCRIPTOR_ADVAPI32 000000018003baa4     advapi32:ADVAPI32.dll
 0002:00005ab8       __IMPORT_DESCRIPTOR_SHELL32 000000018003bab8     shell32:SHELL32.dll
 0002:00005acc       __IMPORT_DESCRIPTOR_VERSION 000000018003bacc     version:VERSION.dll
 0002:00005ae0       __NULL_IMPORT_DESCRIPTOR   000000018003bae0     kernel32:KERNEL32.dll
 0003:00000000       ?gnPluginOpenFrom@@3HA     000000018003e000     ConEmuPlugin.obj
 0003:00000004       ?gnReqCommand@@3KA         000000018003e004     ConEmuPlugin.obj
 0003:00000008       ?lastModifiedStateW@@3HA   000000018003e008     ConEmuPlugin.obj
 0003:00000010       ?gFarMode@@3UHookModeFar@@A 000000018003e010     ConEmuPlugin.obj
 0003:00000030       ?gpPluginMenu@@3PAUPluginAndMenuCommands@@A 000000018003e030     ConEmuPlugin.obj
 0003:000000f0       ?Far3Func@@3PAUExportFunc@@A 000000018003e0f0     ConEmuPlugin.obj
 0003:00000180       ?guid_ConEmu@@3U_GUID@@A   000000018003e180     ConEmuPlugin2800.obj
 0003:00000190       ?guid_ConEmuPluginItems@@3U_GUID@@A 000000018003e190     ConEmuPlugin2800.obj
 0003:000001a0       ?guid_ConEmuPluginMenu@@3U_GUID@@A 000000018003e1a0     ConEmuPlugin2800.obj
 0003:000001b0       ?guid_ConEmuGuiMacroDlg@@3U_GUID@@A 000000018003e1b0     ConEmuPlugin2800.obj
 0003:000001c0       ?guid_ConEmuWaitEndSynchro@@3U_GUID@@A 000000018003e1c0     ConEmuPlugin2800.obj
 0003:000001d0       ?gsInternalCommands@@3PEB_WEB 000000018003e1d0     WinObjects.obj
 0003:000001e0       ?ghHooksModule@@3PEAUHINSTANCE__@@EA 000000018003e1e0     ConEmuInjects.obj
 0003:000001e8       ?gbHooksModuleLoaded@@3HA  000000018003e1e8     ConEmuInjects.obj
 0003:000001f0       ?SetHookCallbacks@@3P6A_NPEBDPEB_WPEAUHINSTANCE__@@P6AHPEAUHookCallbackArg@@@ZP6AX3@Z5@ZEA 000000018003e1f0     ConEmuInjects.obj
 0003:000001f8       ?SetLoadLibraryCallback@@3P6AXPEAUHINSTANCE__@@P6AX0@Z1@ZEA 000000018003e1f8     ConEmuInjects.obj
 0003:00000200       ?SetFarHookMode@@3P6AXPEAUHookModeFar@@@ZEA 000000018003e200     ConEmuInjects.obj
 0003:00000210       ?gszDir2@@3PA_WA           000000018003e210     ConEmuPlugin.obj
 0003:00000a10       ?gpConMap@@3PEAV?$MFileMapping@UCESERVER_CONSOLE_MAPPING_HDR@@@@EA 000000018003ea10     ConEmuPlugin.obj
 0003:00000a18       ?gsbiDetached@@3U_CONSOLE_SCREEN_BUFFER_INFO@@A 000000018003ea18     ConEmuPlugin.obj
 0003:00000a30       ?gszRootKey@@3PA_WA        000000018003ea30     ConEmuPlugin.obj
 0003:00000e40       ?gszDir1@@3PA_WA           000000018003ee40     ConEmuPlugin.obj
 0003:00001640       ?ghPluginModule@@3PEAUHINSTANCE__@@EA 000000018003f640     ConEmuPlugin.obj
 0003:00001648       ?ConEmuHwnd@@3PEAUHWND__@@EA 000000018003f648     ConEmuPlugin.obj
 0003:00001650       ?gdwPreDetachGuiPID@@3KA   000000018003f650     ConEmuPlugin.obj
 0003:00001654       ?gdwServerPID@@3KA         000000018003f654     ConEmuPlugin.obj
 0003:00001658       ?TerminalMode@@3HA         000000018003f658     ConEmuPlugin.obj
 0003:0000165c       ?gnMainThreadId@@3KA       000000018003f65c     ConEmuPlugin.obj
 0003:00001660       ?FarHwnd@@3PEAUHWND__@@EA  000000018003f660     ConEmuPlugin.obj
 0003:00001668       ?gnMainThreadIdInitial@@3KA 000000018003f668     ConEmuPlugin.obj
 0003:0000166c       ?gnMonitorThreadId@@3KA    000000018003f66c     ConEmuPlugin.obj
 0003:00001670       ?ghMonitorThread@@3PEAXEA  000000018003f670     ConEmuPlugin.obj
 0003:00001678       ?ghSetWndSendTabsEvent@@3PEAXEA 000000018003f678     ConEmuPlugin.obj
 0003:00001680       ?gFarVersion@@3UFarVersion@@A 000000018003f680     ConEmuPlugin.obj
 0003:00001688       ?maxTabCount@@3HA          000000018003f688     ConEmuPlugin.obj
 0003:0000168c       ?lastWindowCount@@3HA      000000018003f68c     ConEmuPlugin.obj
 0003:00001690       ?gnCurTabCount@@3HA        000000018003f690     ConEmuPlugin.obj
 0003:00001694       ?gbIgnoreUpdateTabs@@3HA   000000018003f694     ConEmuPlugin.obj
 0003:00001698       ?gpTabs@@3PEAUCESERVER_REQ@@EA 000000018003f698     ConEmuPlugin.obj
 0003:000016a0       ?gbRequestUpdateTabs@@3HA  000000018003f6a0     ConEmuPlugin.obj
 0003:000016a4       ?gbClosingModalViewerEditor@@3HA 000000018003f6a4     ConEmuPlugin.obj
 0003:000016a8       ?gLastMouseReadEvent@@3U_MOUSE_EVENT_RECORD@@A 000000018003f6a8     ConEmuPlugin.obj
 0003:000016b8       ?gbUngetDummyMouseEvent@@3HA 000000018003f6b8     ConEmuPlugin.obj
 0003:000016bc       ?gnAllowDummyMouseEvent@@3JA 000000018003f6bc     ConEmuPlugin.obj
 0003:000016c0       ?gnDummyMouseEventFromMacro@@3JA 000000018003f6c0     ConEmuPlugin.obj
 0003:000016c4       ?gnDataSize@@3KA           000000018003f6c4     ConEmuPlugin.obj
 0003:000016c8       ?csData@@3PEAVMSection@@EA 000000018003f6c8     ConEmuPlugin.obj
 0003:000016d0       ?gpCmdRet@@3PEAUCESERVER_REQ@@EA 000000018003f6d0     ConEmuPlugin.obj
 0003:000016d8       ?gpData@@3PEAEEA           000000018003f6d8     ConEmuPlugin.obj
 0003:000016e0       ?gpCursor@@3PEAEEA         000000018003f6e0     ConEmuPlugin.obj
 0003:000016e8       ?gpReqCommandData@@3PEAXEA 000000018003f6e8     ConEmuPlugin.obj
 0003:000016fc       ?gnMsgTabChanged@@3IA      000000018003f6fc     ConEmuPlugin.obj
 0003:00001700       ?csTabs@@3PEAVMSection@@EA 000000018003f700     ConEmuPlugin.obj
 0003:00001708       ?gbPlugKeyChanged@@3HA     000000018003f708     ConEmuPlugin.obj
 0003:0000170c       ?gbNeedPostTabSend@@3HA    000000018003f70c     ConEmuPlugin.obj
 0003:00001710       ?ghRegMonitorKey@@3PEAUHKEY__@@EA 000000018003f710     ConEmuPlugin.obj
 0003:00001718       ?ghRegMonitorEvt@@3PEAXEA  000000018003f718     ConEmuPlugin.obj
 0003:00001720       ?ghPluginSemaphore@@3PEAXEA 000000018003f720     ConEmuPlugin.obj
 0003:00001728       ?gbNeedPostEditCheck@@3HA  000000018003f728     ConEmuPlugin.obj
 0003:0000172c       ?gbNeedPostReloadFarInfo@@3HA 000000018003f72c     ConEmuPlugin.obj
 0003:00001730       ?gsFarLang@@3PA_WA         000000018003f730     ConEmuPlugin.obj
 0003:000017b0       ?gnNeedPostTabSendTick@@3KA 000000018003f7b0     ConEmuPlugin.obj
 0003:000017b4       ?gbStartedUnderConsole2@@3HA 000000018003f7b4     ConEmuPlugin.obj
 0003:000017b8       ?gpConMapInfo@@3PEBUCESERVER_CONSOLE_MAPPING_HDR@@EB 000000018003f7b8     ConEmuPlugin.obj
 0003:000017c0       ?gnSelfPID@@3KA            000000018003f7c0     ConEmuPlugin.obj
 0003:000017c4       ?gbWaitConsoleInputEmpty@@3HA 000000018003f7c4     ConEmuPlugin.obj
 0003:000017c8       ?ghFarInfoMapping@@3PEAXEA 000000018003f7c8     ConEmuPlugin.obj
 0003:000017d0       ?gpFarInfo@@3PEAUCEFAR_INFO_MAPPING@@EA 000000018003f7d0     ConEmuPlugin.obj
 0003:000017d8       ?gpFarInfoMapping@@3PEAUCEFAR_INFO_MAPPING@@EA 000000018003f7d8     ConEmuPlugin.obj
 0003:000017e0       ?ghFarAliveEvent@@3PEAXEA  000000018003f7e0     ConEmuPlugin.obj
 0003:000017e8       ?gPanelRegLeft@@3Utag_PanelViewRegInfo@@A 000000018003f7e8     ConEmuPlugin.obj
 0003:00001818       ?gPanelRegRight@@3Utag_PanelViewRegInfo@@A 000000018003f818     ConEmuPlugin.obj
 0003:00001848       ?ghConEmuCtrlPressed@@3PEAXEA 000000018003f848     ConEmuPlugin.obj
 0003:00001850       ?ghConEmuShiftPressed@@3PEAXEA 000000018003f850     ConEmuPlugin.obj
 0003:00001858       ?gbWaitConsoleWrite@@3HA   000000018003f858     ConEmuPlugin.obj
 0003:0000185c       ?gnSynchroCount@@3HA       000000018003f85c     ConEmuPlugin.obj
 0003:00001860       ?ghConsoleInputEmpty@@3PEAXEA 000000018003f860     ConEmuPlugin.obj
 0003:00001868       ?ghConsoleWrite@@3PEAXEA   000000018003f868     ConEmuPlugin.obj
 0003:00001870       ?gbSynchroProhibited@@3_NA 000000018003f870     ConEmuPlugin.obj
 0003:00001871       ?gbInputSynchroPending@@3_NA 000000018003f871     ConEmuPlugin.obj
 0003:00001874       ?gbInfoW_OK@@3HA           000000018003f874     ConEmuPlugin.obj
 0003:00001878       ?gnPeekReadCount@@3KA      000000018003f878     ConEmuPlugin.obj
 0003:0000187c       ?gbExitFarCalled@@3HA      000000018003f87c     ConEmuPlugin.obj
 0003:00001888       ?gbWasDetached@@3HA        000000018003f888     ConEmuPlugin.obj
 0003:00001898       ?InfoW995@@3PEAUPluginStartupInfo@@EA 000000018003f898     ConEmuPlugin995.obj
 0003:000018a0       ?FSFW995@@3PEAUFarStandardFunctions@@EA 000000018003f8a0     ConEmuPlugin995.obj
 0003:00001ac8       ?InfoW1900@@3PEAUPluginStartupInfo@@EA 000000018003fac8     ConEmuPlugin1900.obj
 0003:00001ad0       ?FSFW1900@@3PEAUFarStandardFunctions@@EA 000000018003fad0     ConEmuPlugin1900.obj
 0003:00001d28       ?LastIndex@?1??Color2FgIndex@Far3Color@@SAXKAEAG@Z@4HA 000000018003fd28     ConEmuPlugin1900.obj
 0003:00001d2c       ?LastColor@?1??Color2FgIndex@Far3Color@@SAXKAEAG@Z@4KA 000000018003fd2c     ConEmuPlugin1900.obj
 0003:00001d30       ?LastIndex@?1??Color2BgIndex@Far3Color@@SAXKHAEAG@Z@4HA 000000018003fd30     ConEmuPlugin1900.obj
 0003:00001d34       ?LastColor@?1??Color2BgIndex@Far3Color@@SAXKHAEAG@Z@4KA 000000018003fd34     ConEmuPlugin1900.obj
 0003:00001d40       ?InfoW2800@@3PEAUPluginStartupInfo@@EA 000000018003fd40     ConEmuPlugin2800.obj
 0003:00001d48       ?FSFW2800@@3PEAUFarStandardFunctions@@EA 000000018003fd48     ConEmuPlugin2800.obj
 0003:00001fb0       ?InfoA@@3PEAUPluginStartupInfo@@EA 000000018003ffb0     ConEmuPluginA.obj
 0003:00001fb8       ?FSFA@@3PEAUFarStandardFunctions@@EA 000000018003ffb8     ConEmuPluginA.obj
 0003:000020d0       ?gbNeedBgActivate@@3HA     00000001800400d0     PluginBackground.obj
 0003:000020d4       ?gbBgPluginsAllowed@@3HA   00000001800400d4     PluginBackground.obj
 0003:000020d8       ?gpBgPlugin@@3PEAVCPluginBackground@@EA 00000001800400d8     PluginBackground.obj
 0003:000020e0       ?gszPluginServerPipe@@3PA_WA 00000001800400e0     PluginSrv.obj
 0003:000022e8       ?gpPlugServer@@3PEAU?$PipeServer@UCESERVER_REQ@@@@EA 00000001800402e8     PluginSrv.obj
 0003:000022f0       ?ghServerTerminateEvent@@3PEAXEA 00000001800402f0     PluginSrv.obj
 0003:000022f8       ?gbInCommonShutdown@@3HA   00000001800402f8     Common.obj
 0003:00002300       ?OnShutdownConsole@@3P6AXXZEA 0000000180040300     Common.obj
 0003:00002308       ?gpLocalSecurity@@3PEAU_SECURITY_ATTRIBUTES@@EA 0000000180040308     ConEmuCheck.obj
 0003:00002310       ?ghWorkingModule@@3_KA     0000000180040310     ConEmuCheck.obj
 0003:00002378       ?ghHeap@@3PEAXEA           0000000180040378     Memory.obj
 0003:00002380       ?gNullDesc@@3PEAVMNullDesc@@EA 0000000180040380     MSecurity.obj
 0003:00002388       ?gpConsoleInfoStr@@3PEAU_CONSOLE_INFO@@EA 0000000180040388     WinConsole.obj
 0003:00002390       ?ghConsoleSection@@3PEAXEA 0000000180040390     WinConsole.obj
 0003:000023b8       ?Is_Window@@3P6AHPEAUHWND__@@@ZEA 00000001800403b8     WinObjects.obj

 entry point at        0001:00002290

 Static symbols

 0001:00000760       ?StringValidateDestW@@YAJPEB_W_K_K@Z 0000000180001760 f   ConEmuInjects.obj
 0001:000007a0       ?StringCopyWorkerW@@YAJPEA_W_KPEA_KPEB_W1@Z 00000001800017a0 f   ConEmuInjects.obj
 0001:000024a0       ?LoadFarVersion@@YA_NAEAUFarVersion@@AEAY0CAA@_W@Z 00000001800034a0 f   ConEmuPlugin.obj
 0001:00003ee0       ?StringValidateDestW@@YAJPEB_W_K_K@Z 0000000180004ee0 f   ConEmuPlugin.obj
 0001:00003f20       ?StringValidateDestAndLengthW@@YAJPEB_W_KPEA_K_K@Z 0000000180004f20 f   ConEmuPlugin.obj
 0001:00003f90       ?StringLengthWorkerW@@YAJPEB_W_KPEA_K@Z 0000000180004f90 f   ConEmuPlugin.obj
 0001:00004030       ?StringCopyWorkerW@@YAJPEA_W_KPEA_KPEB_W1@Z 0000000180005030 f   ConEmuPlugin.obj
 0001:00004120       ?ActivatePlugin@@YAHKPEAXK@Z 0000000180005120 f   ConEmuPlugin.obj
 0001:00004440       ?WaitPluginActivateion@@YAKKPEAPEAXHK@Z 0000000180005440 f   ConEmuPlugin.obj
 0001:00005320       ?ChangeExports@@YA_NPEBUExportFunc@@PEAUHINSTANCE__@@@Z 0000000180006320 f   ConEmuPlugin.obj
 0001:0000b1b0       ?GetPanelDir@@YAPEA_WPEAX@Z 000000018000c1b0 f   ConEmuPlugin995.obj
 0001:0000d390       ?LoadFarSettingsW995@@YAXPEAUCEFarInterfaceSettings@@PEAUCEFarPanelSettings@@@Z 000000018000e390 f   ConEmuPlugin995.obj
 0001:0000d8c0       ?CopyPanelInfoW@@YAXPEAUPanelInfo@@PEAUtag_BkPanelInfo@PaintBackgroundArg@@@Z 000000018000e8c0 f   ConEmuPlugin995.obj
 0001:0000db50       ?CallGuiMacroProc@@YAXXZ   000000018000eb50 f   ConEmuPlugin995.obj
 0001:0000df00       ?CallGuiMacroDlg@@YA_JPEAXHH_J@Z 000000018000ef00 f   ConEmuPlugin995.obj
 0001:0000ec60       ?GetPanelDir@@YAPEA_WPEAX@Z 000000018000fc60 f   ConEmuPlugin1900.obj
 0001:00012190       ?LoadFarSettingsW1900@@YAXPEAUCEFarInterfaceSettings@@PEAUCEFarPanelSettings@@@Z 0000000180013190 f   ConEmuPlugin1900.obj
 0001:000123a0       ?GetFarSetting@@YAHPEAX_KPEB_W@Z 00000001800133a0 f   ConEmuPlugin1900.obj
 0001:000128f0       ?CopyPanelInfoW@@YAXPEAUPanelInfo@@PEAUtag_BkPanelInfo@PaintBackgroundArg@@@Z 00000001800138f0 f   ConEmuPlugin1900.obj
 0001:00012c90       ?CallGuiMacroProc@@YAXXZ   0000000180013c90 f   ConEmuPlugin1900.obj
 0001:000130a0       ?CallGuiMacroDlg@@YA_JPEAXHH0@Z 00000001800140a0 f   ConEmuPlugin1900.obj
 0001:00013fe0       ?GetPanelDir@@YAPEA_WPEAX@Z 0000000180014fe0 f   ConEmuPlugin2800.obj
 0001:00016b20       ?LoadFarSettingsW2800@@YAXPEAUCEFarInterfaceSettings@@PEAUCEFarPanelSettings@@@Z 0000000180017b20 f   ConEmuPlugin2800.obj
 0001:00016d30       ?GetFarSetting@@YAHPEAX_KPEB_W@Z 0000000180017d30 f   ConEmuPlugin2800.obj
 0001:00017290       ?CopyPanelInfoW@@YAXPEAUPanelInfo@@PEAUtag_BkPanelInfo@PaintBackgroundArg@@@Z 0000000180018290 f   ConEmuPlugin2800.obj
 0001:00017630       ?CallGuiMacroProc@@YAXXZ   0000000180018630 f   ConEmuPlugin2800.obj
 0001:00017a40       ?CallGuiMacroDlg@@YA_JPEAX_J10@Z 0000000180018a40 f   ConEmuPlugin2800.obj
 0001:00017f00       ?MAKEFARVERSION@@YA?AUVersionInfo@@KKKKW4VERSION_STAGE@@@Z 0000000180018f00 f   ConEmuPlugin2800.obj
 0001:0001a970       ?LoadFarSettingsA@@YAXPEAUCEFarInterfaceSettings@@PEAUCEFarPanelSettings@@@Z 000000018001b970 f   ConEmuPluginA.obj
 0001:0001ad00       ?CopyPanelInfo@@YAXPEAUPanelInfo@@PEAUtag_BkPanelInfo@PaintBackgroundArg@@@Z 000000018001bd00 f   ConEmuPluginA.obj
 0001:0001ae90       ?CallGuiMacroProc@@YAXXZ   000000018001be90 f   ConEmuPluginA.obj
 0001:0001b2b0       ?CallGuiMacroDlg@@YA_JPEAXHH_J@Z 000000018001c2b0 f   ConEmuPluginA.obj
 0001:0001e2b0       ?StringValidateDestW@@YAJPEB_W_K_K@Z 000000018001f2b0 f   PluginBackground.obj
 0001:0001e2f0       ?StringCopyWorkerW@@YAJPEA_W_KPEA_KPEB_W1@Z 000000018001f2f0 f   PluginBackground.obj
 0001:00021110       ?StringValidateDestW@@YAJPEB_W_K_K@Z 0000000180022110 f   PluginSrv.obj
 0001:00021150       ?StringCopyWorkerW@@YAJPEA_W_KPEA_KPEB_W1@Z 0000000180022150 f   PluginSrv.obj
 0001:00023340       ?StringValidateDestW@@YAJPEB_W_K_K@Z 0000000180024340 f   Execute.obj
 0001:00023380       ?StringCopyWorkerW@@YAJPEA_W_KPEA_KPEB_W1@Z 0000000180024380 f   Execute.obj
 0001:000242a0       ?StringValidateDestW@@YAJPEB_W_K_K@Z 00000001800252a0 f   ConEmuCheck.obj
 0001:000242e0       ?StringCopyWorkerW@@YAJPEA_W_KPEA_KPEB_W1@Z 00000001800252e0 f   ConEmuCheck.obj
 0001:00025bd0       ?StringValidateDestW@@YAJPEB_W_K_K@Z 0000000180026bd0 f   ConEmuCheckEx.obj
 0001:00025c10       ?StringCopyWorkerW@@YAJPEA_W_KPEA_KPEB_W1@Z 0000000180026c10 f   ConEmuCheckEx.obj
 0001:00025da0       ?StringValidateDestAndLengthW@@YAJPEB_W_KPEA_K_K@Z 0000000180026da0 f   ConEmuCheckEx.obj
 0001:00025e10       ?StringLengthWorkerW@@YAJPEB_W_KPEA_K@Z 0000000180026e10 f   ConEmuCheckEx.obj
 0001:000261f0       ?StringValidateDestA@@YAJPEBD_K_K@Z 00000001800271f0 f   Memory.obj
 0001:00026230       ?StringCopyWorkerA@@YAJPEAD_KPEA_KPEBD1@Z 0000000180027230 f   Memory.obj
 0001:000263a0       ?StringValidateDestW@@YAJPEB_W_K_K@Z 00000001800273a0 f   Memory.obj
 0001:000263e0       ?StringCopyWorkerW@@YAJPEA_W_KPEA_KPEB_W1@Z 00000001800273e0 f   Memory.obj
 0001:0002bd50       ?StringValidateDestW@@YAJPEB_W_K_K@Z 000000018002cd50 f   WinObjects.obj
 0001:0002bd90       ?StringCopyWorkerW@@YAJPEA_W_KPEA_KPEB_W1@Z 000000018002cd90 f   WinObjects.obj
 0001:00030610       ?StringValidateDestAndLengthW@@YAJPEB_W_KPEA_K_K@Z 0000000180031610 f   WinObjects.obj
 0001:00030680       ?StringLengthWorkerW@@YAJPEB_W_KPEA_K@Z 0000000180031680 f   WinObjects.obj
