 ConEmu

 Timestamp is 521d354a (Wed Aug 28 03:24:58 2013)

 Preferred load address is 10000000

 Start         Length     Name                   Class
 0001:00000000 0002d6a6H .text                   CODE
 0002:00000000 00000348H .idata$5                DATA
 0002:00000350 00003dd0H .rdata                  DATA
 0002:00004120 0000007aH .rdata$debug            DATA
 0002:000041a0 0000000cH .rdata$sxdata           DATA
 0002:000041b0 0000003cH .xdata$x                DATA
 0002:000041ec 00000078H .idata$2                DATA
 0002:00004264 00000014H .idata$3                DATA
 0002:00004278 00000348H .idata$4                DATA
 0002:000045c0 00000ee4H .idata$6                DATA
 0002:000054b0 00000337H .edata                  DATA
 0003:00000000 00000198H .data                   DATA
 0003:00000198 000023b0H .bss                    DATA
 0004:00000000 00000004H .CRT$XIC                DATA
 0005:00000000 00000058H .rsrc$01                DATA
 0005:00000060 00000290H .rsrc$02                DATA

  Address         Publics by Value              Rva+Base       Lib:Object

 0000:00000000       __except_list              00000000     <absolute>
 0000:00000003       ___safe_se_handler_count   00000003     <absolute>
 0000:00000000       ___ImageBase               10000000     <linker-defined>
 0001:00000000       ?StartupHooks@@YIHPAUHINSTANCE__@@@Z 10001000 f   ConEmuInjects.obj
 0001:00000360       ?ShutdownHooks@@YIXXZ      10001360 f   ConEmuInjects.obj
 0001:000004f0       ??$wcscpy_c@$0EA@@@YIHAAY0EA@_WPB_W@Z 100014f0 f i ConEmuInjects.obj
 0001:00000520       ?StringCchCopyW@@YGJPA_WIPB_W@Z 10001520 f i ConEmuInjects.obj
 0001:00000650       ?pcc_Selected@@YI_NW4PluginMenuCommands@@@Z 10001650 f   ConEmuPlugin.obj
 0001:000006c0       ?pcc_Disabled@@YI_NW4PluginMenuCommands@@@Z 100016c0 f   ConEmuPlugin.obj
 0001:00000770       ?GetPluginInfoWcmn@@YGXPAX@Z 10001770 f   ConEmuPlugin.obj
 0001:000007b0       ?CheckConEmuDetached@@YIXXZ 100017b0 f   ConEmuPlugin.obj
 0001:00000850       ??BHWND2@@QBEKXZ           10001850 f i ConEmuPlugin.obj
 0001:00000860       ?OpenPluginWcmn@@YIPAXHH_N@Z 10001860 f   ConEmuPlugin.obj
 0001:00000ac0       _OpenPluginW@8             10001ac0 f   ConEmuPlugin.obj
 0001:00000b00       ?TouchReadPeekConsoleInputs@@YIXH@Z 10001b00 f   ConEmuPlugin.obj
 0001:00000b40       ?OnMainThreadActivated@@YIXXZ 10001b40 f   ConEmuPlugin.obj
 0001:00000dc0       ?IsFarLua@FarVersion@@QBE_NXZ 10001dc0 f i ConEmuPlugin.obj
 0001:00000e10       ?OnConsolePeekReadInput@@YIXH@Z 10001e10 f   ConEmuPlugin.obj
 0001:00001000       ?OnPanelViewCallbacks@@YIHPAUHookCallbackArg@@P6GHPAXPAU_INPUT_RECORD@@KPAKPAH@Z5@Z 10002000 f   ConEmuPlugin.obj
 0001:000010e0       ?OnShellExecuteExW_Except@@YGXPAUHookCallbackArg@@@Z 100020e0 f   ConEmuPlugin.obj
 0001:00001120       ?OnGetNumberOfConsoleInputEventsPost@@YGXPAUHookCallbackArg@@@Z 10002120 f   ConEmuPlugin.obj
 0001:00001160       ?UngetDummyMouseEvent@@YIHHPAUHookCallbackArg@@@Z 10002160 f   ConEmuPlugin.obj
 0001:00001390       ??4HANDLE2@@QAEAAU0@PAX@Z  10002390 f i ConEmuPlugin.obj
 0001:000013b0       ?OnConsolePeekInput@@YGHPAUHookCallbackArg@@@Z 100023b0 f   ConEmuPlugin.obj
 0001:00001430       ?OnConsolePeekInputPost@@YGXPAUHookCallbackArg@@@Z 10002430 f   ConEmuPlugin.obj
 0001:00001470       ?OnConsoleReadInputWork@@YIHPAUHookCallbackArg@@@Z 10002470 f   ConEmuPlugin.obj
 0001:00001500       ?OnConsoleReadInput@@YGHPAUHookCallbackArg@@@Z 10002500 f   ConEmuPlugin.obj
 0001:00001510       ?OnConsoleReadInputPost@@YGXPAUHookCallbackArg@@@Z 10002510 f   ConEmuPlugin.obj
 0001:00001750       ?OnWriteConsoleOutput@@YGHPAUHookCallbackArg@@@Z 10002750 f   ConEmuPlugin.obj
 0001:00001830       _ProcessSynchroEventW@8    10002830 f   ConEmuPlugin.obj
 0001:000018e0       ?ShutdownPluginStep@@YIXPB_WHHHH@Z 100028e0 f   ConEmuPlugin.obj
 0001:00001900       _DllMain@12                10002900 f   ConEmuPlugin.obj
 0001:00001b70       ??_GMSection@@QAEPAXI@Z    10002b70 f i ConEmuPlugin.obj
 0001:00001ba0       ??_GCPluginBackground@@QAEPAXI@Z 10002ba0 f i ConEmuPlugin.obj
 0001:00001bd0       __DllMainCRTStartup@12     10002bd0 f   ConEmuPlugin.obj
 0001:00001bf0       ?IsConsoleActive@@YGHXZ    10002bf0 f   ConEmuPlugin.obj
 0001:00001c50       ?GetFarHWND2@@YGPAUHWND__@@H@Z 10002c50 f   ConEmuPlugin.obj
 0001:00001cc0       ?GetFarHWND@@YGPAUHWND__@@XZ 10002cc0 f   ConEmuPlugin.obj
 0001:00001cd0       ?IsTerminalMode@@YGHXZ     10002cd0 f   ConEmuPlugin.obj
 0001:00001ce0       ?GetFarVersion@@YGXPAUFarVersion@@@Z 10002ce0 f   ConEmuPlugin.obj
 0001:00001d10       ?LoadFarVersion@@YIHXZ     10002d10 f   ConEmuPlugin.obj
 0001:000020a0       ?RegisterPanelView@@YGHPAUPanelViewInit@@@Z 100030a0 f   ConEmuPlugin.obj
 0001:00002290       ?RegisterBackground@@YGHPAURegisterBackgroundArg@@@Z 10003290 f   ConEmuPlugin.obj
 0001:00002320       ?SyncExecute@@YGHPAUHINSTANCE__@@P6GXJ@ZJ@Z 10003320 f   ConEmuPlugin.obj
 0001:00002370       ?ActivateConsole@@YGHXZ    10003370 f   ConEmuPlugin.obj
 0001:00002400       ??BHWND2@@QBEPAUHWND__@@XZ 10003400 f i ConEmuPlugin.obj
 0001:00002410       ??4HWND2@@QAEAAU0@PAUHWND__@@@Z 10003410 f i ConEmuPlugin.obj
 0001:00002430       ?ExecuteSynchro@@YIXXZ     10003430 f   ConEmuPlugin.obj
 0001:000024f0       ?ProcessCommand@@YIHKHPAXPAPAUCESERVER_REQ@@@Z 100034f0 f   ConEmuPlugin.obj
 0001:00003270       ?StringCchCatW@@YGJPA_WIPB_W@Z 10004270 f i ConEmuPlugin.obj
 0001:00003840       ?FarSetConsoleSize@@YIHFF@Z 10004840 f   ConEmuPlugin.obj
 0001:00003950       ?OnConsoleDetaching@@YGHPAUHookCallbackArg@@@Z 10004950 f   ConEmuPlugin.obj
 0001:00003a70       ?OnConsoleWasAttached@@YGXPAUHookCallbackArg@@@Z 10004a70 f   ConEmuPlugin.obj
 0001:00003ad0       ?MonitorThreadProcW@@YGKPAX@Z 10004ad0 f   ConEmuPlugin.obj
 0001:00003e70       ?CommonPluginStartup@@YIXXZ 10004e70 f   ConEmuPlugin.obj
 0001:00003eb0       _SetStartupInfoW@4         10004eb0 f   ConEmuPlugin.obj
 0001:00003f10       ?CloseMapHeader@@YIXXZ     10004f10 f   ConEmuPlugin.obj
 0001:00003f40       ?OpenMapHeader@@YIHXZ      10004f40 f   ConEmuPlugin.obj
 0001:00004000       ?InitRootKey@@YIXXZ        10005000 f   ConEmuPlugin.obj
 0001:000040c0       ?InitHWND@@YIXXZ           100050c0 f   ConEmuPlugin.obj
 0001:000045d0       ?ReloadFarInfo@@YIHH@Z     100055d0 f   ConEmuPlugin.obj
 0001:00004a30       ?UpdateConEmuTabsW@@YI_NH_N0PAX@Z 10005a30 f   ConEmuPlugin.obj
 0001:00004b20       ?UpdateConEmuTabs@@YI_NH_N0PAX@Z 10005b20 f   ConEmuPlugin.obj
 0001:00004d30       ?CreateTabs@@YIHH@Z        10005d30 f   ConEmuPlugin.obj
 0001:00004e10       ?AddTab@@YIHAAH_N1HPB_W2HHHH@Z 10005e10 f   ConEmuPlugin.obj
 0001:00005230       _wmemcmp                   10006230 f i ConEmuPlugin.obj
 0001:00005290       ?SendTabs@@YIXHH@Z         10006290 f   ConEmuPlugin.obj
 0001:00005460       _ProcessEditorInputW@4     10006460 f   ConEmuPlugin.obj
 0001:000054a0       _ProcessEditorEventW@8     100064a0 f   ConEmuPlugin.obj
 0001:00005530       _ProcessViewerEventW@8     10006530 f   ConEmuPlugin.obj
 0001:000055b0       ?FillLoadedParm@@YIXPAUConEmuLoadedArg@@PAUHINSTANCE__@@H@Z 100065b0 f   ConEmuPlugin.obj
 0001:00005690       ?NotifyConEmuUnloaded@@YIXXZ 10006690 f   ConEmuPlugin.obj
 0001:000057d0       ?StopThread@@YIXXZ         100067d0 f   ConEmuPlugin.obj
 0001:00005af0       ??_G?$MFileMapping@UCESERVER_CONSOLE_MAPPING_HDR@@@@QAEPAXI@Z 10006af0 f i ConEmuPlugin.obj
 0001:00005b20       _ProcessDialogEventW@8     10006b20 f   ConEmuPlugin.obj
 0001:00005b30       ?OpenW@@YGPAXPBX@Z         10006b30 f   ConEmuPlugin.obj
 0001:00005b80       ?ProcessConsoleInputW@@YGHPAX@Z 10006b80 f   ConEmuPlugin.obj
 0001:00005bb0       ?ProcessEditorEventW3@@YGHPAX@Z 10006bb0 f   ConEmuPlugin.obj
 0001:00005be0       ?ProcessViewerEventW3@@YGHPAX@Z 10006be0 f   ConEmuPlugin.obj
 0001:00005c10       ?ProcessDialogEventW3@@YGHPAX@Z 10006c10 f   ConEmuPlugin.obj
 0001:00005c40       ?ProcessSynchroEventW3@@YGHPAX@Z 10006c40 f   ConEmuPlugin.obj
 0001:00005c70       ?ExitFarCmn@@YIXXZ         10006c70 f   ConEmuPlugin.obj
 0001:00005cb0       _ExitFARW@0                10006cb0 f   ConEmuPlugin.obj
 0001:00005d20       ?ExitFARW3@@YGXPAX@Z       10006d20 f   ConEmuPlugin.obj
 0001:00005d70       ?CheckResources@@YIXH@Z    10006d70 f   ConEmuPlugin.obj
 0001:00005ed0       ?InitResources@@YIXXZ      10006ed0 f   ConEmuPlugin.obj
 0001:000061a0       ?StringCchCopyNW@@YGJPA_WIPB_WI@Z 100071a0 f i ConEmuPlugin.obj
 0001:00006200       ?CloseTabs@@YIXXZ          10007200 f   ConEmuPlugin.obj
 0001:00006280       ?OutDataAlloc@@YIHK@Z      10007280 f   ConEmuPlugin.obj
 0001:000062f0       ?OutDataRealloc@@YIHK@Z    100072f0 f   ConEmuPlugin.obj
 0001:000063d0       ?OutDataWrite@@YIHPAXK@Z   100073d0 f   ConEmuPlugin.obj
 0001:000064a0       ?ShowMessage@@YIHHH@Z      100074a0 f   ConEmuPlugin.obj
 0001:00006510       ?ShowMessage@@YIHPB_WH_N@Z 10007510 f   ConEmuPlugin.obj
 0001:00006600       ?ShowMessageGui@@YIHHH@Z   10007600 f   ConEmuPlugin.obj
 0001:000066e0       ?GetMsgW@@YIPB_WH@Z        100076e0 f   ConEmuPlugin.obj
 0001:00006740       ?PostMacro@@YIXPB_WPAU_INPUT_RECORD@@@Z 10007740 f   ConEmuPlugin.obj
 0001:000068a0       ?ShowPluginMenu@@YIXW4PluginCallCommands@@@Z 100078a0 f   ConEmuPlugin.obj
 0001:000072e0       ?FindServerCmd@@YIHKAAK_N@Z 100082e0 f   ConEmuPlugin.obj
 0001:000073e0       ?Attach2Gui@@YIHXZ         100083e0 f   ConEmuPlugin.obj
 0001:00007860       ?StartDebugger@@YIHXZ      10008860 f   ConEmuPlugin.obj
 0001:00007b90       ?wcsrchr@@YAPA_WPA_W_W@Z   10008b90 f i ConEmuPlugin.obj
 0001:00007bb0       ?IsMacroActive@@YIHXZ      10008bb0 f   ConEmuPlugin.obj
 0001:00007c20       ?GetMacroArea@@YIHXZ       10008c20 f   ConEmuPlugin.obj
 0001:00007c80       ?RedrawAll@@YIXXZ          10008c80 f   ConEmuPlugin.obj
 0001:00007ce0       ?GetEditorModifiedState@@YIKXZ 10008ce0 f   ConEmuPlugin.obj
 0001:00007d30       ?GetActiveWindowType@@YIHXZ 10008d30 f   ConEmuPlugin.obj
 0001:00007d80       ?RunExternalProgramW@@YI_NPA_W0_N@Z 10008d80 f   ConEmuPlugin.obj
 0001:00007fb0       ?Disable@MWow64Disable@@QAEXXZ 10008fb0 f i ConEmuPlugin.obj
 0001:00007fe0       ?Restore@MWow64Disable@@QAEXXZ 10008fe0 f i ConEmuPlugin.obj
 0001:00008020       ??0MWow64Disable@@QAE@XZ   10009020 f i ConEmuPlugin.obj
 0001:000080a0       ??1MWow64Disable@@QAE@XZ   100090a0 f i ConEmuPlugin.obj
 0001:000080c0       ?ShowConsoleInfo@@YIXXZ    100090c0 f   ConEmuPlugin.obj
 0001:00008230       ?GetMainThreadId@@YIKXZ    10009230 f   ConEmuPlugin.obj
 0001:000082d0       ?OnLibraryLoaded@@YGXPAUHINSTANCE__@@@Z 100092d0 f   ConEmuPlugin.obj
 0001:00008350       ?_calloc@@YIPAXII@Z        10009350 f   ConEmuPlugin.obj
 0001:00008370       ?_malloc@@YIPAXI@Z         10009370 f   ConEmuPlugin.obj
 0001:00008390       ?_free@@YIXPAX@Z           10009390 f   ConEmuPlugin.obj
 0001:000083b0       ?Ptr@?$MFileMapping@UCESERVER_CONSOLE_MAPPING_HDR@@@@QAEPAUCESERVER_CONSOLE_MAPPING_HDR@@XZ 100093b0 f i ConEmuPlugin.obj
 0001:000083d0       ?InitName@?$MFileMapping@UCESERVER_CONSOLE_MAPPING_HDR@@@@QAEPB_WPB_WKK@Z 100093d0 f i ConEmuPlugin.obj
 0001:00008420       ?CloseMap@?$MFileMapping@UCESERVER_CONSOLE_MAPPING_HDR@@@@QAEXXZ 10009420 f i ConEmuPlugin.obj
 0001:00008490       ?Open@?$MFileMapping@UCESERVER_CONSOLE_MAPPING_HDR@@@@QAEPAUCESERVER_CONSOLE_MAPPING_HDR@@HH@Z 10009490 f i ConEmuPlugin.obj
 0001:000084b0       ??0?$MFileMapping@UCESERVER_CONSOLE_MAPPING_HDR@@@@QAE@XZ 100094b0 f i ConEmuPlugin.obj
 0001:00008510       ??1?$MFileMapping@UCESERVER_CONSOLE_MAPPING_HDR@@@@QAE@XZ 10009510 f i ConEmuPlugin.obj
 0001:00008530       ?ClosePtr@?$MFileMapping@UCESERVER_CONSOLE_MAPPING_HDR@@@@QAEXXZ 10009530 f i ConEmuPlugin.obj
 0001:00008560       ?InternalOpenCreate@?$MFileMapping@UCESERVER_CONSOLE_MAPPING_HDR@@@@IAEPAUCESERVER_CONSOLE_MAPPING_HDR@@HHH@Z 10009560 f i ConEmuPlugin.obj
 0001:00008750       ??$wcscpy_c@$0BBE@@@YIHAAY0BBE@_WPB_W@Z 10009750 f i ConEmuPlugin.obj
 0001:00008780       ??$wcscat_c@$0BBE@@@YIHAAY0BBE@_WPB_W@Z 10009780 f i ConEmuPlugin.obj
 0001:000087b0       ??$wcscat_c@$0CAE@@@YIHAAY0CAE@_WPB_W@Z 100097b0 f i ConEmuPlugin.obj
 0001:000087e0       ??$wcscpy_c@$0CAI@@@YIHAAY0CAI@_WPB_W@Z 100097e0 f i ConEmuPlugin.obj
 0001:00008810       _GetMinFarVersionW@0       10009810 f   ConEmuPlugin995.obj
 0001:00008820       ?GetPluginInfoW995@@YIXPAX@Z 10009820 f   ConEmuPlugin995.obj
 0001:000088b0       ?ProcessDragFromW995@@YIXXZ 100098b0 f   ConEmuPlugin995.obj
 0001:000090b0       ?ProcessDragToW995@@YIXXZ  1000a0b0 f   ConEmuPlugin995.obj
 0001:00009570       ?SetStartupInfoW995@@YIXPAX@Z 1000a570 f   ConEmuPlugin995.obj
 0001:00009770       ?GetEditorModifiedStateW995@@YIKXZ 1000a770 f   ConEmuPlugin995.obj
 0001:000097b0       ?ProcessEditorInputW995@@YIHPBX@Z 1000a7b0 f   ConEmuPlugin995.obj
 0001:00009820       ?UpdateConEmuTabsW995@@YI_NH_N0PAX@Z 1000a820 f   ConEmuPlugin995.obj
 0001:00009c50       ?ExitFARW995@@YIXXZ        1000ac50 f   ConEmuPlugin995.obj
 0001:00009cd0       ?ShowMessageW995@@YIHPB_WH_N@Z 1000acd0 f   ConEmuPlugin995.obj
 0001:00009d40       ?ShowMessageW995@@YIHHH@Z  1000ad40 f   ConEmuPlugin995.obj
 0001:00009da0       ?GetMsgW995@@YIPB_WH@Z     1000ada0 f   ConEmuPlugin995.obj
 0001:00009de0       ?SetWindowW995@@YIXH@Z     1000ade0 f   ConEmuPlugin995.obj
 0001:00009e40       ?PostMacroW995@@YIXPB_WPAU_INPUT_RECORD@@@Z 1000ae40 f   ConEmuPlugin995.obj
 0001:00009ee0       ?ShowPluginMenuW995@@YIHPAUConEmuPluginMenuItem@@H@Z 1000aee0 f   ConEmuPlugin995.obj
 0001:0000a070       ?EditOutputW995@@YIHPB_WH@Z 1000b070 f   ConEmuPlugin995.obj
 0001:0000a130       ?ExecuteSynchroW995@@YIHXZ 1000b130 f   ConEmuPlugin995.obj
 0001:0000a1c0       ?WaitEndSynchroW995@@YIXXZ 1000b1c0 f   ConEmuPlugin995.obj
 0001:0000a350       ?StopWaitEndSynchroW995@@YIXXZ 1000b350 f   ConEmuPlugin995.obj
 0001:0000a380       ?IsMacroActiveW995@@YIHXZ  1000b380 f   ConEmuPlugin995.obj
 0001:0000a3e0       ?GetMacroAreaW995@@YIHXZ   1000b3e0 f   ConEmuPlugin995.obj
 0001:0000a420       ?RedrawAllW995@@YIXXZ      1000b420 f   ConEmuPlugin995.obj
 0001:0000a450       ?LoadPluginW995@@YI_NPA_W@Z 1000b450 f   ConEmuPlugin995.obj
 0001:0000a480       ?RunExternalProgramW995@@YI_NPA_W@Z 1000b480 f   ConEmuPlugin995.obj
 0001:0000a770       ?wcschr@@YAPA_WPA_W_W@Z    1000b770 f i ConEmuPlugin995.obj
 0001:0000a790       ?wcsstr@@YAPA_WPA_WPB_W@Z  1000b790 f i ConEmuPlugin995.obj
 0001:0000a7b0       ?ProcessCommandLineW995@@YI_NPA_W@Z 1000b7b0 f   ConEmuPlugin995.obj
 0001:0000a800       ?LoadFarColorsW995@@YIXAAY0BAA@E@Z 1000b800 f   ConEmuPlugin995.obj
 0001:0000a8f0       ?ReloadFarInfoW995@@YIHXZ  1000b8f0 f   ConEmuPlugin995.obj
 0001:0000ab20       ?ExecuteQuitFar995@@YIXXZ  1000bb20 f   ConEmuPlugin995.obj
 0001:0000ab70       ?CheckBufferEnabledW995@@YIHXZ 1000bb70 f   ConEmuPlugin995.obj
 0001:0000ac10       ?FillUpdateBackgroundW995@@YIXPAUPaintBackgroundArg@@@Z 1000bc10 f   ConEmuPlugin995.obj
 0001:0000afe0       ?GetActiveWindowTypeW995@@YIHXZ 1000bfe0 f   ConEmuPlugin995.obj
 0001:0000b0b0       ?GuiMacroDlgW995@@YIXXZ    1000c0b0 f   ConEmuPlugin995.obj
 0001:0000b5c0       ?GetPluginInfoW1900@@YIXPAX@Z 1000c5c0 f   ConEmuPlugin1900.obj
 0001:0000b630       ?ProcessDragFromW1900@@YIXXZ 1000c630 f   ConEmuPlugin1900.obj
 0001:0000bf60       ?ProcessDragToW1900@@YIXXZ 1000cf60 f   ConEmuPlugin1900.obj
 0001:0000c4f0       ?SetStartupInfoW1900@@YIXPAX@Z 1000d4f0 f   ConEmuPlugin1900.obj
 0001:0000c660       ?GetEditorModifiedStateW1900@@YIKXZ 1000d660 f   ConEmuPlugin1900.obj
 0001:0000c6a0       ?ProcessEditorEventW1900@@YGHPAX@Z 1000d6a0 f   ConEmuPlugin1900.obj
 0001:0000c6d0       ?ProcessViewerEventW1900@@YGHPAX@Z 1000d6d0 f   ConEmuPlugin1900.obj
 0001:0000c700       ?ProcessDialogEventW1900@@YGHPAX@Z 1000d700 f   ConEmuPlugin1900.obj
 0001:0000c730       ?ProcessSynchroEventW1900@@YGHPAX@Z 1000d730 f   ConEmuPlugin1900.obj
 0001:0000c760       ?ProcessEditorInputW1900@@YIHPBX@Z 1000d760 f   ConEmuPlugin1900.obj
 0001:0000c7e0       ?UpdateConEmuTabsW1900@@YI_NH_N0PAX@Z 1000d7e0 f   ConEmuPlugin1900.obj
 0001:0000cf40       ?ExitFARW1900@@YIXXZ       1000df40 f   ConEmuPlugin1900.obj
 0001:0000cfc0       ?ShowMessageW1900@@YIHPB_WH_N@Z 1000dfc0 f   ConEmuPlugin1900.obj
 0001:0000d080       ?ShowMessageW1900@@YIHHH@Z 1000e080 f   ConEmuPlugin1900.obj
 0001:0000d0e0       ?GetMsgW1900@@YIPB_WH@Z    1000e0e0 f   ConEmuPlugin1900.obj
 0001:0000d120       ?SetWindowW1900@@YIXH@Z    1000e120 f   ConEmuPlugin1900.obj
 0001:0000d180       ?PostMacroW1900@@YIXPB_WPAU_INPUT_RECORD@@@Z 1000e180 f   ConEmuPlugin1900.obj
 0001:0000d870       ?ShowPluginMenuW1900@@YIHPAUConEmuPluginMenuItem@@H@Z 1000e870 f   ConEmuPlugin1900.obj
 0001:0000da90       ?EditOutputW1900@@YIHPB_WH@Z 1000ea90 f   ConEmuPlugin1900.obj
 0001:0000db50       ?ExecuteSynchroW1900@@YIHXZ 1000eb50 f   ConEmuPlugin1900.obj
 0001:0000dbe0       ?WaitEndSynchroW1900@@YIXXZ 1000ebe0 f   ConEmuPlugin1900.obj
 0001:0000dbf0       ?StopWaitEndSynchroW1900@@YIXXZ 1000ebf0 f   ConEmuPlugin1900.obj
 0001:0000dc20       ?IsMacroActiveW1900@@YIHXZ 1000ec20 f   ConEmuPlugin1900.obj
 0001:0000dc60       ?GetMacroAreaW1900@@YIHXZ  1000ec60 f   ConEmuPlugin1900.obj
 0001:0000dc90       ?RedrawAllW1900@@YIXXZ     1000ec90 f   ConEmuPlugin1900.obj
 0001:0000dcc0       ?LoadPluginW1900@@YI_NPA_W@Z 1000ecc0 f   ConEmuPlugin1900.obj
 0001:0000dcf0       ?RunExternalProgramW1900@@YI_NPA_W@Z 1000ecf0 f   ConEmuPlugin1900.obj
 0001:0000dfd0       ?ProcessCommandLineW1900@@YI_NPA_W@Z 1000efd0 f   ConEmuPlugin1900.obj
 0001:0000e020       ?LoadFarColorsW1900@@YIXAAY0BAA@E@Z 1000f020 f   ConEmuPlugin1900.obj
 0001:0000e1b0       ?FarColor_3_2@@YIEABUFarColor@@@Z 1000f1b0 f i ConEmuPlugin1900.obj
 0001:0000e2b0       ?Color2FgIndex@Far3Color@@SIXKAAG@Z 1000f2b0 f i ConEmuPlugin1900.obj
 0001:0000e3f0       ?Max@Far3Color@@SIHHH@Z    1000f3f0 f i ConEmuPlugin1900.obj
 0001:0000e420       ?GetStdIndex@Far3Color@@SIHK@Z 1000f420 f i ConEmuPlugin1900.obj
 0001:0000e4d0       ?Color2BgIndex@Far3Color@@SIXKHAAG@Z 1000f4d0 f i ConEmuPlugin1900.obj
 0001:0000e640       ?ReloadFarInfoW1900@@YIHXZ 1000f640 f   ConEmuPlugin1900.obj
 0001:0000ea00       ?ExecuteQuitFarW1900@@YIXXZ 1000fa00 f   ConEmuPlugin1900.obj
 0001:0000ea50       ?CheckBufferEnabledW1900@@YIHXZ 1000fa50 f   ConEmuPlugin1900.obj
 0001:0000eaf0       ?FillUpdateBackgroundW1900@@YIXPAUPaintBackgroundArg@@@Z 1000faf0 f   ConEmuPlugin1900.obj
 0001:0000f010       ?GetActiveWindowTypeW1900@@YIHXZ 10010010 f   ConEmuPlugin1900.obj
 0001:0000f0d0       ?GuiMacroDlgW1900@@YIXXZ   100100d0 f   ConEmuPlugin1900.obj
 0001:0000f690       ?OpenW1900@@YGPAXPBX@Z     10010690 f   ConEmuPlugin1900.obj
 0001:0000f7b0       ?ProcessConsoleInputW1900@@YGHPAX@Z 100107b0 f   ConEmuPlugin1900.obj
 0001:0000f7d0       ?GetPluginInfoW2800@@YIXPAX@Z 100107d0 f   ConEmuPlugin2800.obj
 0001:0000f840       ?ProcessDragFromW2800@@YIXXZ 10010840 f   ConEmuPlugin2800.obj
 0001:00010170       ?ProcessDragToW2800@@YIXXZ 10011170 f   ConEmuPlugin2800.obj
 0001:00010700       ?SetStartupInfoW2800@@YIXPAX@Z 10011700 f   ConEmuPlugin2800.obj
 0001:00010870       ?GetEditorModifiedStateW2800@@YIKXZ 10011870 f   ConEmuPlugin2800.obj
 0001:000108b0       ?ProcessEditorEventW2800@@YGHPAX@Z 100118b0 f   ConEmuPlugin2800.obj
 0001:000108e0       ?ProcessViewerEventW2800@@YGHPAX@Z 100118e0 f   ConEmuPlugin2800.obj
 0001:00010910       ?ProcessDialogEventW2800@@YGHPAX@Z 10011910 f   ConEmuPlugin2800.obj
 0001:00010940       ?ProcessSynchroEventW2800@@YGHPAX@Z 10011940 f   ConEmuPlugin2800.obj
 0001:00010970       ?ProcessEditorInputW2800@@YIHPBX@Z 10011970 f   ConEmuPlugin2800.obj
 0001:000109f0       ?UpdateConEmuTabsW2800@@YI_NH_N0PAX@Z 100119f0 f   ConEmuPlugin2800.obj
 0001:000111e0       ?ExitFARW2800@@YIXXZ       100121e0 f   ConEmuPlugin2800.obj
 0001:00011260       ?ShowMessageW2800@@YIHPB_WH_N@Z 10012260 f   ConEmuPlugin2800.obj
 0001:00011320       ?ShowMessageW2800@@YIHHH@Z 10012320 f   ConEmuPlugin2800.obj
 0001:00011380       ?GetMsgW2800@@YIPB_WH@Z    10012380 f   ConEmuPlugin2800.obj
 0001:000113c0       ?SetWindowW2800@@YIXH@Z    100123c0 f   ConEmuPlugin2800.obj
 0001:00011420       ?BackgroundMacroError@@YGKPAX@Z 10012420 f   ConEmuPlugin2800.obj
 0001:00011470       ?PostMacroW2800@@YIXPB_WPAU_INPUT_RECORD@@@Z 10012470 f   ConEmuPlugin2800.obj
 0001:000117e0       ?ShowPluginMenuW2800@@YIHPAUConEmuPluginMenuItem@@H@Z 100127e0 f   ConEmuPlugin2800.obj
 0001:00011a00       ?EditOutputW2800@@YIHPB_WH@Z 10012a00 f   ConEmuPlugin2800.obj
 0001:00011ac0       ?ExecuteSynchroW2800@@YIHXZ 10012ac0 f   ConEmuPlugin2800.obj
 0001:00011b50       ?WaitEndSynchroW2800@@YIXXZ 10012b50 f   ConEmuPlugin2800.obj
 0001:00011b60       ?StopWaitEndSynchroW2800@@YIXXZ 10012b60 f   ConEmuPlugin2800.obj
 0001:00011b90       ?IsMacroActiveW2800@@YIHXZ 10012b90 f   ConEmuPlugin2800.obj
 0001:00011bd0       ?GetMacroAreaW2800@@YIHXZ  10012bd0 f   ConEmuPlugin2800.obj
 0001:00011c00       ?RedrawAllW2800@@YIXXZ     10012c00 f   ConEmuPlugin2800.obj
 0001:00011c30       ?LoadPluginW2800@@YI_NPA_W@Z 10012c30 f   ConEmuPlugin2800.obj
 0001:00011c60       ?RunExternalProgramW2800@@YI_NPA_W@Z 10012c60 f   ConEmuPlugin2800.obj
 0001:00011f40       ?ProcessCommandLineW2800@@YI_NPA_W@Z 10012f40 f   ConEmuPlugin2800.obj
 0001:00011f90       ?LoadFarColorsW2800@@YIXAAY0BAA@E@Z 10012f90 f   ConEmuPlugin2800.obj
 0001:00012120       ?ReloadFarInfoW2800@@YIHXZ 10013120 f   ConEmuPlugin2800.obj
 0001:000124e0       ?ExecuteQuitFarW2800@@YIXXZ 100134e0 f   ConEmuPlugin2800.obj
 0001:00012530       ?CheckBufferEnabledW2800@@YIHXZ 10013530 f   ConEmuPlugin2800.obj
 0001:000125d0       ?FillUpdateBackgroundW2800@@YIXPAUPaintBackgroundArg@@@Z 100135d0 f   ConEmuPlugin2800.obj
 0001:00012af0       ?GetActiveWindowTypeW2800@@YIHXZ 10013af0 f   ConEmuPlugin2800.obj
 0001:00012bb0       ?GuiMacroDlgW2800@@YIXXZ   10013bb0 f   ConEmuPlugin2800.obj
 0001:00013100       _GetGlobalInfoW@4          10014100 f   ConEmuPlugin2800.obj
 0001:000132e0       ?OpenW2800@@YGPAXPBX@Z     100142e0 f   ConEmuPlugin2800.obj
 0001:00013420       ?ProcessConsoleInputW2800@@YGHPAX@Z 10014420 f   ConEmuPlugin2800.obj
 0001:00013440       _GetMinFarVersion@0        10014440 f   ConEmuPluginA.obj
 0001:00013490       _OpenPlugin@8              10014490 f   ConEmuPluginA.obj
 0001:00013500       ?ProcessDragFromA@@YIXXZ   10014500 f   ConEmuPluginA.obj
 0001:00013bf0       ?ProcessDragToA@@YIXXZ     10014bf0 f   ConEmuPluginA.obj
 0001:000140a0       _SetStartupInfo@4          100150a0 f   ConEmuPluginA.obj
 0001:000142e0       _GetPluginInfo@4           100152e0 f   ConEmuPluginA.obj
 0001:00014390       ?GetEditorModifiedStateA@@YIKXZ 10015390 f   ConEmuPluginA.obj
 0001:000143d0       _ProcessEditorInput@4      100153d0 f   ConEmuPluginA.obj
 0001:00014440       _ProcessEditorEvent@8      10015440 f   ConEmuPluginA.obj
 0001:000144d0       _ProcessViewerEvent@8      100154d0 f   ConEmuPluginA.obj
 0001:00014550       ?UpdateConEmuTabsA@@YI_NH_N0PAX@Z 10015550 f   ConEmuPluginA.obj
 0001:00014920       _ProcessDialogEvent@8      10015920 f   ConEmuPluginA.obj
 0001:00014930       _ExitFAR@0                 10015930 f   ConEmuPluginA.obj
 0001:000149b0       ?ShowMessageA@@YIHPBDH_N@Z 100159b0 f   ConEmuPluginA.obj
 0001:00014a20       ?ShowMessageA@@YIHHH@Z     10015a20 f   ConEmuPluginA.obj
 0001:00014a80       ?SetWindowA@@YIXH@Z        10015a80 f   ConEmuPluginA.obj
 0001:00014af0       ?PostMacroA@@YIXPADPAU_INPUT_RECORD@@@Z 10015af0 f   ConEmuPluginA.obj
 0001:00014b90       ?ShowPluginMenuA@@YIHPAUConEmuPluginMenuItem@@H@Z 10015b90 f   ConEmuPluginA.obj
 0001:00014d80       ?EditOutputA@@YIHPB_WH@Z   10015d80 f   ConEmuPluginA.obj
 0001:00014ea0       ?GetMsgA@@YIXHAAY0BAE@_W@Z 10015ea0 f   ConEmuPluginA.obj
 0001:00014f50       ?IsMacroActiveA@@YIHXZ     10015f50 f   ConEmuPluginA.obj
 0001:00014fb0       ?RedrawAllA@@YIXXZ         10015fb0 f   ConEmuPluginA.obj
 0001:00014fe0       ?RunExternalProgramA@@YI_NPAD@Z 10015fe0 f   ConEmuPluginA.obj
 0001:00015280       ?ProcessCommandLineA@@YI_NPAD@Z 10016280 f   ConEmuPluginA.obj
 0001:000152d0       ?LoadFarColorsA@@YIXAAY0BAA@E@Z 100162d0 f   ConEmuPluginA.obj
 0001:000153c0       ?ReloadFarInfoA@@YIHXZ     100163c0 f   ConEmuPluginA.obj
 0001:00015530       ?ExecuteQuitFarA@@YIXXZ    10016530 f   ConEmuPluginA.obj
 0001:00015550       ?FillUpdateBackgroundA@@YIXPAUPaintBackgroundArg@@@Z 10016550 f   ConEmuPluginA.obj
 0001:00015860       ?GetActiveWindowTypeA@@YIHXZ 10016860 f   ConEmuPluginA.obj
 0001:000158e0       ?GuiMacroDlgA@@YIXXZ       100168e0 f   ConEmuPluginA.obj
 0001:00015f30       ??0CPluginBackground@@QAE@XZ 10016f30 f   PluginBackground.obj
 0001:00016170       ??1CPluginBackground@@QAE@XZ 10017170 f   PluginBackground.obj
 0001:000163c0       ?RegisterSubplugin@CPluginBackground@@QAEHPAURegisterBackgroundArg@@@Z 100173c0 f   PluginBackground.obj
 0001:000166b0       ?ReallocItems@CPluginBackground@@IAEXH@Z 100176b0 f   PluginBackground.obj
 0001:00016730       ?OnMainThreadActivated@CPluginBackground@@QAEXHH@Z 10017730 f   PluginBackground.obj
 0001:00016850       ?SetForceCheck@CPluginBackground@@QAEXXZ 10017850 f   PluginBackground.obj
 0001:00016880       ?SetForceUpdate@CPluginBackground@@QAEXXZ 10017880 f   PluginBackground.obj
 0001:000168b0       ?SetForceThLoad@CPluginBackground@@QAEXXZ 100178b0 f   PluginBackground.obj
 0001:000168f0       ?IsParmChanged@CPluginBackground@@IAE_NPAUPaintBackgroundArg@@0@Z 100178f0 f   PluginBackground.obj
 0001:00016bd0       ?CheckPanelFolders@CPluginBackground@@IAEXH@Z 10017bd0 f   PluginBackground.obj
 0001:00016d30       ?SetDcPanelRect@CPluginBackground@@IAEXPAUtagRECT@@PAUtag_BkPanelInfo@PaintBackgroundArg@@PAU4@@Z 10017d30 f   PluginBackground.obj
 0001:00016e60       ?UpdateBackground_Exec@CPluginBackground@@KIXPAURegisterBackgroundArg@@PAUPaintBackgroundArg@@@Z 10017e60 f   PluginBackground.obj
 0001:00016ea0       ?UpdateBackground@CPluginBackground@@IAEXXZ 10017ea0 f   PluginBackground.obj
 0001:00017d00       ?LoadThSet@CPluginBackground@@IAEHH@Z 10018d00 f   PluginBackground.obj
 0001:00017f20       ?MonitorBackground@CPluginBackground@@QAEXXZ 10018f20 f   PluginBackground.obj
 0001:00017fc0       ?GetTo@?$MFileMapping@UPanelViewSetMapping@@@@QAE_NPAUPanelViewSetMapping@@H@Z 10018fc0 f i PluginBackground.obj
 0001:00018010       ?InitName@?$MFileMapping@UPanelViewSetMapping@@@@QAEPB_WPB_WKK@Z 10019010 f i PluginBackground.obj
 0001:00018060       ?CloseMap@?$MFileMapping@UPanelViewSetMapping@@@@QAEXXZ 10019060 f i PluginBackground.obj
 0001:000180d0       ?Open@?$MFileMapping@UPanelViewSetMapping@@@@QAEPAUPanelViewSetMapping@@HH@Z 100190d0 f i PluginBackground.obj
 0001:000180f0       ??0?$MFileMapping@UPanelViewSetMapping@@@@QAE@XZ 100190f0 f i PluginBackground.obj
 0001:00018150       ??1?$MFileMapping@UPanelViewSetMapping@@@@QAE@XZ 10019150 f i PluginBackground.obj
 0001:00018170       ?IsValid@?$MFileMapping@UPanelViewSetMapping@@@@QAE_NXZ 10019170 f i PluginBackground.obj
 0001:00018190       ?ClosePtr@?$MFileMapping@UPanelViewSetMapping@@@@QAEXXZ 10019190 f i PluginBackground.obj
 0001:000181c0       ?InternalOpenCreate@?$MFileMapping@UPanelViewSetMapping@@@@IAEPAUPanelViewSetMapping@@HHH@Z 100191c0 f i PluginBackground.obj
 0001:00018490       ?PlugServerInit@@YIXXZ     10019490 f   PluginSrv.obj
 0001:000184a0       ?PlugServerStart@@YI_NXZ   100194a0 f   PluginSrv.obj
 0001:00018590       ?PlugServerStop@@YIX_N@Z   10019590 f   PluginSrv.obj
 0001:000185e0       ?PlugServerCommand@@YGHPAXPAUCESERVER_REQ@@AAPAU1@AAK3J@Z 100195e0 f   PluginSrv.obj
 0001:00018ba0       ?PlugServerFree@@YGXPAUCESERVER_REQ@@J@Z 10019ba0 f   PluginSrv.obj
 0001:00018bb0       ?SetOverlapped@?$PipeServer@UCESERVER_REQ@@@@QAEX_N@Z 10019bb0 f i PluginSrv.obj
 0001:00018bd0       ?SetLoopCommands@?$PipeServer@UCESERVER_REQ@@@@QAEX_N@Z 10019bd0 f i PluginSrv.obj
 0001:00018bf0       ?SetDummyAnswerSize@?$PipeServer@UCESERVER_REQ@@@@QAEXH@Z 10019bf0 f i PluginSrv.obj
 0001:00018c10       ?SetMaxCount@?$PipeServer@UCESERVER_REQ@@@@QAEXH@Z 10019c10 f i PluginSrv.obj
 0001:00018c50       ?StartPipeServer@?$PipeServer@UCESERVER_REQ@@@@QAE_NPB_WJPAU_SECURITY_ATTRIBUTES@@P6GHPAXPAUCESERVER_REQ@@AAPAU3@AAK5J@ZP6GX3J@ZP6GH2J@Z88@Z 10019c50 f i PluginSrv.obj
 0001:00018e30       ?StopPipeServer@?$PipeServer@UCESERVER_REQ@@@@QAEX_N@Z 10019e30 f i PluginSrv.obj
 0001:00019350       ?BreakConnection@?$PipeServer@UCESERVER_REQ@@@@QAEXPAX@Z 1001a350 f i PluginSrv.obj
 0001:00019370       ?DumpError@?$PipeServer@UCESERVER_REQ@@@@IAEXPAUPipeInst@1@PB_WH@Z 1001a370 f i PluginSrv.obj
 0001:00019460       ?_Disconnect@?$PipeServer@UCESERVER_REQ@@@@IAEXPAUPipeInst@1@_N11@Z 1001a460 f i PluginSrv.obj
 0001:000194e0       ?StartPipeInstance@?$PipeServer@UCESERVER_REQ@@@@IAE_NPAUPipeInst@1@@Z 1001a4e0 f i PluginSrv.obj
 0001:000195e0       ?_PipeServerThread@?$PipeServer@UCESERVER_REQ@@@@KGKPAX@Z 1001a5e0 f i PluginSrv.obj
 0001:00019660       ?PipeServerThread@?$PipeServer@UCESERVER_REQ@@@@IAEKPAUPipeInst@1@@Z 1001a660 f i PluginSrv.obj
 0001:000199f0       ?PipeServerRead@?$PipeServer@UCESERVER_REQ@@@@IAEHPAUPipeInst@1@@Z 1001a9f0 f i PluginSrv.obj
 0001:00019d50       ?PipeServerWrite@?$PipeServer@UCESERVER_REQ@@@@IAEHPAUPipeInst@1@PBXKPAKH@Z 1001ad50 f i PluginSrv.obj
 0001:00019f00       ?WaitForClient@?$PipeServer@UCESERVER_REQ@@@@IAE_NPAUPipeInst@1@AAH1@Z 1001af00 f i PluginSrv.obj
 0001:0001a2e0       ?WriteDummyAnswer@?$PipeServer@UCESERVER_REQ@@@@IAEHPAUPipeInst@1@@Z 1001b2e0 f i PluginSrv.obj
 0001:0001a360       ?WaitOverlapped@?$PipeServer@UCESERVER_REQ@@@@IAEHPAUPipeInst@1@PAK@Z 1001b360 f i PluginSrv.obj
 0001:0001a560       ?AllocRequestBuf@PipeInst@?$PipeServer@UCESERVER_REQ@@@@QAEPAUCESERVER_REQ@@K@Z 1001b560 f i PluginSrv.obj
 0001:0001a5e0       ??$wcscpy_c@$0BAE@@@YIHAAY0BAE@_WPB_W@Z 1001b5e0 f i PluginSrv.obj
 0001:0001a6f0       ?NextArg@@YIHPAPB_WAAY0BAF@_W0@Z 1001b6f0 f   Common.obj
 0001:0001a8f0       ?NextArg@@YIHPAPBDAAY0BAF@D0@Z 1001b8f0 f   Common.obj
 0001:0001aad0       ?PackInputRecord@@YIHPBU_INPUT_RECORD@@PAUMsgStr@MSG64@@@Z 1001bad0 f   Common.obj
 0001:0001ace0       ?UnpackInputRecord@@YIHPBUMsgStr@MSG64@@PAU_INPUT_RECORD@@@Z 1001bce0 f   Common.obj
 0001:0001af40       ?TranslateKeyPress@@YIXGK_WHPAU_INPUT_RECORD@@1@Z 1001bf40 f   Common.obj
 0001:0001b0b0       ?CommonShutdown@@YIXXZ     1001c0b0 f   Common.obj
 0001:0001b0e0       ?GetImageSubsystem@@YI_NPB_WAAK11@Z 1001c0e0 f   Execute.obj
 0001:0001b430       ?GetImageSubsystem@@YI_NAAK0@Z 1001c430 f   Execute.obj
 0001:0001b4e0       ?GetImageSubsystem@@YI_NU_PROCESS_INFORMATION@@AAK1@Z 1001c4e0 f   Execute.obj
 0001:0001b6d0       ?GetEnclosingSectionHeader@@YIPAU_IMAGE_SECTION_HEADER@@KPAUIMAGE_MAPPING@@@Z 1001c6d0 f   Execute.obj
 0001:0001b760       ?GetPtrFromRVA@@YIPAXKPAUIMAGE_MAPPING@@@Z 1001c760 f   Execute.obj
 0001:0001b7c0       ?FindImageSubsystem@@YI_NPB_WAAK11@Z 1001c7c0 f   Execute.obj
 0001:0001c090       ?ModuleName@@YIPB_WPB_W@Z  1001d090 f   ConEmuCheck.obj
 0001:0001c170       ?ExecuteOpenPipe@@YIPAXPB_WAAY0CAI@_W0KKHPAX@Z 1001d170 f   ConEmuCheck.obj
 0001:0001c3a0       ?ExecutePrepareCmd@@YIXPAUCESERVER_REQ@@KI@Z 1001d3a0 f   ConEmuCheck.obj
 0001:0001c3f0       ?ExecutePrepareCmd@@YIXPAUCESERVER_REQ_HDR@@KI@Z 1001d3f0 f   ConEmuCheck.obj
 0001:0001c490       ?ExecuteNewCmd@@YIPAUCESERVER_REQ@@KI@Z 1001d490 f   ConEmuCheck.obj
 0001:0001c4f0       ?ExecuteNewCmd@@YIHAAPAUCESERVER_REQ@@AAKKI@Z 1001d4f0 f   ConEmuCheck.obj
 0001:0001c570       ?LoadSrvMapping@@YIHPAUHWND__@@AAUCESERVER_CONSOLE_MAPPING_HDR@@@Z 1001d570 f   ConEmuCheck.obj
 0001:0001c690       ?LoadGuiMapping@@YIHKAAUConEmuGuiMapping@@@Z 1001d690 f   ConEmuCheck.obj
 0001:0001c7b0       ?ExecuteNewCmdOnCreate@@YIPAUCESERVER_REQ@@PAUCESERVER_CONSOLE_MAPPING_HDR@@PAUHWND__@@W4CmdOnCreateType@@PB_W33PAK444HHPAX55@Z 1001d7b0 f   ConEmuCheck.obj
 0001:0001cc20       ?ExecuteGuiCmd@@YIPAUCESERVER_REQ@@PAUHWND__@@PAU1@0H@Z 1001dc20 f   ConEmuCheck.obj
 0001:0001ccb0       ?ExecuteSrvCmd@@YIPAUCESERVER_REQ@@KPAU1@PAUHWND__@@HK@Z 1001dcb0 f   ConEmuCheck.obj
 0001:0001cd50       ?ExecuteHkCmd@@YIPAUCESERVER_REQ@@KPAU1@PAUHWND__@@H@Z 1001dd50 f   ConEmuCheck.obj
 0001:0001cdf0       ?ExecuteCmd@@YIPAUCESERVER_REQ@@PB_WPAU1@KPAUHWND__@@HK@Z 1001ddf0 f   ConEmuCheck.obj
 0001:0001d0b0       ?ExecuteFreeResult@@YIXAAPAUCESERVER_REQ@@@Z 1001e0b0 f   ConEmuCheck.obj
 0001:0001d0f0       ?myGetConsoleWindow@@YIPAUHWND__@@XZ 1001e0f0 f   ConEmuCheck.obj
 0001:0001d170       ?GetConEmuHWND@@YIPAUHWND__@@H@Z 1001e170 f   ConEmuCheck.obj
 0001:0001d320       ?SetConEmuEnvVar@@YIXPAUHWND__@@@Z 1001e320 f   ConEmuCheck.obj
 0001:0001d370       ?ConEmuCheck@@YIHPAPAUHWND__@@@Z 1001e370 f   ConEmuCheck.obj
 0001:0001d3b0       ?GuiMessageBox@@YIHPAUHWND__@@PB_W1H@Z 1001e3b0 f   ConEmuCheck.obj
 0001:0001d570       ?InitName@?$MFileMapping@UConEmuGuiMapping@@@@QAEPB_WPB_WKK@Z 1001e570 f i ConEmuCheck.obj
 0001:0001d5c0       ?CloseMap@?$MFileMapping@UConEmuGuiMapping@@@@QAEXXZ 1001e5c0 f i ConEmuCheck.obj
 0001:0001d630       ?Open@?$MFileMapping@UConEmuGuiMapping@@@@QAEPAUConEmuGuiMapping@@HH@Z 1001e630 f i ConEmuCheck.obj
 0001:0001d650       ??0?$MFileMapping@UConEmuGuiMapping@@@@QAE@XZ 1001e650 f i ConEmuCheck.obj
 0001:0001d6b0       ??1?$MFileMapping@UConEmuGuiMapping@@@@QAE@XZ 1001e6b0 f i ConEmuCheck.obj
 0001:0001d6d0       ?ClosePtr@?$MFileMapping@UConEmuGuiMapping@@@@QAEXXZ 1001e6d0 f i ConEmuCheck.obj
 0001:0001d700       ?InternalOpenCreate@?$MFileMapping@UConEmuGuiMapping@@@@IAEPAUConEmuGuiMapping@@HHH@Z 1001e700 f i ConEmuCheck.obj
 0001:0001d8f0       ??$wcscpy_c@$0CA@@@YIHAAY0CA@_WPB_W@Z 1001e8f0 f i ConEmuCheck.obj
 0001:0001d920       ?LoadGuiMapping@@YIHPAUHWND__@@AAUConEmuGuiMapping@@@Z 1001e920 f   ConEmuCheckEx.obj
 0001:0001d960       ?IsConEmuExeExist@@YIHPB_WAAY0BAF@_W@Z 1001e960 f   ConEmuCheckEx.obj
 0001:0001da00       ?FindConEmuBaseDir@@YIHAAY0BAF@_W0PAUHINSTANCE__@@@Z 1001ea00 f   ConEmuCheckEx.obj
 0001:0001dfa0       ??$wcscpy_c@$0BAF@@@YIHAAY0BAF@_WPB_W@Z 1001efa0 f i ConEmuCheckEx.obj
 0001:0001e0b0       ??$wcscpy_add@$0BAF@@@YIHPA_WAAY0BAF@_WPB_W@Z 1001f0b0 f i ConEmuCheckEx.obj
 0001:0001e100       ??$wcscat_c@$0BAF@@@YIHAAY0BAF@_WPB_W@Z 1001f100 f i ConEmuCheckEx.obj
 0001:0001e1f0       ?HeapInitialize@@YI_NXZ    1001f1f0 f   Memory.obj
 0001:0001e220       ?HeapDeinitialize@@YIXXZ   1001f220 f   Memory.obj
 0001:0001e250       ?xf_malloc@@YAPAXI@Z       1001f250 f   Memory.obj
 0001:0001e280       ?xf_calloc@@YAPAXII@Z      1001f280 f   Memory.obj
 0001:0001e2b0       ?xf_realloc@@YAPAXPAXI@Z   1001f2b0 f   Memory.obj
 0001:0001e2e0       ?xf_free@@YAXPAX@Z         1001f2e0 f   Memory.obj
 0001:0001e310       ?xf_validate@@YA_NPAX@Z    1001f310 f   Memory.obj
 0001:0001e340       ??2@YAPAXI@Z               1001f340 f   Memory.obj
 0001:0001e360       ??_U@YAPAXI@Z              1001f360 f   Memory.obj
 0001:0001e380       ??3@YAXPAX@Z               1001f380 f   Memory.obj
 0001:0001e3a0       ??_V@YAXPAX@Z              1001f3a0 f   Memory.obj
 0001:0001e3c0       ?lstrdup@@YIPADPBD@Z       1001f3c0 f   Memory.obj
 0001:0001e430       ?StringCchCopyA@@YGJPADIPBD@Z 1001f430 f i Memory.obj
 0001:0001e550       ?lstrdup@@YIPA_WPB_W@Z     1001f550 f   Memory.obj
 0001:0001e6a0       ?lstrdupW@@YIPA_WPBDI@Z    1001f6a0 f   Memory.obj
 0001:0001e720       ?lstrmerge@@YIPA_WPB_W000@Z 1001f720 f   Memory.obj
 0001:0001e840       ?lstrmerge@@YI_NPAPA_WPB_W11@Z 1001f840 f   Memory.obj
 0001:0001e8a0       ?FindMonitorsWorkspace@@YGHPAUHMONITOR__@@PAUHDC__@@PAUtagRECT@@J@Z 1001f8a0 f   Monitors.obj
 0001:0001e920       ?GetAllMonitorsWorkspace@@YI?AUtagRECT@@XZ 1001f920 f   Monitors.obj
 0001:0001e9a0       ?FindPrimaryMonitor@@YGHPAUHMONITOR__@@PAUHDC__@@PAUtagRECT@@J@Z 1001f9a0 f   Monitors.obj
 0001:0001ea20       ?GetMonitorInfoSafe@@YI_NPAUHMONITOR__@@AAUtagMONITORINFO@@@Z 1001fa20 f   Monitors.obj
 0001:0001ea70       ?GetPrimaryMonitorInfo@@YIPAUHMONITOR__@@PAUtagMONITORINFO@@@Z 1001fa70 f   Monitors.obj
 0001:0001eb20       ?GetNearestMonitorInfo@@YIPAUHMONITOR__@@PAUtagMONITORINFO@@PAU1@PBUtagRECT@@PAUHWND__@@@Z 1001fb20 f   Monitors.obj
 0001:0001ec10       ?EnumAllMonitors@@YGHPAUHMONITOR__@@PAUHDC__@@PAUtagRECT@@J@Z 1001fc10 f   Monitors.obj
 0001:0001ec80       ?MonitorSortCallback@@YIHAAU_FindAllMonitorsItem@@0@Z 1001fc80 f   Monitors.obj
 0001:0001ecf0       ?GetNextMonitorInfo@@YIPAUHMONITOR__@@PAUtagMONITORINFO@@PBUtagRECT@@_N@Z 1001fcf0 f   Monitors.obj
 0001:0001ef00       ??0_FindAllMonitors@@QAE@XZ 1001ff00 f i Monitors.obj
 0001:0001ef20       ??1_FindAllMonitors@@QAE@XZ 1001ff20 f i Monitors.obj
 0001:0001ef40       ??0?$MArray@U_FindAllMonitorsItem@@@@QAE@XZ 1001ff40 f i Monitors.obj
 0001:0001ef80       ??1?$MArray@U_FindAllMonitorsItem@@@@QAE@XZ 1001ff80 f i Monitors.obj
 0001:0001efa0       ??A?$MArray@U_FindAllMonitorsItem@@@@QAEAAU_FindAllMonitorsItem@@H@Z 1001ffa0 f i Monitors.obj
 0001:0001efc0       ?push_back@?$MArray@U_FindAllMonitorsItem@@@@QAEHABU_FindAllMonitorsItem@@@Z 1001ffc0 f i Monitors.obj
 0001:0001f050       ?size@?$MArray@U_FindAllMonitorsItem@@@@QBEHXZ 10020050 f i Monitors.obj
 0001:0001f070       ?sort@?$MArray@U_FindAllMonitorsItem@@@@QAEXP6IHAAU_FindAllMonitorsItem@@0@Z@Z 10020070 f i Monitors.obj
 0001:0001f160       ?clear@?$MArray@U_FindAllMonitorsItem@@@@QAEXXZ 10020160 f i Monitors.obj
 0001:0001f1b0       ?addsize@?$MArray@U_FindAllMonitorsItem@@@@QAEXH@Z 100201b0 f i Monitors.obj
 0001:0001f2a0       ?NullSecurity@@YIPAU_SECURITY_ATTRIBUTES@@XZ 100202a0 f   MSecurity.obj
 0001:0001f2f0       ??0MNullDesc@@QAE@XZ       100202f0 f i MSecurity.obj
 0001:0001f350       ?NullSecurity@MNullDesc@@QAEPAU_SECURITY_ATTRIBUTES@@XZ 10020350 f i MSecurity.obj
 0001:0001f450       ?LoadAdvApi@MNullDesc@@IAEHXZ 10020450 f i MSecurity.obj
 0001:0001f670       ?UnloadAdvApi@MNullDesc@@IAEXXZ 10020670 f i MSecurity.obj
 0001:0001f6a0       ?LocalSecurity@@YIPAU_SECURITY_ATTRIBUTES@@XZ 100206a0 f   MSecurity.obj
 0001:0001f6f0       ?LocalSecurity@MNullDesc@@QAEPAU_SECURITY_ATTRIBUTES@@XZ 100206f0 f i MSecurity.obj
 0001:0001f910       ?ShutdownSecurity@@YIXXZ   10020910 f   MSecurity.obj
 0001:0001f960       ??_GMNullDesc@@QAEPAXI@Z   10020960 f i MSecurity.obj
 0001:0001f990       ??1MNullDesc@@QAE@XZ       10020990 f i MSecurity.obj
 0001:0001f9f0       ?msprintf@@YAPB_WPA_WIPB_WZZ 100209f0 f   MStrSafe.obj
 0001:0001ff00       ?msprintf@@YAPBDPADIPBDZZ  10020f00 f   MStrSafe.obj
 0001:00020360       ?lstrcmpni@@YIHPB_W0H@Z    10021360 f   MStrSafe.obj
 0001:00020400       ?ShutdownConsole@@YGXXZ    10021400 f   WinConsole.obj
 0001:00020450       ?SetConsoleInfo@@YIHPAUHWND__@@PAU_CONSOLE_INFO@@@Z 10021450 f   WinConsole.obj
 0001:00020730       ?ChangeScreenBufferSize@@YIXAAU_CONSOLE_SCREEN_BUFFER_INFO@@FFFF@Z 10021730 f   WinConsole.obj
 0001:00020840       ?GetConWindowSize@@YIHABU_CONSOLE_SCREEN_BUFFER_INFO@@HHKPAH1PAK@Z 10021840 f   WinConsole.obj
 0001:00020990       ?GetConsoleSizeInfo@@YIXPAU_CONSOLE_INFO@@@Z 10021990 f   WinConsole.obj
 0001:00020a40       ?apiGetConsoleScreenBufferInfoEx@@YIHPAXPAUMY_CONSOLE_SCREEN_BUFFER_INFOEX@@@Z 10021a40 f   WinConsole.obj
 0001:00020ab0       ?apiSetConsoleScreenBufferInfoEx@@YIHPAXPAUMY_CONSOLE_SCREEN_BUFFER_INFOEX@@@Z 10021ab0 f   WinConsole.obj
 0001:00020b30       ?apiGetConsoleFontSize@@YIHPAXAAH1AAY0CA@_W@Z 10021b30 f   WinConsole.obj
 0001:00020bd0       ?apiSetConsoleFontSize@@YIHPAXHHPB_W@Z 10021bd0 f   WinConsole.obj
 0001:00020c80       ?apiFixFontSizeForBufferSize@@YIHPAXU_COORD@@@Z 10021c80 f   WinConsole.obj
 0001:00021170       ?SetConsoleFontSizeTo@@YIXPAUHWND__@@HHPB_WGG@Z 10022170 f   WinConsole.obj
 0001:000216c0       ?EvaluateDefaultFontWidth@@YIHHPB_W@Z 100226c0 f   WinConsole.obj
 0001:00021800       ?SetUserFriendlyFont@@YIXPAUHWND__@@@Z 10022800 f   WinConsole.obj
 0001:00021c90       ?CorrectConsolePos@@YIXPAUHWND__@@@Z 10022c90 f   WinConsole.obj
 0001:00021dd0       ?EmergencyShow@@YIXPAUHWND__@@@Z 10022dd0 f   WinConsole.obj
 0001:00021e80       ?getWindowInfo@@YIXPAUHWND__@@AAY0EAA@_W@Z 10022e80 f   WinObjects.obj
 0001:00021fe0       ?apiSetForegroundWindow@@YIHPAUHWND__@@@Z 10022fe0 f   WinObjects.obj
 0001:00022000       ?apiShowWindow@@YIHPAUHWND__@@H@Z 10023000 f   WinObjects.obj
 0001:00022030       ?apiShowWindowAsync@@YIHPAUHWND__@@H@Z 10023030 f   WinObjects.obj
 0001:00022060       ?isWindow@@YIHPAUHWND__@@@Z 10023060 f   WinObjects.obj
 0001:000220d0       ?FileCompare@@YIHPB_W0@Z   100230d0 f   WinObjects.obj
 0001:000222f0       ?FileExists@@YIHPB_WPAK@Z  100232f0 f   WinObjects.obj
 0001:000224d0       ?FileExistsSearch@@YIHPA_WI@Z 100234d0 f   WinObjects.obj
 0001:000226d0       ?DirectoryExists@@YIHPB_W@Z 100236d0 f   WinObjects.obj
 0001:000227c0       ?MyCreateDirectory@@YIHPA_W@Z 100237c0 f   WinObjects.obj
 0001:000228d0       ?IsFilePath@@YIHPB_W@Z     100238d0 f   WinObjects.obj
 0001:000229b0       ?GetShortFileName@@YIHPB_WHPA_WH@Z 100239b0 f   WinObjects.obj
 0001:00022bc0       ?GetShortFileNameEx@@YIPA_WPB_WH@Z 10023bc0 f   WinObjects.obj
 0001:00022fd0       ?IsUserAdmin@@YIHXZ        10023fd0 f   WinObjects.obj
 0001:00023090       ?GetLogonSID@@YIHPAXPAPA_W@Z 10024090 f   WinObjects.obj
 0001:000231b0       ?IsWine@@YI_NXZ            100241b0 f   WinObjects.obj
 0001:00023240       ?IsDbcs@@YI_NXZ            10024240 f   WinObjects.obj
 0001:00023260       ?IsWindows64@@YI_NXZ       10024260 f   WinObjects.obj
 0001:000232f0       ?GetProcessBits@@YIHKPAX@Z 100242f0 f   WinObjects.obj
 0001:000233d0       ?GetProcessInfo@@YI_NKPAUtagPROCESSENTRY32W@@@Z 100243d0 f   WinObjects.obj
 0001:000234b0       ?isTerminalMode@@YI_NXZ    100244b0 f   WinObjects.obj
 0001:000237d0       ?IsFarExe@@YI_NPB_W@Z      100247d0 f   WinObjects.obj
 0001:00023850       ?IsModuleValid@@YI_NPAUHINSTANCE__@@@Z 10024850 f   WinObjects.obj
 0001:000238e0       ?CheckCallbackPtr@@YIHPAUHINSTANCE__@@IPAP6GHXZHH@Z 100248e0 f   WinObjects.obj
 0001:00023a30       ?RemoveOldComSpecC@@YIXXZ  10024a30 f   WinObjects.obj
 0001:00023b60       ?PointToName@@YIPB_WPB_W@Z 10024b60 f   WinObjects.obj
 0001:00023bb0       ?PointToName@@YIPBDPBD@Z   10024bb0 f   WinObjects.obj
 0001:00023bf0       ?PointToExt@@YIPB_WPB_W@Z  10024bf0 f   WinObjects.obj
 0001:00023c30       ?Unquote@@YIPB_WPA_W@Z     10024c30 f   WinObjects.obj
 0001:00023ca0       ?ExpandMacroValues@@YIPA_WPB_WPAPB_WI@Z 10024ca0 f   WinObjects.obj
 0001:00023e60       ?ExpandEnvStr@@YIPA_WPB_W@Z 10024e60 f   WinObjects.obj
 0001:00023f00       ?GetFullPathNameEx@@YIPA_WPB_W@Z 10024f00 f   WinObjects.obj
 0001:00023fd0       ?IsExecutable@@YIHPB_WPAPA_W@Z 10024fd0 f   WinObjects.obj
 0001:000240c0       ?IsNeedCmd@@YIHPB_WPAPB_WPAHAAY0BAF@_WAAH44@Z 100250c0 f   WinObjects.obj
 0001:00024780       ?wcspbrk@@YAPA_WPA_WPB_W@Z 10025780 f i WinObjects.obj
 0001:000247a0       ?SkipNonPrintable@@YIPB_WPB_W@Z 100257a0 f   WinObjects.obj
 0001:00024800       ?CompareFileMask@@YI_NPB_W0@Z 10025800 f   WinObjects.obj
 0001:000249d0       ??0MConHandle@@QAE@PB_W@Z  100259d0 f   WinObjects.obj
 0001:00024a50       ?LogHandle@MConHandle@@AAEXIPAX@Z 10025a50 f   WinObjects.obj
 0001:00024ac0       ??1MConHandle@@QAE@XZ      10025ac0 f   WinObjects.obj
 0001:00024ae0       ?SetBufferPtr@MConHandle@@QAEXPAPAX@Z 10025ae0 f   WinObjects.obj
 0001:00024b00       ??BMConHandle@@QAEQAXXZ    10025b00 f   WinObjects.obj
 0001:00024df0       ?strrchr@@YAPADPADH@Z      10025df0 f i WinObjects.obj
 0001:00024e10       ?Close@MConHandle@@QAEXXZ  10025e10 f   WinObjects.obj
 0001:00024ec0       ??0MEvent@@QAE@XZ          10025ec0 f   WinObjects.obj
 0001:00024ef0       ??1MEvent@@QAE@XZ          10025ef0 f   WinObjects.obj
 0001:00024f10       ?Close@MEvent@@QAEXXZ      10025f10 f   WinObjects.obj
 0001:00024f60       ?InitName@MEvent@@QAEXPB_WK@Z 10025f60 f   WinObjects.obj
 0001:00024fb0       ?Open@MEvent@@QAEPAXXZ     10025fb0 f   WinObjects.obj
 0001:00025030       ?Wait@MEvent@@QAEKKH@Z     10026030 f   WinObjects.obj
 0001:00025090       ?GetHandle@MEvent@@QAEPAXXZ 10026090 f   WinObjects.obj
 0001:000250b0       ??0MSetter@@QAE@PAH@Z      100260b0 f   WinObjects.obj
 0001:000250f0       ??0MSetter@@QAE@PA_N@Z     100260f0 f   WinObjects.obj
 0001:00025130       ??0MSetter@@QAE@PAKK@Z     10026130 f   WinObjects.obj
 0001:00025170       ??1MSetter@@QAE@XZ         10026170 f   WinObjects.obj
 0001:00025190       ?Unlock@MSetter@@QAEXXZ    10026190 f   WinObjects.obj
 0001:00025200       ??0MSection@@QAE@XZ        10026200 f   WinObjects.obj
 0001:000252a0       ??1MSection@@QAE@XZ        100262a0 f   WinObjects.obj
 0001:00025320       ?Process_Lock@MSection@@IAEXXZ 10026320 f   WinObjects.obj
 0001:00025340       ?Process_Unlock@MSection@@IAEXXZ 10026340 f   WinObjects.obj
 0001:00025360       ?ThreadTerminated@MSection@@QAEXK@Z 10026360 f   WinObjects.obj
 0001:000253b0       ?AddRef@MSection@@IAEXK@Z  100263b0 f   WinObjects.obj
 0001:000254a0       ?ReleaseRef@MSection@@IAEHK@Z 100264a0 f   WinObjects.obj
 0001:00025570       ?WaitUnlocked@MSection@@IAEXKK@Z 10026570 f   WinObjects.obj
 0001:00025610       ?MyEnterCriticalSection@MSection@@IAE_NK@Z 10026610 f   WinObjects.obj
 0001:000257e0       ?Lock@MSection@@IAEHHK@Z   100267e0 f   WinObjects.obj
 0001:00025930       ?Unlock@MSection@@IAEXH@Z  10026930 f   WinObjects.obj
 0001:000259a0       ?isLockedExclusive@MSection@@QAE_NXZ 100269a0 f   WinObjects.obj
 0001:000259f0       ??0MSectionThread@@QAE@PAVMSection@@@Z 100269f0 f   WinObjects.obj
 0001:00025a20       ??1MSectionThread@@QAE@XZ  10026a20 f   WinObjects.obj
 0001:00025a50       ??0MSectionLock@@QAE@XZ    10026a50 f   WinObjects.obj
 0001:00025a80       ??1MSectionLock@@QAE@XZ    10026a80 f   WinObjects.obj
 0001:00025ab0       ?Lock@MSectionLock@@QAEHPAVMSection@@HK@Z 10026ab0 f   WinObjects.obj
 0001:00025b30       ?RelockExclusive@MSectionLock@@QAEHK@Z 10026b30 f   WinObjects.obj
 0001:00025ba0       ?Unlock@MSectionLock@@QAEXXZ 10026ba0 f   WinObjects.obj
 0001:00025be0       ?isLocked@MSectionLock@@QAEHH@Z 10026be0 f   WinObjects.obj
 0001:00025c30       ??0MSectionLockSimple@@QAE@XZ 10026c30 f   WinObjects.obj
 0001:00025c50       ??1MSectionLockSimple@@QAE@XZ 10026c50 f   WinObjects.obj
 0001:00025c70       ?Lock@MSectionLockSimple@@QAEHPAU_RTL_CRITICAL_SECTION@@K@Z 10026c70 f   WinObjects.obj
 0001:00025d10       ?Unlock@MSectionLockSimple@@QAEXXZ 10026d10 f   WinObjects.obj
 0001:00025d50       ?isLocked@MSectionLockSimple@@QAEHXZ 10026d50 f   WinObjects.obj
 0001:00025d70       ??0MFileLog@@QAE@PB_W0K@Z  10026d70 f   WinObjects.obj
 0001:00025de0       ?InitFileName@MFileLog@@IAEJPB_WK@Z 10026de0 f   WinObjects.obj
 0001:00025e70       ??1MFileLog@@QAE@XZ        10026e70 f   WinObjects.obj
 0001:00025ec0       ?CloseLogFile@MFileLog@@QAEXXZ 10026ec0 f   WinObjects.obj
 0001:00025f40       ?CreateLogFile@MFileLog@@QAEJPB_WKK@Z 10026f40 f   WinObjects.obj
 0001:000265a0       ?GetLogFileName@MFileLog@@QAEPB_WXZ 100275a0 f   WinObjects.obj
 0001:000265e0       ?LogString@MFileLog@@QAEXPBD_N01I@Z 100275e0 f   WinObjects.obj
 0001:00026730       ?LogString@MFileLog@@QAEXPB_W_N01@Z 10027730 f   WinObjects.obj
 0001:00026a30       ?MonitorEnumProc@MFileLog@@KGHPAUHMONITOR__@@PAUHDC__@@PAUtagRECT@@J@Z 10027a30 f   WinObjects.obj
 0001:00026b60       ?LogStartEnv@MFileLog@@QAEXPAUCEStartupEnv@@@Z 10027b60 f   WinObjects.obj
 0001:00027540       ??0CToolTip@@QAE@XZ        10028540 f   WinObjects.obj
 0001:000275b0       ??_ECToolTip@@UAEPAXI@Z    100285b0 f i WinObjects.obj
 0001:000275b0       ??_GCToolTip@@UAEPAXI@Z    100285b0 f i WinObjects.obj
 0001:000275e0       ??1CToolTip@@UAE@XZ        100285e0 f   WinObjects.obj
 0001:00027680       ?ShowTip@CToolTip@@QAEXPAUHWND__@@0PB_WHUtagPOINT@@PAUHINSTANCE__@@@Z 10028680 f   WinObjects.obj
 0001:00027960       ?HideTip@CToolTip@@QAEXXZ  10028960 f   WinObjects.obj
 0001:000279d0       ??0CTimer@@QAE@XZ          100289d0 f   WinObjects.obj
 0001:00027a10       ??1CTimer@@QAE@XZ          10028a10 f   WinObjects.obj
 0001:00027a30       ?IsStarted@CTimer@@QAE_NXZ 10028a30 f   WinObjects.obj
 0001:00027a50       ?Start@CTimer@@QAEXI@Z     10028a50 f   WinObjects.obj
 0001:00027ab0       ?Stop@CTimer@@QAEXXZ       10028ab0 f   WinObjects.obj
 0001:00027ae0       ?Restart@CTimer@@QAEXI@Z   10028ae0 f   WinObjects.obj
 0001:00027b10       ?Init@CTimer@@QAEXPAUHWND__@@II@Z 10028b10 f   WinObjects.obj
 0001:00027b40       ?MyGetLargestConsoleWindowSize@@YI?AU_COORD@@PAX@Z 10028b40 f   WinObjects.obj
 0001:00027bc0       ?DuplicateProcessHandle@@YIPAXK@Z 10028bc0 f   WinObjects.obj
 0001:00027c30       ?FindComspec@@YIXPAUConEmuComspec@@@Z 10028c30 f   WinObjects.obj
 0001:00028560       ?GetEnvVar@@YIPA_WPB_WK@Z  10029560 f   WinObjects.obj
 0001:00028670       ?UpdateComspec@@YIXPAUConEmuComspec@@_N@Z 10029670 f   WinObjects.obj
 0001:00028a30       ?SetEnvVarExpanded@@YIXPB_W0@Z 10029a30 f   WinObjects.obj
 0001:00028b30       ?GetComspecFromEnvVar@@YIPB_WPA_WKW4ComSpecBits@@@Z 10029b30 f   WinObjects.obj
 0001:00028cf0       ?GetComspec@@YIPA_WPBUConEmuComspec@@@Z 10029cf0 f   WinObjects.obj
 0001:00028f30       ?IsExportEnvVarAllowed@@YI_NPB_W@Z 10029f30 f   WinObjects.obj
 0001:00028fa0       ?ApplyExportEnvVar@@YIXPB_W@Z 10029fa0 f   WinObjects.obj
 0001:00029020       ?CopyToClipboard@@YI_NPB_W@Z 1002a020 f   WinObjects.obj
 0001:000290d0       ??$wcscpy_c@$0EAA@@@YIHAAY0EAA@_WPB_W@Z 1002a0d0 f i WinObjects.obj
 0001:00029100       ??$wcscpy_c@$0BAA@@@YIHAAY0BAA@_WPB_W@Z 1002a100 f i WinObjects.obj
 0001:00029130       ??$wcscpy_c@$0EBA@@@YIHAAY0EBA@_WPB_W@Z 1002a130 f i WinObjects.obj
 0001:00029158       _GetProcAddress@8          1002a158 f   kernel32:KERNEL32.dll
 0001:0002915e       _GetCurrentProcessId@0     1002a15e f   kernel32:KERNEL32.dll
 0001:00029164       _GetLastError@0            1002a164 f   kernel32:KERNEL32.dll
 0001:0002916a       _LoadLibraryW@4            1002a16a f   kernel32:KERNEL32.dll
 0001:00029170       _GetModuleHandleW@4        1002a170 f   kernel32:KERNEL32.dll
 0001:00029176       _IsDebuggerPresent@0       1002a176 f   kernel32:KERNEL32.dll
 0001:0002917c       _SetEvent@4                1002a17c f   kernel32:KERNEL32.dll
 0001:00029182       _lstrcpyW@8                1002a182 f   kernel32:KERNEL32.dll
 0001:00029188       _lstrlenW@4                1002a188 f   kernel32:KERNEL32.dll
 0001:0002918e       _SetEnvironmentVariableW@8 1002a18e f   kernel32:KERNEL32.dll
 0001:00029194       _IsBadStringPtrW@8         1002a194 f   kernel32:KERNEL32.dll
 0001:0002919a       _GetNumberOfConsoleInputEvents@8 1002a19a f   kernel32:KERNEL32.dll
 0001:000291a0       _GetStdHandle@4            1002a1a0 f   kernel32:KERNEL32.dll
 0001:000291a6       _GetTickCount@0            1002a1a6 f   kernel32:KERNEL32.dll
 0001:000291ac       _SetLastError@4            1002a1ac f   kernel32:KERNEL32.dll
 0001:000291b2       _GetCurrentThreadId@0      1002a1b2 f   kernel32:KERNEL32.dll
 0001:000291b8       _ReadConsoleInputW@16      1002a1b8 f   kernel32:KERNEL32.dll
 0001:000291be       _PeekConsoleInputW@16      1002a1be f   kernel32:KERNEL32.dll
 0001:000291c4       _lstrcatW@8                1002a1c4 f   kernel32:KERNEL32.dll
 0001:000291ca       _GetModuleFileNameW@12     1002a1ca f   kernel32:KERNEL32.dll
 0001:000291d0       _WriteConsoleInputW@16     1002a1d0 f   kernel32:KERNEL32.dll
 0001:000291d6       _WaitForSingleObject@8     1002a1d6 f   kernel32:KERNEL32.dll
 0001:000291dc       _ReleaseSemaphore@12       1002a1dc f   kernel32:KERNEL32.dll
 0001:000291e2       _WaitForMultipleObjects@16 1002a1e2 f   kernel32:KERNEL32.dll
 0001:000291e8       _ResetEvent@4              1002a1e8 f   kernel32:KERNEL32.dll
 0001:000291ee       _InterlockedDecrement@4    1002a1ee f   kernel32:KERNEL32.dll
 0001:000291f4       _InterlockedIncrement@4    1002a1f4 f   kernel32:KERNEL32.dll
 0001:000291fa       _GetConsoleScreenBufferInfo@8 1002a1fa f   kernel32:KERNEL32.dll
 0001:00029200       _SuspendThread@4           1002a200 f   kernel32:KERNEL32.dll
 0001:00029206       _ResumeThread@4            1002a206 f   kernel32:KERNEL32.dll
 0001:0002920c       _TerminateProcess@8        1002a20c f   kernel32:KERNEL32.dll
 0001:00029212       _GetCurrentProcess@0       1002a212 f   kernel32:KERNEL32.dll
 0001:00029218       _GetEnvironmentVariableW@12 1002a218 f   kernel32:KERNEL32.dll
 0001:0002921e       _CreateThread@24           1002a21e f   kernel32:KERNEL32.dll
 0001:00029224       _CreateSemaphoreW@16       1002a224 f   kernel32:KERNEL32.dll
 0001:0002922a       _CreateEventW@16           1002a22a f   kernel32:KERNEL32.dll
 0001:00029230       _CloseHandle@4             1002a230 f   kernel32:KERNEL32.dll
 0001:00029236       _OpenFileMappingW@12       1002a236 f   kernel32:KERNEL32.dll
 0001:0002923c       _VirtualProtect@16         1002a23c f   kernel32:KERNEL32.dll
 0001:00029242       _MapViewOfFile@20          1002a242 f   kernel32:KERNEL32.dll
 0001:00029248       _CreateFileMappingW@24     1002a248 f   kernel32:KERNEL32.dll
 0001:0002924e       _lstrcmpW@8                1002a24e f   kernel32:KERNEL32.dll
 0001:00029254       _lstrcpynW@12              1002a254 f   kernel32:KERNEL32.dll
 0001:0002925a       _lstrcmpiW@8               1002a25a f   kernel32:KERNEL32.dll
 0001:00029260       _Module32NextW@8           1002a260 f   kernel32:KERNEL32.dll
 0001:00029266       _Module32FirstW@8          1002a266 f   kernel32:KERNEL32.dll
 0001:0002926c       _CreateToolhelp32Snapshot@8 1002a26c f   kernel32:KERNEL32.dll
 0001:00029272       _UnmapViewOfFile@4         1002a272 f   kernel32:KERNEL32.dll
 0001:00029278       _TerminateThread@8         1002a278 f   kernel32:KERNEL32.dll
 0001:0002927e       _SetConsoleTitleW@4        1002a27e f   kernel32:KERNEL32.dll
 0001:00029284       _GetConsoleTitleW@8        1002a284 f   kernel32:KERNEL32.dll
 0001:0002928a       _WideCharToMultiByte@32    1002a28a f   kernel32:KERNEL32.dll
 0001:00029290       _DeleteFileW@4             1002a290 f   kernel32:KERNEL32.dll
 0001:00029296       _CreateProcessW@40         1002a296 f   kernel32:KERNEL32.dll
 0001:0002929c       _GetExitCodeProcess@8      1002a29c f   kernel32:KERNEL32.dll
 0001:000292a2       _SetConsoleMode@8          1002a2a2 f   kernel32:KERNEL32.dll
 0001:000292a8       _GetConsoleMode@8          1002a2a8 f   kernel32:KERNEL32.dll
 0001:000292ae       _GetConsoleCursorInfo@8    1002a2ae f   kernel32:KERNEL32.dll
 0001:000292b4       _Thread32Next@8            1002a2b4 f   kernel32:KERNEL32.dll
 0001:000292ba       _Thread32First@8           1002a2ba f   kernel32:KERNEL32.dll
 0001:000292c0       _ExpandEnvironmentStringsW@12 1002a2c0 f   kernel32:KERNEL32.dll
 0001:000292c6       _lstrcmpA@8                1002a2c6 f   kernel32:KERNEL32.dll
 0001:000292cc       _MultiByteToWideChar@24    1002a2cc f   kernel32:KERNEL32.dll
 0001:000292d2       _lstrlenA@4                1002a2d2 f   kernel32:KERNEL32.dll
 0001:000292d8       _lstrcpynA@12              1002a2d8 f   kernel32:KERNEL32.dll
 0001:000292de       _GetCurrentDirectoryW@8    1002a2de f   kernel32:KERNEL32.dll
 0001:000292e4       _lstrcpyA@8                1002a2e4 f   kernel32:KERNEL32.dll
 0001:000292ea       _DisconnectNamedPipe@4     1002a2ea f   kernel32:KERNEL32.dll
 0001:000292f0       _SetThreadPriority@8       1002a2f0 f   kernel32:KERNEL32.dll
 0001:000292f6       _Sleep@4                   1002a2f6 f   kernel32:KERNEL32.dll
 0001:000292fc       _FlushFileBuffers@4        1002a2fc f   kernel32:KERNEL32.dll
 0001:00029302       _ReadFile@20               1002a302 f   kernel32:KERNEL32.dll
 0001:00029308       _GetOverlappedResult@16    1002a308 f   kernel32:KERNEL32.dll
 0001:0002930e       _WriteFile@20              1002a30e f   kernel32:KERNEL32.dll
 0001:00029314       _ConnectNamedPipe@8        1002a314 f   kernel32:KERNEL32.dll
 0001:0002931a       _CreateNamedPipeW@32       1002a31a f   kernel32:KERNEL32.dll
 0001:00029320       _SetFilePointer@16         1002a320 f   kernel32:KERNEL32.dll
 0001:00029326       _GetFileInformationByHandle@8 1002a326 f   kernel32:KERNEL32.dll
 0001:0002932c       _CreateFileW@28            1002a32c f   kernel32:KERNEL32.dll
 0001:00029332       _ReadProcessMemory@20      1002a332 f   kernel32:KERNEL32.dll
 0001:00029338       _FreeLibrary@4             1002a338 f   kernel32:KERNEL32.dll
 0001:0002933e       _GetVersionExW@4           1002a33e f   kernel32:KERNEL32.dll
 0001:00029344       _SearchPathW@24            1002a344 f   kernel32:KERNEL32.dll
 0001:0002934a       _DebugBreak@0              1002a34a f   kernel32:KERNEL32.dll
 0001:00029350       _SetNamedPipeHandleState@16 1002a350 f   kernel32:KERNEL32.dll
 0001:00029356       _WaitNamedPipeW@8          1002a356 f   kernel32:KERNEL32.dll
 0001:0002935c       _TransactNamedPipe@28      1002a35c f   kernel32:KERNEL32.dll
 0001:00029362       _GetConsoleWindow@0        1002a362 f   kernel32:KERNEL32.dll
 0001:00029368       _HeapCreate@12             1002a368 f   kernel32:KERNEL32.dll
 0001:0002936e       _HeapDestroy@4             1002a36e f   kernel32:KERNEL32.dll
 0001:00029374       _HeapAlloc@12              1002a374 f   kernel32:KERNEL32.dll
 0001:0002937a       _HeapReAlloc@16            1002a37a f   kernel32:KERNEL32.dll
 0001:00029380       _HeapFree@12               1002a380 f   kernel32:KERNEL32.dll
 0001:00029386       _HeapValidate@12           1002a386 f   kernel32:KERNEL32.dll
 0001:0002938c       _LocalFree@4               1002a38c f   kernel32:KERNEL32.dll
 0001:00029392       _LocalAlloc@8              1002a392 f   kernel32:KERNEL32.dll
 0001:00029398       _SetConsoleWindowInfo@12   1002a398 f   kernel32:KERNEL32.dll
 0001:0002939e       _GetConsoleOutputCP@0      1002a39e f   kernel32:KERNEL32.dll
 0001:000293a4       _GetFileSizeEx@8           1002a3a4 f   kernel32:KERNEL32.dll
 0001:000293aa       _FindClose@4               1002a3aa f   kernel32:KERNEL32.dll
 0001:000293b0       _FindNextFileW@8           1002a3b0 f   kernel32:KERNEL32.dll
 0001:000293b6       _FindFirstFileW@8          1002a3b6 f   kernel32:KERNEL32.dll
 0001:000293bc       _CreateDirectoryW@8        1002a3bc f   kernel32:KERNEL32.dll
 0001:000293c2       _OpenProcess@12            1002a3c2 f   kernel32:KERNEL32.dll
 0001:000293c8       _Process32NextW@8          1002a3c8 f   kernel32:KERNEL32.dll
 0001:000293ce       _Process32FirstW@8         1002a3ce f   kernel32:KERNEL32.dll
 0001:000293d4       _IsBadReadPtr@8            1002a3d4 f   kernel32:KERNEL32.dll
 0001:000293da       _GetFullPathNameW@16       1002a3da f   kernel32:KERNEL32.dll
 0001:000293e0       _GetModuleFileNameA@12     1002a3e0 f   kernel32:KERNEL32.dll
 0001:000293e6       _OpenEventW@12             1002a3e6 f   kernel32:KERNEL32.dll
 0001:000293ec       _InitializeCriticalSection@4 1002a3ec f   kernel32:KERNEL32.dll
 0001:000293f2       _DeleteCriticalSection@4   1002a3f2 f   kernel32:KERNEL32.dll
 0001:000293f8       _EnterCriticalSection@4    1002a3f8 f   kernel32:KERNEL32.dll
 0001:000293fe       _LeaveCriticalSection@4    1002a3fe f   kernel32:KERNEL32.dll
 0001:00029404       _TryEnterCriticalSection@4 1002a404 f   kernel32:KERNEL32.dll
 0001:0002940a       _OpenThread@12             1002a40a f   kernel32:KERNEL32.dll
 0001:00029410       _GetLocalTime@4            1002a410 f   kernel32:KERNEL32.dll
 0001:00029416       _GetLargestConsoleWindowSize@4 1002a416 f   kernel32:KERNEL32.dll
 0001:0002941c       _DuplicateHandle@28        1002a41c f   kernel32:KERNEL32.dll
 0001:00029422       _GetWindowsDirectoryW@8    1002a422 f   kernel32:KERNEL32.dll
 0001:00029428       _GlobalUnlock@4            1002a428 f   kernel32:KERNEL32.dll
 0001:0002942e       _GlobalLock@4              1002a42e f   kernel32:KERNEL32.dll
 0001:00029434       _GlobalAlloc@8             1002a434 f   kernel32:KERNEL32.dll
 0001:0002943a       _MessageBoxW@16            1002a43a f   user32:USER32.dll
 0001:00029440       _wsprintfW                 1002a440 f   user32:USER32.dll
 0001:00029446       _IsWindow@4                1002a446 f   user32:USER32.dll
 0001:0002944c       _GetWindowLongW@8          1002a44c f   user32:USER32.dll
 0001:00029452       _GetParent@4               1002a452 f   user32:USER32.dll
 0001:00029458       _PostMessageW@16           1002a458 f   user32:USER32.dll
 0001:0002945e       _RegisterWindowMessageW@4  1002a45e f   user32:USER32.dll
 0001:00029464       _GetWindowThreadProcessId@8 1002a464 f   user32:USER32.dll
 0001:0002946a       _IsWindowVisible@4         1002a46a f   user32:USER32.dll
 0001:00029470       _CharUpperBuffW@8          1002a470 f   user32:USER32.dll
 0001:00029476       _FillRect@12               1002a476 f   user32:USER32.dll
 0001:0002947c       _ReleaseDC@8               1002a47c f   user32:USER32.dll
 0001:00029482       _GetDC@4                   1002a482 f   user32:USER32.dll
 0001:00029488       _ActivateKeyboardLayout@8  1002a488 f   user32:USER32.dll
 0001:0002948e       _LoadKeyboardLayoutW@8     1002a48e f   user32:USER32.dll
 0001:00029494       _MapVirtualKeyW@8          1002a494 f   user32:USER32.dll
 0001:0002949a       _VkKeyScanW@4              1002a49a f   user32:USER32.dll
 0001:000294a0       _FindWindowW@8             1002a4a0 f   user32:USER32.dll
 0001:000294a6       _GetSystemMetrics@4        1002a4a6 f   user32:USER32.dll
 0001:000294ac       _IsRectEmpty@4             1002a4ac f   user32:USER32.dll
 0001:000294b2       _EnumDisplayMonitors@16    1002a4b2 f   user32:USER32.dll
 0001:000294b8       _GetMonitorInfoW@8         1002a4b8 f   user32:USER32.dll
 0001:000294be       _SystemParametersInfoW@16  1002a4be f   user32:USER32.dll
 0001:000294c4       _MonitorFromWindow@8       1002a4c4 f   user32:USER32.dll
 0001:000294ca       _MonitorFromRect@8         1002a4ca f   user32:USER32.dll
 0001:000294d0       _SetWindowPos@28           1002a4d0 f   user32:USER32.dll
 0001:000294d6       _ShowWindow@8              1002a4d6 f   user32:USER32.dll
 0001:000294dc       _SendMessageW@16           1002a4dc f   user32:USER32.dll
 0001:000294e2       _GetWindowRect@8           1002a4e2 f   user32:USER32.dll
 0001:000294e8       _EnableWindow@8            1002a4e8 f   user32:USER32.dll
 0001:000294ee       _IsWindowEnabled@4         1002a4ee f   user32:USER32.dll
 0001:000294f4       _SetForegroundWindow@4     1002a4f4 f   user32:USER32.dll
 0001:000294fa       _ShowWindowAsync@8         1002a4fa f   user32:USER32.dll
 0001:00029500       _wsprintfA                 1002a500 f   user32:USER32.dll
 0001:00029506       _GetCursorPos@4            1002a506 f   user32:USER32.dll
 0001:0002950c       _GetWindowTextW@12         1002a50c f   user32:USER32.dll
 0001:00029512       _GetClassNameW@12          1002a512 f   user32:USER32.dll
 0001:00029518       _GetForegroundWindow@0     1002a518 f   user32:USER32.dll
 0001:0002951e       _GetKeyboardLayoutList@8   1002a51e f   user32:USER32.dll
 0001:00029524       _GetKeyboardLayout@4       1002a524 f   user32:USER32.dll
 0001:0002952a       _DestroyWindow@4           1002a52a f   user32:USER32.dll
 0001:00029530       _GetClientRect@8           1002a530 f   user32:USER32.dll
 0001:00029536       _CreateWindowExW@48        1002a536 f   user32:USER32.dll
 0001:0002953c       _SetTimer@16               1002a53c f   user32:USER32.dll
 0001:00029542       _KillTimer@8               1002a542 f   user32:USER32.dll
 0001:00029548       _CloseClipboard@0          1002a548 f   user32:USER32.dll
 0001:0002954e       _SetClipboardData@8        1002a54e f   user32:USER32.dll
 0001:00029554       _EmptyClipboard@0          1002a554 f   user32:USER32.dll
 0001:0002955a       _OpenClipboard@4           1002a55a f   user32:USER32.dll
 0001:00029560       _DeleteEnhMetaFile@4       1002a560 f   gdi32:GDI32.dll
 0001:00029566       _GetEnhMetaFileBits@12     1002a566 f   gdi32:GDI32.dll
 0001:0002956c       _CloseEnhMetaFile@4        1002a56c f   gdi32:GDI32.dll
 0001:00029572       _GdiFlush@0                1002a572 f   gdi32:GDI32.dll
 0001:00029578       _SelectObject@8            1002a578 f   gdi32:GDI32.dll
 0001:0002957e       _DeleteDC@4                1002a57e f   gdi32:GDI32.dll
 0001:00029584       _DeleteObject@4            1002a584 f   gdi32:GDI32.dll
 0001:0002958a       _CreateSolidBrush@4        1002a58a f   gdi32:GDI32.dll
 0001:00029590       _CreateDIBSection@24       1002a590 f   gdi32:GDI32.dll
 0001:00029596       _CreateCompatibleDC@4      1002a596 f   gdi32:GDI32.dll
 0001:0002959c       _CreateEnhMetaFileW@16     1002a59c f   gdi32:GDI32.dll
 0001:000295a2       _GetDeviceCaps@8           1002a5a2 f   gdi32:GDI32.dll
 0001:000295a8       _GetTextMetricsW@8         1002a5a8 f   gdi32:GDI32.dll
 0001:000295ae       _CreateFontIndirectW@4     1002a5ae f   gdi32:GDI32.dll
 0001:000295b4       _RegCloseKey@4             1002a5b4 f   advapi32:ADVAPI32.dll
 0001:000295ba       _RegQueryValueExW@24       1002a5ba f   advapi32:ADVAPI32.dll
 0001:000295c0       _RegOpenKeyExW@20          1002a5c0 f   advapi32:ADVAPI32.dll
 0001:000295c6       _RegCreateKeyExW@36        1002a5c6 f   advapi32:ADVAPI32.dll
 0001:000295cc       _FreeSid@4                 1002a5cc f   advapi32:ADVAPI32.dll
 0001:000295d2       _CheckTokenMembership@12   1002a5d2 f   advapi32:ADVAPI32.dll
 0001:000295d8       _AllocateAndInitializeSid@44 1002a5d8 f   advapi32:ADVAPI32.dll
 0001:000295de       _ConvertSidToStringSidW@8  1002a5de f   advapi32:ADVAPI32.dll
 0001:000295e4       _GetTokenInformation@20    1002a5e4 f   advapi32:ADVAPI32.dll
 0001:000295ea       _OpenProcessToken@12       1002a5ea f   advapi32:ADVAPI32.dll
 0001:000295f0       _RegEnumKeyExW@32          1002a5f0 f   advapi32:ADVAPI32.dll
 0001:000295f6       _SHGetFolderPathW@20       1002a5f6 f   shell32:SHELL32.dll
 0001:000295fc       _VerQueryValueW@16         1002a5fc f   version:VERSION.dll
 0001:00029602       _GetFileVersionInfoW@16    1002a602 f   version:VERSION.dll
 0001:00029608       _GetFileVersionInfoSizeW@8 1002a608 f   version:VERSION.dll
 0001:00029610       __alloca_probe             1002a610     LIBCMT:chkstk.obj
 0001:00029610       __chkstk                   1002a610 f   LIBCMT:chkstk.obj
 0001:00029640       _memset                    1002a640 f   LIBCMT:memset.obj
 0001:0002ac30       _memcmp                    1002bc30 f   LIBCMT:memcmp.obj
 0001:0002c2b0       _memcpy                    1002d2b0 f   LIBCMT:memcpy.obj
 0001:0002c615       _wcsrchr                   1002d615 f   LIBCMT:wcsrchr.obj
 0001:0002c650       _memmove                   1002d650 f   LIBCMT:memmove.obj
 0001:0002c9b5       _wcschr                    1002d9b5 f   LIBCMT:wcschr.obj
 0001:0002c9db       _wcsstr                    1002d9db f   LIBCMT:wcsstr.obj
 0001:0002ca40       __ftol2_sse                1002da40 f   LIBCMT:ftol2.obj
 0001:0002ca49       __ftol2_pentium4           1002da49 f   LIBCMT:ftol2.obj
 0001:0002ca5c       __ftol2_sse_excpt          1002da5c f   LIBCMT:ftol2.obj
 0001:0002ca76       __ftol2                    1002da76 f   LIBCMT:ftol2.obj
 0001:0002cb00       _strchr                    1002db00 f   LIBCMT:strchr.obj
 0001:0002cb06       ___from_strstr_to_strchr   1002db06     LIBCMT:strchr.obj
 0001:0002cbbe       _wcsncmp                   1002dbbe f   LIBCMT:wcsncmp.obj
 0001:0002cc00       _strrchr                   1002dc00 f   LIBCMT:strrchr.obj
 0001:0002cc2d       _wcspbrk                   1002dc2d f   LIBCMT:wcspbrk.obj
 0001:0002ccc7       __VEC_memzero              1002dcc7 f   LIBCMT:p4_memset.obj
 0001:0002cda6       __get_sse2_info            1002dda6 f   LIBCMT:cpu_disp.obj
 0001:0002ce08       ___sse2_available_init     1002de08 f   LIBCMT:cpu_disp.obj
 0001:0002ce9c       __VEC_memcpy               1002de9c f   LIBCMT:p4_memcpy.obj
 0001:0002cf80       __SEH_prolog4              1002df80 f   LIBCMT:sehprolg4.obj
 0001:0002cfc5       __SEH_epilog4              1002dfc5 f   LIBCMT:sehprolg4.obj
 0001:0002d010       __except_handler4          1002e010 f   LIBCMT:chandler4.obj
 0001:0002d19c       @__security_check_cookie@4 1002e19c f   LIBCMT:secchk.obj
 0001:0002d1ac       __local_unwind4            1002e1ac f   LIBCMT:exsup4.obj
 0001:0002d282       __seh_longjmp_unwind4@4    1002e282 f   LIBCMT:exsup4.obj
 0001:0002d29e       @_EH4_CallFilterFunc@8     1002e29e f   LIBCMT:exsup4.obj
 0001:0002d2b5       @_EH4_TransferToHandler@8  1002e2b5 f   LIBCMT:exsup4.obj
 0001:0002d2ce       @_EH4_GlobalUnwind@4       1002e2ce f   LIBCMT:exsup4.obj
 0001:0002d2e8       @_EH4_LocalUnwind@16       1002e2e8 f   LIBCMT:exsup4.obj
 0001:0002d300       __ValidateImageBase        1002e300 f   LIBCMT:pesect.obj
 0001:0002d340       __FindPESection            1002e340 f   LIBCMT:pesect.obj
 0001:0002d390       __IsNonwritableInCurrentImage 1002e390 f   LIBCMT:pesect.obj
 0001:0002d44d       ___report_gsfailure        1002e44d f   LIBCMT:gs_report.obj
 0001:0002d554       __global_unwind2           1002e554 f   LIBCMT:exsup.obj
 0001:0002d5b9       __local_unwind2            1002e5b9 f   LIBCMT:exsup.obj
 0001:0002d63d       __abnormal_termination     1002e63d f   LIBCMT:exsup.obj
 0001:0002d660       __NLG_Notify1              1002e660 f   LIBCMT:exsup.obj
 0001:0002d669       __NLG_Notify               1002e669 f   LIBCMT:exsup.obj
 0001:0002d680       __NLG_Dispatch2            1002e680     LIBCMT:exsup.obj
 0001:0002d680       __NLG_Dispatch             1002e680     LIBCMT:exsup.obj
 0001:0002d688       __NLG_Call                 1002e688 f   LIBCMT:exsup.obj
 0001:0002d68a       __NLG_Return2              1002e68a     LIBCMT:exsup.obj
 0001:0002d68b       __crt_debugger_hook        1002e68b f   LIBCMT:dbghook.obj
 0001:0002d694       _RtlUnwind@16              1002e694 f   kernel32:KERNEL32.dll
 0001:0002d69a       _UnhandledExceptionFilter@4 1002e69a f   kernel32:KERNEL32.dll
 0001:0002d6a0       _SetUnhandledExceptionFilter@4 1002e6a0 f   kernel32:KERNEL32.dll
 0002:00000000       __imp__OpenProcessToken@12 1002f000     advapi32:ADVAPI32.dll
 0002:00000004       __imp__GetTokenInformation@20 1002f004     advapi32:ADVAPI32.dll
 0002:00000008       __imp__ConvertSidToStringSidW@8 1002f008     advapi32:ADVAPI32.dll
 0002:0000000c       __imp__AllocateAndInitializeSid@44 1002f00c     advapi32:ADVAPI32.dll
 0002:00000010       __imp__CheckTokenMembership@12 1002f010     advapi32:ADVAPI32.dll
 0002:00000014       __imp__FreeSid@4           1002f014     advapi32:ADVAPI32.dll
 0002:00000018       __imp__RegCreateKeyExW@36  1002f018     advapi32:ADVAPI32.dll
 0002:0000001c       __imp__RegOpenKeyExW@20    1002f01c     advapi32:ADVAPI32.dll
 0002:00000020       __imp__RegQueryValueExW@24 1002f020     advapi32:ADVAPI32.dll
 0002:00000024       __imp__RegCloseKey@4       1002f024     advapi32:ADVAPI32.dll
 0002:00000028       __imp__RegEnumKeyExW@32    1002f028     advapi32:ADVAPI32.dll
 0002:0000002c       \177ADVAPI32_NULL_THUNK_DATA 1002f02c     advapi32:ADVAPI32.dll
 0002:00000030       __imp__GetTextMetricsW@8   1002f030     gdi32:GDI32.dll
 0002:00000034       __imp__GetDeviceCaps@8     1002f034     gdi32:GDI32.dll
 0002:00000038       __imp__CreateEnhMetaFileW@16 1002f038     gdi32:GDI32.dll
 0002:0000003c       __imp__CreateCompatibleDC@4 1002f03c     gdi32:GDI32.dll
 0002:00000040       __imp__CreateDIBSection@24 1002f040     gdi32:GDI32.dll
 0002:00000044       __imp__CreateSolidBrush@4  1002f044     gdi32:GDI32.dll
 0002:00000048       __imp__DeleteObject@4      1002f048     gdi32:GDI32.dll
 0002:0000004c       __imp__DeleteDC@4          1002f04c     gdi32:GDI32.dll
 0002:00000050       __imp__SelectObject@8      1002f050     gdi32:GDI32.dll
 0002:00000054       __imp__GdiFlush@0          1002f054     gdi32:GDI32.dll
 0002:00000058       __imp__CloseEnhMetaFile@4  1002f058     gdi32:GDI32.dll
 0002:0000005c       __imp__CreateFontIndirectW@4 1002f05c     gdi32:GDI32.dll
 0002:00000060       __imp__DeleteEnhMetaFile@4 1002f060     gdi32:GDI32.dll
 0002:00000064       __imp__GetEnhMetaFileBits@12 1002f064     gdi32:GDI32.dll
 0002:00000068       \177GDI32_NULL_THUNK_DATA  1002f068     gdi32:GDI32.dll
 0002:0000006c       __imp__GetConsoleScreenBufferInfo@8 1002f06c     kernel32:KERNEL32.dll
 0002:00000070       __imp__SuspendThread@4     1002f070     kernel32:KERNEL32.dll
 0002:00000074       __imp__ResumeThread@4      1002f074     kernel32:KERNEL32.dll
 0002:00000078       __imp__TerminateProcess@8  1002f078     kernel32:KERNEL32.dll
 0002:0000007c       __imp__GetCurrentProcess@0 1002f07c     kernel32:KERNEL32.dll
 0002:00000080       __imp__GetEnvironmentVariableW@12 1002f080     kernel32:KERNEL32.dll
 0002:00000084       __imp__CreateThread@24     1002f084     kernel32:KERNEL32.dll
 0002:00000088       __imp__CreateSemaphoreW@16 1002f088     kernel32:KERNEL32.dll
 0002:0000008c       __imp__CreateEventW@16     1002f08c     kernel32:KERNEL32.dll
 0002:00000090       __imp__CloseHandle@4       1002f090     kernel32:KERNEL32.dll
 0002:00000094       __imp__OpenFileMappingW@12 1002f094     kernel32:KERNEL32.dll
 0002:00000098       __imp__VirtualProtect@16   1002f098     kernel32:KERNEL32.dll
 0002:0000009c       __imp__MapViewOfFile@20    1002f09c     kernel32:KERNEL32.dll
 0002:000000a0       __imp__CreateFileMappingW@24 1002f0a0     kernel32:KERNEL32.dll
 0002:000000a4       __imp__lstrcmpW@8          1002f0a4     kernel32:KERNEL32.dll
 0002:000000a8       __imp__lstrcpynW@12        1002f0a8     kernel32:KERNEL32.dll
 0002:000000ac       __imp__lstrcmpiW@8         1002f0ac     kernel32:KERNEL32.dll
 0002:000000b0       __imp__Module32NextW@8     1002f0b0     kernel32:KERNEL32.dll
 0002:000000b4       __imp__Module32FirstW@8    1002f0b4     kernel32:KERNEL32.dll
 0002:000000b8       __imp__CreateToolhelp32Snapshot@8 1002f0b8     kernel32:KERNEL32.dll
 0002:000000bc       __imp__UnmapViewOfFile@4   1002f0bc     kernel32:KERNEL32.dll
 0002:000000c0       __imp__TerminateThread@8   1002f0c0     kernel32:KERNEL32.dll
 0002:000000c4       __imp__SetConsoleTitleW@4  1002f0c4     kernel32:KERNEL32.dll
 0002:000000c8       __imp__GetConsoleTitleW@8  1002f0c8     kernel32:KERNEL32.dll
 0002:000000cc       __imp__WideCharToMultiByte@32 1002f0cc     kernel32:KERNEL32.dll
 0002:000000d0       __imp__DeleteFileW@4       1002f0d0     kernel32:KERNEL32.dll
 0002:000000d4       __imp__CreateProcessW@40   1002f0d4     kernel32:KERNEL32.dll
 0002:000000d8       __imp__GetExitCodeProcess@8 1002f0d8     kernel32:KERNEL32.dll
 0002:000000dc       __imp__SetConsoleMode@8    1002f0dc     kernel32:KERNEL32.dll
 0002:000000e0       __imp__GetConsoleMode@8    1002f0e0     kernel32:KERNEL32.dll
 0002:000000e4       __imp__GetConsoleCursorInfo@8 1002f0e4     kernel32:KERNEL32.dll
 0002:000000e8       __imp__Thread32Next@8      1002f0e8     kernel32:KERNEL32.dll
 0002:000000ec       __imp__Thread32First@8     1002f0ec     kernel32:KERNEL32.dll
 0002:000000f0       __imp__ExpandEnvironmentStringsW@12 1002f0f0     kernel32:KERNEL32.dll
 0002:000000f4       __imp__lstrcmpA@8          1002f0f4     kernel32:KERNEL32.dll
 0002:000000f8       __imp__MultiByteToWideChar@24 1002f0f8     kernel32:KERNEL32.dll
 0002:000000fc       __imp__lstrlenA@4          1002f0fc     kernel32:KERNEL32.dll
 0002:00000100       __imp__lstrcpynA@12        1002f100     kernel32:KERNEL32.dll
 0002:00000104       __imp__GetCurrentDirectoryW@8 1002f104     kernel32:KERNEL32.dll
 0002:00000108       __imp__lstrcpyA@8          1002f108     kernel32:KERNEL32.dll
 0002:0000010c       __imp__DisconnectNamedPipe@4 1002f10c     kernel32:KERNEL32.dll
 0002:00000110       __imp__SetThreadPriority@8 1002f110     kernel32:KERNEL32.dll
 0002:00000114       __imp__Sleep@4             1002f114     kernel32:KERNEL32.dll
 0002:00000118       __imp__FlushFileBuffers@4  1002f118     kernel32:KERNEL32.dll
 0002:0000011c       __imp__ReadFile@20         1002f11c     kernel32:KERNEL32.dll
 0002:00000120       __imp__GetOverlappedResult@16 1002f120     kernel32:KERNEL32.dll
 0002:00000124       __imp__WriteFile@20        1002f124     kernel32:KERNEL32.dll
 0002:00000128       __imp__ConnectNamedPipe@8  1002f128     kernel32:KERNEL32.dll
 0002:0000012c       __imp__CreateNamedPipeW@32 1002f12c     kernel32:KERNEL32.dll
 0002:00000130       __imp__InterlockedIncrement@4 1002f130     kernel32:KERNEL32.dll
 0002:00000134       __imp__GetFileInformationByHandle@8 1002f134     kernel32:KERNEL32.dll
 0002:00000138       __imp__CreateFileW@28      1002f138     kernel32:KERNEL32.dll
 0002:0000013c       __imp__ReadProcessMemory@20 1002f13c     kernel32:KERNEL32.dll
 0002:00000140       __imp__FreeLibrary@4       1002f140     kernel32:KERNEL32.dll
 0002:00000144       __imp__GetVersionExW@4     1002f144     kernel32:KERNEL32.dll
 0002:00000148       __imp__SearchPathW@24      1002f148     kernel32:KERNEL32.dll
 0002:0000014c       __imp__DebugBreak@0        1002f14c     kernel32:KERNEL32.dll
 0002:00000150       __imp__SetNamedPipeHandleState@16 1002f150     kernel32:KERNEL32.dll
 0002:00000154       __imp__WaitNamedPipeW@8    1002f154     kernel32:KERNEL32.dll
 0002:00000158       __imp__TransactNamedPipe@28 1002f158     kernel32:KERNEL32.dll
 0002:0000015c       __imp__GetConsoleWindow@0  1002f15c     kernel32:KERNEL32.dll
 0002:00000160       __imp__HeapCreate@12       1002f160     kernel32:KERNEL32.dll
 0002:00000164       __imp__HeapDestroy@4       1002f164     kernel32:KERNEL32.dll
 0002:00000168       __imp__HeapAlloc@12        1002f168     kernel32:KERNEL32.dll
 0002:0000016c       __imp__HeapReAlloc@16      1002f16c     kernel32:KERNEL32.dll
 0002:00000170       __imp__HeapFree@12         1002f170     kernel32:KERNEL32.dll
 0002:00000174       __imp__HeapValidate@12     1002f174     kernel32:KERNEL32.dll
 0002:00000178       __imp__LocalFree@4         1002f178     kernel32:KERNEL32.dll
 0002:0000017c       __imp__LocalAlloc@8        1002f17c     kernel32:KERNEL32.dll
 0002:00000180       __imp__SetConsoleWindowInfo@12 1002f180     kernel32:KERNEL32.dll
 0002:00000184       __imp__GetConsoleOutputCP@0 1002f184     kernel32:KERNEL32.dll
 0002:00000188       __imp__GetFileSizeEx@8     1002f188     kernel32:KERNEL32.dll
 0002:0000018c       __imp__FindClose@4         1002f18c     kernel32:KERNEL32.dll
 0002:00000190       __imp__FindNextFileW@8     1002f190     kernel32:KERNEL32.dll
 0002:00000194       __imp__FindFirstFileW@8    1002f194     kernel32:KERNEL32.dll
 0002:00000198       __imp__CreateDirectoryW@8  1002f198     kernel32:KERNEL32.dll
 0002:0000019c       __imp__OpenProcess@12      1002f19c     kernel32:KERNEL32.dll
 0002:000001a0       __imp__Process32NextW@8    1002f1a0     kernel32:KERNEL32.dll
 0002:000001a4       __imp__Process32FirstW@8   1002f1a4     kernel32:KERNEL32.dll
 0002:000001a8       __imp__IsBadReadPtr@8      1002f1a8     kernel32:KERNEL32.dll
 0002:000001ac       __imp__GetFullPathNameW@16 1002f1ac     kernel32:KERNEL32.dll
 0002:000001b0       __imp__GetModuleFileNameA@12 1002f1b0     kernel32:KERNEL32.dll
 0002:000001b4       __imp__OpenEventW@12       1002f1b4     kernel32:KERNEL32.dll
 0002:000001b8       __imp__InitializeCriticalSection@4 1002f1b8     kernel32:KERNEL32.dll
 0002:000001bc       __imp__DeleteCriticalSection@4 1002f1bc     kernel32:KERNEL32.dll
 0002:000001c0       __imp__EnterCriticalSection@4 1002f1c0     kernel32:KERNEL32.dll
 0002:000001c4       __imp__LeaveCriticalSection@4 1002f1c4     kernel32:KERNEL32.dll
 0002:000001c8       __imp__TryEnterCriticalSection@4 1002f1c8     kernel32:KERNEL32.dll
 0002:000001cc       __imp__OpenThread@12       1002f1cc     kernel32:KERNEL32.dll
 0002:000001d0       __imp__GetLocalTime@4      1002f1d0     kernel32:KERNEL32.dll
[...]
 0002:00003b00       ??_C@_1EC@JJDLIEIL@?$AAA?$AAc?$AAt?$AAi?$AAv?$AAe?$AA?5?$AAc?$AAo?$AAn?$AAs?$AAo?$AAl?$AAe?$AA?5?$AAl?$AAa?$AAy?$AAo?$AAu?$AAt?$AA?5?$AAn?$AAa?$AAm?$AAe?$AA?3?$AA?5?$AA?8?$AA?$CF?$AAs?$AA?8@ 10032b00     WinObjects.obj
 0002:00003b44       ??_C@_0BO@KDJDCIBJ@GetConsoleKeyboardLayoutNameW?$AA@ 10032b44     WinObjects.obj
 0002:00003b68       ??_C@_1CGI@DFIMAEBM@?$AAS?$AAt?$AAa?$AAr?$AAt?$AAu?$AAp?$AA?5?$AAi?$AAn?$AAf?$AAo?$AA?$AN?$AA?6?$AA?7?$AAO?$AAs?$AAV?$AAe?$AAr?$AA?3?$AA?5?$AA?$CF?$AAu?$AA?4?$AA?$CF?$AAu?$AA?4?$AA?$CF?$AAu?$AA?4?$AAx@ 10032b68     WinObjects.obj
 0002:00003dd0       ??_C@_1EO@MPDKFAPM@?$AAL?$AAo?$AAg?$AAS?$AAt?$AAa?$AAr?$AAt?$AAE?$AAn?$AAv?$AA?5?$AAf?$AAa?$AAi?$AAl?$AAe?$AAd?$AA?0?$AA?5?$AAi?$AAn?$AAv?$AAa?$AAl?$AAi?$AAd?$AA?5?$AAa?$AAp?$AAS?$AAt@ 10032dd0     WinObjects.obj
 0002:00003e20       ??_7CToolTip@@6B@          10032e20     WinObjects.obj
 0002:00003e24       ??_C@_1CC@KPOKNCMJ@?$AAt?$AAo?$AAo?$AAl?$AAt?$AAi?$AAp?$AAs?$AA_?$AAc?$AAl?$AAa?$AAs?$AAs?$AA3?$AA2?$AA?$AA@ 10032e24     WinObjects.obj
 0002:00003e48       ??_C@_1FA@BFJDIMLC@?$AAC?$AA?3?$AA?2?$AAP?$AAr?$AAo?$AAg?$AAr?$AAa?$AAm?$AA?5?$AAF?$AAi?$AAl?$AAe?$AAs?$AA?2?$AAJ?$AAP?$AAS?$AAo?$AAf?$AAt?$AA?2?$AAT?$AAC?$AAC?$AAL?$AAE?$AA1?$AA3?$AA?2@ 10032e48     WinObjects.obj
 0002:00003e98       ??_C@_1EO@GBOKIPHE@?$AAC?$AA?3?$AA?2?$AAP?$AAr?$AAo?$AAg?$AAr?$AAa?$AAm?$AA?5?$AAF?$AAi?$AAl?$AAe?$AAs?$AA?2?$AAJ?$AAP?$AAS?$AAo?$AAf?$AAt?$AA?2?$AAT?$AAC?$AAM?$AAD?$AA1?$AA3?$AA?2?$AAt@ 10032e98     WinObjects.obj
 0002:00003ee8       ??_C@_1CA@CBMLAMC@?$AAI?$AAn?$AAs?$AAt?$AAa?$AAl?$AAl?$AAL?$AAo?$AAc?$AAa?$AAt?$AAi?$AAo?$AAn?$AA?$AA@ 10032ee8     WinObjects.obj
 0002:00003f08       ??_C@_1BI@NAAHPGNK@?$AAJ?$AAP?$AA?5?$AAS?$AAo?$AAf?$AAt?$AAw?$AAa?$AAr?$AAe?$AA?$AA@ 10032f08     WinObjects.obj
 0002:00003f20       ??_C@_1BE@CCMLAJPM@?$AAP?$AAu?$AAb?$AAl?$AAi?$AAs?$AAh?$AAe?$AAr?$AA?$AA@ 10032f20     WinObjects.obj
 0002:00003f38       ??_C@_1GI@BAAGFBH@?$AAS?$AAO?$AAF?$AAT?$AAW?$AAA?$AAR?$AAE?$AA?2?$AAM?$AAi?$AAc?$AAr?$AAo?$AAs?$AAo?$AAf?$AAt?$AA?2?$AAW?$AAi?$AAn?$AAd?$AAo?$AAw?$AAs?$AA?2?$AAC?$AAu?$AAr?$AAr?$AAe@ 10032f38     WinObjects.obj
 0002:00003fa0       ??_C@_1BE@BGAOJFLF@?$AA?2?$AAt?$AAc?$AAm?$AAd?$AA?4?$AAe?$AAx?$AAe?$AA?$AA@ 10032fa0     WinObjects.obj
 0002:00003fb4       ??_C@_1CK@HMKJOJBO@?$AAS?$AAO?$AAF?$AAT?$AAW?$AAA?$AAR?$AAE?$AA?2?$AAJ?$AAP?$AA?5?$AAS?$AAo?$AAf?$AAt?$AAw?$AAa?$AAr?$AAe?$AA?$AA@ 10032fb4     WinObjects.obj
 0002:00003fe0       ??_C@_1DA@EMHAGABM@?$AA?$CF?$AAC?$AAo?$AAn?$AAE?$AAm?$AAu?$AAB?$AAa?$AAs?$AAe?$AAD?$AAi?$AAr?$AA?$CF?$AA?2?$AAt?$AAc?$AAc?$AA?4?$AAe?$AAx?$AAe?$AA?$AA@ 10032fe0     WinObjects.obj
 0002:00004010       ??_C@_13PJJBFPED@?$AA?$DL?$AA?$AA@ 10033010     WinObjects.obj
 0002:00004014       ??_C@_1CE@ECCAMEKN@?$AA?2?$AAS?$AAy?$AAs?$AAW?$AAO?$AAW?$AA6?$AA4?$AA?2?$AAc?$AAm?$AAd?$AA?4?$AAe?$AAx?$AAe?$AA?$AA@ 10033014     WinObjects.obj
 0002:00004038       ??_C@_1CC@PDLBBEEF@?$AAS?$AAy?$AAs?$AAW?$AAO?$AAW?$AA6?$AA4?$AA?2?$AAc?$AAm?$AAd?$AA?4?$AAe?$AAx?$AAe?$AA?$AA@ 10033038     WinObjects.obj
 0002:0000405c       ??_C@_1CE@PMNGKNKL@?$AA?2?$AAS?$AAy?$AAs?$AAt?$AAe?$AAm?$AA3?$AA2?$AA?2?$AAc?$AAm?$AAd?$AA?4?$AAe?$AAx?$AAe?$AA?$AA@ 1003305c     WinObjects.obj
 0002:00004080       ??_C@_1CC@ENEHHNED@?$AAS?$AAy?$AAs?$AAt?$AAe?$AAm?$AA3?$AA2?$AA?2?$AAc?$AAm?$AAd?$AA?4?$AAe?$AAx?$AAe?$AA?$AA@ 10033080     WinObjects.obj
 0002:000040a4       ??_C@_1CK@OLMGMMDO@?$AAC?$AAo?$AAn?$AAE?$AAm?$AAu?$AAS?$AAl?$AAe?$AAe?$AAp?$AAI?$AAn?$AAd?$AAi?$AAc?$AAa?$AAt?$AAo?$AAr?$AA?$AA@ 100330a4     WinObjects.obj
 0002:000040d8       __load_config_used         100330d8     LIBCMT:loadcfg.obj
 0002:000041a0       ___safe_se_handler_table   100331a0     <linker-defined>
 0002:000041ec       __IMPORT_DESCRIPTOR_KERNEL32 100331ec     kernel32:KERNEL32.dll
 0002:00004200       __IMPORT_DESCRIPTOR_USER32 10033200     user32:USER32.dll
 0002:00004214       __IMPORT_DESCRIPTOR_GDI32  10033214     gdi32:GDI32.dll
 0002:00004228       __IMPORT_DESCRIPTOR_ADVAPI32 10033228     advapi32:ADVAPI32.dll
 0002:0000423c       __IMPORT_DESCRIPTOR_SHELL32 1003323c     shell32:SHELL32.dll
 0002:00004250       __IMPORT_DESCRIPTOR_VERSION 10033250     version:VERSION.dll
 0002:00004264       __NULL_IMPORT_DESCRIPTOR   10033264     kernel32:KERNEL32.dll
 0003:00000000       ?gnPluginOpenFrom@@3HA     10035000     ConEmuPlugin.obj
 0003:00000004       ?gnReqCommand@@3KA         10035004     ConEmuPlugin.obj
 0003:00000008       ?lastModifiedStateW@@3HA   10035008     ConEmuPlugin.obj
 0003:0000000c       ?gFarMode@@3UHookModeFar@@A 1003500c     ConEmuPlugin.obj
 0003:00000028       ?gpPluginMenu@@3PAUPluginAndMenuCommands@@A 10035028     ConEmuPlugin.obj
 0003:000000e0       ?Far3Func@@3PAUExportFunc@@A 100350e0     ConEmuPlugin.obj
 0003:00000128       ?guid_ConEmu@@3U_GUID@@A   10035128     ConEmuPlugin2800.obj
 0003:00000138       ?guid_ConEmuPluginItems@@3U_GUID@@A 10035138     ConEmuPlugin2800.obj
 0003:00000148       ?guid_ConEmuPluginMenu@@3U_GUID@@A 10035148     ConEmuPlugin2800.obj
 0003:00000158       ?guid_ConEmuGuiMacroDlg@@3U_GUID@@A 10035158     ConEmuPlugin2800.obj
 0003:00000168       ?guid_ConEmuWaitEndSynchro@@3U_GUID@@A 10035168     ConEmuPlugin2800.obj
 0003:00000178       ?gsInternalCommands@@3PB_WB 10035178     WinObjects.obj
 0003:00000180       ___security_cookie         10035180     LIBCMT:gs_cookie.obj
 0003:00000184       ___security_cookie_complement 10035184     LIBCMT:gs_cookie.obj
 0003:00000188       __NLG_Destination          10035188     LIBCMT:exsup.obj
 0003:00000198       ?ghHooksModule@@3PAUHINSTANCE__@@A 10035198     ConEmuInjects.obj
 0003:0000019c       ?gbHooksModuleLoaded@@3HA  1003519c     ConEmuInjects.obj
 0003:000001a0       ?SetHookCallbacks@@3P6G_NPBDPB_WPAUHINSTANCE__@@P6GHPAUHookCallbackArg@@@ZP6GX3@Z5@ZA 100351a0     ConEmuInjects.obj
 0003:000001a4       ?SetLoadLibraryCallback@@3P6GXPAUHINSTANCE__@@P6GX0@Z1@ZA 100351a4     ConEmuInjects.obj
 0003:000001a8       ?SetFarHookMode@@3P6GXPAUHookModeFar@@@ZA 100351a8     ConEmuInjects.obj
 0003:000001b0       ?gszDir2@@3PA_WA           100351b0     ConEmuPlugin.obj
 0003:000009b0       ?gpConMap@@3PAV?$MFileMapping@UCESERVER_CONSOLE_MAPPING_HDR@@@@A 100359b0     ConEmuPlugin.obj
 0003:000009b8       ?gszRootKey@@3PA_WA        100359b8     ConEmuPlugin.obj
 0003:00000dc8       ?gsbiDetached@@3U_CONSOLE_SCREEN_BUFFER_INFO@@A 10035dc8     ConEmuPlugin.obj
 0003:00000de0       ?gszDir1@@3PA_WA           10035de0     ConEmuPlugin.obj
 0003:000015e0       ?ghPluginModule@@3PAUHINSTANCE__@@A 100365e0     ConEmuPlugin.obj
 0003:000015e4       ?ConEmuHwnd@@3PAUHWND__@@A 100365e4     ConEmuPlugin.obj
 0003:000015e8       ?gdwPreDetachGuiPID@@3KA   100365e8     ConEmuPlugin.obj
 0003:000015ec       ?gdwServerPID@@3KA         100365ec     ConEmuPlugin.obj
 0003:000015f0       ?TerminalMode@@3HA         100365f0     ConEmuPlugin.obj
 0003:000015f4       ?FarHwnd@@3PAUHWND__@@A    100365f4     ConEmuPlugin.obj
 0003:000015f8       ?gnMainThreadId@@3KA       100365f8     ConEmuPlugin.obj
 0003:000015fc       ?gnMainThreadIdInitial@@3KA 100365fc     ConEmuPlugin.obj
 0003:00001600       ?ghMonitorThread@@3PAXA    10036600     ConEmuPlugin.obj
 0003:00001604       ?gnMonitorThreadId@@3KA    10036604     ConEmuPlugin.obj
 0003:00001608       ?ghSetWndSendTabsEvent@@3PAXA 10036608     ConEmuPlugin.obj
 0003:0000160c       ?gFarVersion@@3UFarVersion@@A 1003660c     ConEmuPlugin.obj
 0003:00001614       ?maxTabCount@@3HA          10036614     ConEmuPlugin.obj
 0003:00001618       ?lastWindowCount@@3HA      10036618     ConEmuPlugin.obj
 0003:0000161c       ?gnCurTabCount@@3HA        1003661c     ConEmuPlugin.obj
 0003:00001620       ?gpTabs@@3PAUCESERVER_REQ@@A 10036620     ConEmuPlugin.obj
 0003:00001624       ?gbIgnoreUpdateTabs@@3HA   10036624     ConEmuPlugin.obj
 0003:00001628       ?gbRequestUpdateTabs@@3HA  10036628     ConEmuPlugin.obj
 0003:0000162c       ?gbClosingModalViewerEditor@@3HA 1003662c     ConEmuPlugin.obj
 0003:00001630       ?gLastMouseReadEvent@@3U_MOUSE_EVENT_RECORD@@A 10036630     ConEmuPlugin.obj
 0003:00001640       ?gbUngetDummyMouseEvent@@3HA 10036640     ConEmuPlugin.obj
 0003:00001644       ?gnAllowDummyMouseEvent@@3JA 10036644     ConEmuPlugin.obj
 0003:00001648       ?gnDummyMouseEventFromMacro@@3JA 10036648     ConEmuPlugin.obj
 0003:0000164c       ?csData@@3PAVMSection@@A   1003664c     ConEmuPlugin.obj
 0003:00001650       ?gpCmdRet@@3PAUCESERVER_REQ@@A 10036650     ConEmuPlugin.obj
 0003:00001654       ?gpData@@3PAEA             10036654     ConEmuPlugin.obj
 0003:00001658       ?gpCursor@@3PAEA           10036658     ConEmuPlugin.obj
 0003:0000165c       ?gnDataSize@@3KA           1003665c     ConEmuPlugin.obj
 0003:00001660       ?gpReqCommandData@@3PAXA   10036660     ConEmuPlugin.obj
 0003:0000166c       ?gnMsgTabChanged@@3IA      1003666c     ConEmuPlugin.obj
 0003:00001670       ?csTabs@@3PAVMSection@@A   10036670     ConEmuPlugin.obj
 0003:00001674       ?gbPlugKeyChanged@@3HA     10036674     ConEmuPlugin.obj
 0003:00001678       ?ghRegMonitorKey@@3PAUHKEY__@@A 10036678     ConEmuPlugin.obj
 0003:0000167c       ?ghRegMonitorEvt@@3PAXA    1003667c     ConEmuPlugin.obj
 0003:00001680       ?ghPluginSemaphore@@3PAXA  10036680     ConEmuPlugin.obj
 0003:00001684       ?gbNeedPostTabSend@@3HA    10036684     ConEmuPlugin.obj
 0003:00001688       ?gsFarLang@@3PA_WA         10036688     ConEmuPlugin.obj
 0003:00001708       ?gbNeedPostEditCheck@@3HA  10036708     ConEmuPlugin.obj
 0003:0000170c       ?gbNeedPostReloadFarInfo@@3HA 1003670c     ConEmuPlugin.obj
 0003:00001710       ?gnNeedPostTabSendTick@@3KA 10036710     ConEmuPlugin.obj
 0003:00001714       ?gpConMapInfo@@3PBUCESERVER_CONSOLE_MAPPING_HDR@@B 10036714     ConEmuPlugin.obj
 0003:00001718       ?gbStartedUnderConsole2@@3HA 10036718     ConEmuPlugin.obj
 0003:0000171c       ?gnSelfPID@@3KA            1003671c     ConEmuPlugin.obj
 0003:00001720       ?ghFarInfoMapping@@3PAXA   10036720     ConEmuPlugin.obj
 0003:00001724       ?gpFarInfo@@3PAUCEFAR_INFO_MAPPING@@A 10036724     ConEmuPlugin.obj
 0003:00001728       ?gpFarInfoMapping@@3PAUCEFAR_INFO_MAPPING@@A 10036728     ConEmuPlugin.obj
 0003:0000172c       ?ghFarAliveEvent@@3PAXA    1003672c     ConEmuPlugin.obj
 0003:00001730       ?gPanelRegLeft@@3Utag_PanelViewRegInfo@@A 10036730     ConEmuPlugin.obj
 0003:00001748       ?gPanelRegRight@@3Utag_PanelViewRegInfo@@A 10036748     ConEmuPlugin.obj
 0003:00001760       ?ghConEmuCtrlPressed@@3PAXA 10036760     ConEmuPlugin.obj
 0003:00001764       ?ghConEmuShiftPressed@@3PAXA 10036764     ConEmuPlugin.obj
 0003:00001768       ?gbWaitConsoleInputEmpty@@3HA 10036768     ConEmuPlugin.obj
 0003:0000176c       ?gbWaitConsoleWrite@@3HA   1003676c     ConEmuPlugin.obj
 0003:00001770       ?ghConsoleInputEmpty@@3PAXA 10036770     ConEmuPlugin.obj
 0003:00001774       ?ghConsoleWrite@@3PAXA     10036774     ConEmuPlugin.obj
 0003:00001778       ?gnSynchroCount@@3HA       10036778     ConEmuPlugin.obj
 0003:0000177c       ?gbSynchroProhibited@@3_NA 1003677c     ConEmuPlugin.obj
 0003:0000177d       ?gbInputSynchroPending@@3_NA 1003677d     ConEmuPlugin.obj
 0003:00001780       ?gbInfoW_OK@@3HA           10036780     ConEmuPlugin.obj
 0003:00001784       ?gnPeekReadCount@@3KA      10036784     ConEmuPlugin.obj
 0003:00001788       ?gbExitFarCalled@@3HA      10036788     ConEmuPlugin.obj
 0003:00001794       ?gbWasDetached@@3HA        10036794     ConEmuPlugin.obj
 0003:000017a4       ?InfoW995@@3PAUPluginStartupInfo@@A 100367a4     ConEmuPlugin995.obj
 0003:000017a8       ?FSFW995@@3PAUFarStandardFunctions@@A 100367a8     ConEmuPlugin995.obj
 0003:000019b8       ?InfoW1900@@3PAUPluginStartupInfo@@A 100369b8     ConEmuPlugin1900.obj
 0003:000019bc       ?FSFW1900@@3PAUFarStandardFunctions@@A 100369bc     ConEmuPlugin1900.obj
 0003:00001bf8       ?LastIndex@?1??Color2FgIndex@Far3Color@@SIXKAAG@Z@4HA 10036bf8     ConEmuPlugin1900.obj
 0003:00001bfc       ?LastColor@?1??Color2FgIndex@Far3Color@@SIXKAAG@Z@4KA 10036bfc     ConEmuPlugin1900.obj
 0003:00001c00       ?LastIndex@?1??Color2BgIndex@Far3Color@@SIXKHAAG@Z@4HA 10036c00     ConEmuPlugin1900.obj
 0003:00001c04       ?LastColor@?1??Color2BgIndex@Far3Color@@SIXKHAAG@Z@4KA 10036c04     ConEmuPlugin1900.obj
 0003:00001c0c       ?InfoW2800@@3PAUPluginStartupInfo@@A 10036c0c     ConEmuPlugin2800.obj
 0003:00001c10       ?FSFW2800@@3PAUFarStandardFunctions@@A 10036c10     ConEmuPlugin2800.obj
 0003:00001e4c       ?InfoA@@3PAUPluginStartupInfo@@A 10036e4c     ConEmuPluginA.obj
 0003:00001e50       ?FSFA@@3PAUFarStandardFunctions@@A 10036e50     ConEmuPluginA.obj
 0003:00001f5c       ?gbNeedBgActivate@@3HA     10036f5c     PluginBackground.obj
 0003:00001f60       ?gbBgPluginsAllowed@@3HA   10036f60     PluginBackground.obj
 0003:00001f64       ?gpBgPlugin@@3PAVCPluginBackground@@A 10036f64     PluginBackground.obj
 0003:00001f68       ?gszPluginServerPipe@@3PA_WA 10036f68     PluginSrv.obj
 0003:00002170       ?gpPlugServer@@3PAU?$PipeServer@UCESERVER_REQ@@@@A 10037170     PluginSrv.obj
 0003:00002174       ?ghServerTerminateEvent@@3PAXA 10037174     PluginSrv.obj
 0003:00002178       ?gbInCommonShutdown@@3HA   10037178     Common.obj
 0003:0000217c       ?OnShutdownConsole@@3P6GXXZA 1003717c     Common.obj
 0003:00002180       ?gpLocalSecurity@@3PAU_SECURITY_ATTRIBUTES@@A 10037180     ConEmuCheck.obj
 0003:00002188       ?ghWorkingModule@@3_KA     10037188     ConEmuCheck.obj
 0003:000021dc       ?ghHeap@@3PAXA             100371dc     Memory.obj
 0003:000021e0       ?gNullDesc@@3PAVMNullDesc@@A 100371e0     MSecurity.obj
 0003:000021e4       ?gpConsoleInfoStr@@3PAU_CONSOLE_INFO@@A 100371e4     WinConsole.obj
 0003:000021e8       ?ghConsoleSection@@3PAXA   100371e8     WinConsole.obj
 0003:000021fc       ?Is_Window@@3P6GHPAUHWND__@@@ZA 100371fc     WinObjects.obj
 0003:0000253c       __debugger_hook_dummy      1003753c     <common>
 0003:00002540       __pDestructExceptionObject 10037540     <common>
 0003:00002544       ___sse2_available          10037544     <common>

 entry point at        0001:00001bd0

 Static symbols

 0001:00000570       ?StringValidateDestW@@YGJPB_WII@Z 10001570 f   ConEmuInjects.obj
 0001:000005a0       ?StringCopyWorkerW@@YGJPA_WIPAIPB_WI@Z 100015a0 f   ConEmuInjects.obj
 0001:00001db0       ?LoadFarVersion@@YI_NAAUFarVersion@@AAY0CAA@_W@Z 10002db0 f   ConEmuPlugin.obj
 0001:000032d0       ?StringValidateDestW@@YGJPB_WII@Z 100042d0 f   ConEmuPlugin.obj
 0001:00003300       ?StringValidateDestAndLengthW@@YGJPB_WIPAII@Z 10004300 f   ConEmuPlugin.obj
 0001:00003350       ?StringLengthWorkerW@@YGJPB_WIPAI@Z 10004350 f   ConEmuPlugin.obj
 0001:000033c0       ?StringCopyWorkerW@@YGJPA_WIPAIPB_WI@Z 100043c0 f   ConEmuPlugin.obj
 0001:00003470       ?ActivatePlugin@@YIHKPAXK@Z 10004470 f   ConEmuPlugin.obj
 0001:00003700       ?WaitPluginActivateion@@YIKKPAPAXHK@Z 10004700 f   ConEmuPlugin.obj
 0001:000043d0       ?ChangeExports@@YI_NPBUExportFunc@@PAUHINSTANCE__@@@Z 100053d0 f   ConEmuPlugin.obj
 0001:00009040       ?GetPanelDir@@YIPA_WPAX@Z  1000a040 f   ConEmuPlugin995.obj
 0001:0000aab0       ?LoadFarSettingsW995@@YIXPAUCEFarInterfaceSettings@@PAUCEFarPanelSettings@@@Z 1000bab0 f   ConEmuPlugin995.obj
 0001:0000aed0       ?CopyPanelInfoW@@YIXPAUPanelInfo@@PAUtag_BkPanelInfo@PaintBackgroundArg@@@Z 1000bed0 f   ConEmuPlugin995.obj
 0001:0000b0c0       ?CallGuiMacroProc@@YIXXZ   1000c0c0 f   ConEmuPlugin995.obj
 0001:0000b3e0       ?CallGuiMacroDlg@@YGJPAXHHJ@Z 1000c3e0 f   ConEmuPlugin995.obj
 0001:0000bea0       ?GetPanelDir@@YIPA_WPAX@Z  1000cea0 f   ConEmuPlugin1900.obj
 0001:0000e7f0       ?LoadFarSettingsW1900@@YIXPAUCEFarInterfaceSettings@@PAUCEFarPanelSettings@@@Z 1000f7f0 f   ConEmuPlugin1900.obj
 0001:0000e980       ?GetFarSetting@@YIHPAXIPB_W@Z 1000f980 f   ConEmuPlugin1900.obj
 0001:0000ee00       ?CopyPanelInfoW@@YIXPAUPanelInfo@@PAUtag_BkPanelInfo@PaintBackgroundArg@@@Z 1000fe00 f   ConEmuPlugin1900.obj
 0001:0000f0e0       ?CallGuiMacroProc@@YIXXZ   100100e0 f   ConEmuPlugin1900.obj
 0001:0000f490       ?CallGuiMacroDlg@@YGHPAXHH0@Z 10010490 f   ConEmuPlugin1900.obj
 0001:000100b0       ?GetPanelDir@@YIPA_WPAX@Z  100110b0 f   ConEmuPlugin2800.obj
 0001:000122d0       ?LoadFarSettingsW2800@@YIXPAUCEFarInterfaceSettings@@PAUCEFarPanelSettings@@@Z 100132d0 f   ConEmuPlugin2800.obj
 0001:00012460       ?GetFarSetting@@YIHPAXIPB_W@Z 10013460 f   ConEmuPlugin2800.obj
 0001:000128e0       ?CopyPanelInfoW@@YIXPAUPanelInfo@@PAUtag_BkPanelInfo@PaintBackgroundArg@@@Z 100138e0 f   ConEmuPlugin2800.obj
 0001:00012bc0       ?CallGuiMacroProc@@YIXXZ   10013bc0 f   ConEmuPlugin2800.obj
 0001:00012f00       ?CallGuiMacroDlg@@YGHPAXHH0@Z 10013f00 f   ConEmuPlugin2800.obj
 0001:00013280       ?MAKEFARVERSION@@YI?AUVersionInfo@@KKKKW4VERSION_STAGE@@@Z 10014280 f   ConEmuPlugin2800.obj
 0001:000154c0       ?LoadFarSettingsA@@YIXPAUCEFarInterfaceSettings@@PAUCEFarPanelSettings@@@Z 100164c0 f   ConEmuPluginA.obj
 0001:000157a0       ?CopyPanelInfo@@YIXPAUPanelInfo@@PAUtag_BkPanelInfo@PaintBackgroundArg@@@Z 100167a0 f   ConEmuPluginA.obj
 0001:000158f0       ?CallGuiMacroProc@@YIXXZ   100168f0 f   ConEmuPluginA.obj
 0001:00015ca0       ?CallGuiMacroDlg@@YGJPAXHHJ@Z 10016ca0 f   ConEmuPluginA.obj
 0001:000183b0       ?StringValidateDestW@@YGJPB_WII@Z 100193b0 f   PluginBackground.obj
 0001:000183e0       ?StringCopyWorkerW@@YGJPA_WIPAIPB_WI@Z 100193e0 f   PluginBackground.obj
 0001:0001a610       ?StringValidateDestW@@YGJPB_WII@Z 1001b610 f   PluginSrv.obj
 0001:0001a640       ?StringCopyWorkerW@@YGJPA_WIPAIPB_WI@Z 1001b640 f   PluginSrv.obj
 0001:0001bfb0       ?StringValidateDestW@@YGJPB_WII@Z 1001cfb0 f   Execute.obj
 0001:0001bfe0       ?StringCopyWorkerW@@YGJPA_WIPAIPB_WI@Z 1001cfe0 f   Execute.obj
 0001:0001cb40       ?StringValidateDestW@@YGJPB_WII@Z 1001db40 f   ConEmuCheck.obj
 0001:0001cb70       ?StringCopyWorkerW@@YGJPA_WIPAIPB_WI@Z 1001db70 f   ConEmuCheck.obj
 0001:0001dfd0       ?StringValidateDestW@@YGJPB_WII@Z 1001efd0 f   ConEmuCheckEx.obj
 0001:0001e000       ?StringCopyWorkerW@@YGJPA_WIPAIPB_WI@Z 1001f000 f   ConEmuCheckEx.obj
 0001:0001e130       ?StringValidateDestAndLengthW@@YGJPB_WIPAII@Z 1001f130 f   ConEmuCheckEx.obj
 0001:0001e180       ?StringLengthWorkerW@@YGJPB_WIPAI@Z 1001f180 f   ConEmuCheckEx.obj
 0001:0001e480       ?StringValidateDestA@@YGJPBDII@Z 1001f480 f   Memory.obj
 0001:0001e4b0       ?StringCopyWorkerA@@YGJPADIPAIPBDI@Z 1001f4b0 f   Memory.obj
 0001:0001e5c0       ?StringValidateDestW@@YGJPB_WII@Z 1001f5c0 f   Memory.obj
 0001:0001e5f0       ?StringCopyWorkerW@@YGJPA_WIPAIPB_WI@Z 1001f5f0 f   Memory.obj
 0001:00022ae0       ?StringValidateDestW@@YGJPB_WII@Z 10023ae0 f   WinObjects.obj
 0001:00022b10       ?StringCopyWorkerW@@YGJPA_WIPAIPB_WI@Z 10023b10 f   WinObjects.obj
 0001:000264e0       ?StringValidateDestAndLengthW@@YGJPB_WIPAII@Z 100274e0 f   WinObjects.obj
 0001:00026530       ?StringLengthWorkerW@@YGJPB_WIPAI@Z 10027530 f   WinObjects.obj
 0001:000296ba       _cmpResult                 1002a6ba f   LIBCMT:memcmp.obj
 0001:000296cc       _cmpBYTE                   1002a6cc f   LIBCMT:memcmp.obj
 0001:000296e4       _cmpWORD                   1002a6e4 f   LIBCMT:memcmp.obj
 0001:00029724       _cmpDWORD                  1002a724 f   LIBCMT:memcmp.obj
 0001:0002979c       _unaligned_memcmp          1002a79c f   LIBCMT:memcmp.obj
 0001:0002cc70       _fastzero_I                1002dc70 f   LIBCMT:p4_memset.obj
 0001:0002cd56       _has_osfxsr_set            1002dd56 f   LIBCMT:cpu_disp.obj
 0001:0002ce15       _fastcopy_I                1002de15 f   LIBCMT:p4_memcpy.obj
 0001:0002cfe0       _ValidateLocalCookies      1002dfe0 f   LIBCMT:chandler4.obj
 0001:0002d23c       __unwind_handler4          1002e23c f   LIBCMT:exsup4.obj
 0001:0002d574       __unwind_handler           1002e574 f   LIBCMT:exsup.obj
